../Core/Src/main.c:124:6:HAL_UART_RxCpltCallback	24	static
../Core/Src/main.c:202:5:configure_pins	56	static
../Core/Src/main.c:310:6:handle_inputs	24	static
../Core/Src/main.c:359:6:set_output	32	static
../Core/Src/main.c:411:6:process_command	32	static
../Core/Src/main.c:479:5:main	8	static
../Core/Src/main.c:551:6:SystemClock_Config	88	static
../Core/Src/main.c:599:13:MX_USART1_UART_Init	8	static
../Core/Src/main.c:632:13:MX_USART2_UART_Init	8	static
../Core/Src/main.c:665:13:MX_USART3_UART_Init	8	static
../Core/Src/main.c:698:13:MX_GPIO_Init	48	static
../Core/Src/main.c:764:6:Error_Handler	4	static,ignoring_inline_asm
