../Core/Src/main.c:131:6:HAL_UART_RxCpltCallback	13
../Core/Src/main.c:202:6:configure_input_pins	9
../Core/Src/main.c:256:6:configure_output_pins	9
../Core/Src/main.c:318:6:configure_reset_pins	9
../Core/Src/main.c:369:6:handle_inputs	16
../Core/Src/main.c:464:6:set_output	4
../Core/Src/main.c:505:6:reset_output_pins	4
../Core/Src/main.c:538:6:process_command	9
../Core/Src/main.c:592:5:main	4
../Core/Src/main.c:662:6:SystemClock_Config	3
../Core/Src/main.c:710:13:MX_USART1_UART_Init	2
../Core/Src/main.c:743:13:MX_USART2_UART_Init	2
../Core/Src/main.c:776:13:MX_USART3_UART_Init	2
../Core/Src/main.c:809:13:MX_GPIO_Init	1
../Core/Src/main.c:875:6:Error_Handler	1
