../Core/Src/main.c:124:6:HAL_UART_RxCpltCallback	13
../Core/Src/main.c:202:5:configure_pins	19
../Core/Src/main.c:310:6:handle_inputs	16
../Core/Src/main.c:399:6:set_output	5
../Core/Src/main.c:453:6:process_command	10
../Core/Src/main.c:521:5:main	4
../Core/Src/main.c:593:6:SystemClock_Config	3
../Core/Src/main.c:641:13:MX_USART1_UART_Init	2
../Core/Src/main.c:674:13:MX_USART2_UART_Init	2
../Core/Src/main.c:707:13:MX_USART3_UART_Init	2
../Core/Src/main.c:740:13:MX_GPIO_Init	1
../Core/Src/main.c:806:6:Error_Handler	1
