../Core/Src/main.c:132:6:HAL_UART_RxCpltCallback	24	static
../Core/Src/main.c:203:6:configure_input_pins	24	static
../Core/Src/main.c:257:6:configure_output_pins	24	static
../Core/Src/main.c:319:6:configure_reset_pins	24	static
../Core/Src/main.c:370:6:handle_inputs	64	static
../Core/Src/main.c:421:6:set_output	80	static
../Core/Src/main.c:472:6:reset_output_pins	88	static
../Core/Src/main.c:543:6:process_command	24	static
../Core/Src/main.c:580:5:main	8	static
../Core/Src/main.c:650:6:SystemClock_Config	88	static
../Core/Src/main.c:698:13:MX_USART1_UART_Init	8	static
../Core/Src/main.c:731:13:MX_USART2_UART_Init	8	static
../Core/Src/main.c:764:13:MX_USART3_UART_Init	8	static
../Core/Src/main.c:797:13:MX_GPIO_Init	48	static
../Core/Src/main.c:863:6:Error_Handler	4	static,ignoring_inline_asm
