2025-01-16 09:04:01,906 [INFO] Activator:176 - 


2025-01-16 09:04:01,914 [INFO] Activator:177 - !SESSION log4j initialized
2025-01-16 09:04:09,191 [INFO] LogOutputStream:77 - [STDOUT_REDIRECT] 
2025-01-16 09:04:11,591 [INFO] ApplicationProperties:184 - Using Application install path: C:\ST\STM32CubeIDE_1.17.0\STM32CubeIDE\plugins\com.st.stm32cube.common.mx_6.13.0.202411220809
2025-01-16 09:04:11,612 [INFO] DbMcusXml:78 - Set database path to: C:\ST\STM32CubeIDE_1.17.0\STM32CubeIDE\plugins\com.st.stm32cube.common.mx_6.13.0.202411220809\\db\/mcu/
2025-01-16 09:04:11,612 [INFO] ApiDb:274 - Set plugin database path to: C:\ST\STM32CubeIDE_1.17.0\STM32CubeIDE\plugins\com.st.stm32cube.common.mx_6.13.0.202411220809\\db\/plugins/boardmanager/
2025-01-16 09:04:11,613 [WARN] ApiDb:259 - Overriding images path with different value:  => C:\ST\STM32CubeIDE_1.17.0\STM32CubeIDE\plugins\com.st.stm32cube.common.mx_6.13.0.202411220809\\db\/plugins/mcufinder/images/
2025-01-16 09:04:11,623 [INFO] ApiDb:250 - Set database path to: C:\Users\Admin.ONTPC12\.stmcufinder\plugins\mcufinder//mcu/
2025-01-16 09:04:11,625 [INFO] DbMcusAds:125 - Set database path to: C:\Users\Admin.ONTPC12\.stmcufinder\plugins\mcufinder//mcu/
2025-01-16 09:04:11,628 [INFO] CrossReferenceDbSqlite:203 - Set database path to: C:\Users\Admin.ONTPC12\.stmcufinder\plugins\mcufinder//mcu/cs/
2025-01-16 09:04:11,762 [INFO] RulesReader:64 - Compatibility file has been processed (297 Rules)
2025-01-16 09:04:11,851 [INFO] DbMcusXml:78 - Set database path to: C:\ST\STM32CubeIDE_1.17.0\STM32CubeIDE\plugins\com.st.stm32cube.common.mx_6.13.0.202411220809\\db\/mcu/
2025-01-16 09:04:11,851 [INFO] ApiDb:274 - Set plugin database path to: C:\ST\STM32CubeIDE_1.17.0\STM32CubeIDE\plugins\com.st.stm32cube.common.mx_6.13.0.202411220809\\db\/plugins/boardmanager/
2025-01-16 09:04:11,851 [INFO] ApiDb:261 - Set plugin images path to: C:\ST\STM32CubeIDE_1.17.0\STM32CubeIDE\plugins\com.st.stm32cube.common.mx_6.13.0.202411220809\\db\/plugins/mcufinder/images/
2025-01-16 09:04:11,851 [WARN] DbFile:41 - Overriding database path with different value: C:\Users\Admin.ONTPC12\.stmcufinder\plugins\mcufinder/ => C:\Users\Admin.ONTPC12\.stmcufinder\plugins\mcufinder
2025-01-16 09:04:11,852 [INFO] ApiDb:250 - Set database path to: C:\Users\Admin.ONTPC12\.stmcufinder\plugins\mcufinder//mcu/
2025-01-16 09:04:11,852 [WARN] DbFile:41 - Overriding database path with different value: C:\Users\Admin.ONTPC12\.stmcufinder\plugins\mcufinder/ => C:\Users\Admin.ONTPC12\.stmcufinder\plugins\mcufinder
2025-01-16 09:04:11,852 [INFO] DbMcusAds:125 - Set database path to: C:\Users\Admin.ONTPC12\.stmcufinder\plugins\mcufinder//mcu/
2025-01-16 09:04:11,852 [WARN] DbFile:41 - Overriding database path with different value: C:\Users\Admin.ONTPC12\.stmcufinder\plugins\mcufinder/ => C:\Users\Admin.ONTPC12\.stmcufinder\plugins\mcufinder
2025-01-16 09:04:11,852 [WARN] DbFile:41 - Overriding database path with different value: C:\Users\Admin.ONTPC12\.stmcufinder\plugins\mcufinder/ => C:\Users\Admin.ONTPC12\.stmcufinder\plugins\mcufinder
2025-01-16 09:04:11,852 [INFO] CrossReferenceDbSqlite:203 - Set database path to: C:\Users\Admin.ONTPC12\.stmcufinder\plugins\mcufinder//mcu/cs/
2025-01-16 09:04:11,935 [INFO] MainPanel:272 - HeapMemory: 268435456
2025-01-16 09:04:12,066 [INFO] DbMcusXml:78 - Set database path to: C:\ST\STM32CubeIDE_1.17.0\STM32CubeIDE\plugins\com.st.stm32cube.common.mx_6.13.0.202411220809\\db\/mcu/
2025-01-16 09:04:12,066 [INFO] ApiDb:274 - Set plugin database path to: C:\ST\STM32CubeIDE_1.17.0\STM32CubeIDE\plugins\com.st.stm32cube.common.mx_6.13.0.202411220809\\db\/plugins/boardmanager/
2025-01-16 09:04:12,067 [INFO] ApiDb:261 - Set plugin images path to: C:\ST\STM32CubeIDE_1.17.0\STM32CubeIDE\plugins\com.st.stm32cube.common.mx_6.13.0.202411220809\\db\/plugins/mcufinder/images/
2025-01-16 09:04:12,067 [WARN] DbFile:41 - Overriding database path with different value: C:\Users\Admin.ONTPC12\.stmcufinder\plugins\mcufinder/ => C:\Users\Admin.ONTPC12\.stmcufinder\plugins\mcufinder
2025-01-16 09:04:12,067 [INFO] ApiDb:250 - Set database path to: C:\Users\Admin.ONTPC12\.stmcufinder\plugins\mcufinder//mcu/
2025-01-16 09:04:12,067 [WARN] DbFile:41 - Overriding database path with different value: C:\Users\Admin.ONTPC12\.stmcufinder\plugins\mcufinder/ => C:\Users\Admin.ONTPC12\.stmcufinder\plugins\mcufinder
2025-01-16 09:04:12,067 [INFO] DbMcusAds:125 - Set database path to: C:\Users\Admin.ONTPC12\.stmcufinder\plugins\mcufinder//mcu/
2025-01-16 09:04:12,068 [WARN] DbFile:41 - Overriding database path with different value: C:\Users\Admin.ONTPC12\.stmcufinder\plugins\mcufinder/ => C:\Users\Admin.ONTPC12\.stmcufinder\plugins\mcufinder
2025-01-16 09:04:12,068 [WARN] DbFile:41 - Overriding database path with different value: C:\Users\Admin.ONTPC12\.stmcufinder\plugins\mcufinder/ => C:\Users\Admin.ONTPC12\.stmcufinder\plugins\mcufinder
2025-01-16 09:04:12,068 [INFO] CrossReferenceDbSqlite:203 - Set database path to: C:\Users\Admin.ONTPC12\.stmcufinder\plugins\mcufinder//mcu/cs/
2025-01-16 09:04:12,089 [INFO] ApplicationProperties:184 - Using Application install path: C:\ST\STM32CubeIDE_1.17.0\STM32CubeIDE\plugins\com.st.stm32cube.common.mx_6.13.0.202411220809
2025-01-16 09:04:12,091 [INFO] PluginManage:196 - Search for loadable plugins [exclusion list=, ]
2025-01-16 09:04:12,092 [INFO] PluginManage:310 - Check plugin analytics
2025-01-16 09:04:12,289 [INFO] AnalyticsPlugin:253 - Accepted Software Licenses: 
2025-01-16 09:04:12,289 [INFO] AnalyticsPlugin:255 - Accepted CMSIS Pack Licenses: 
2025-01-16 09:04:12,289 [INFO] AnalyticsPlugin:257 - Accepted Firmware Licenses: FW.F4.1.28.0
2025-01-16 09:04:12,293 [INFO] PluginManage:359 - Loaded plugin analytics (category:tool,tabindex:-1)
2025-01-16 09:04:12,294 [INFO] PluginManage:310 - Check plugin cadmodel
2025-01-16 09:04:12,320 [INFO] CADModel:105 - Init CAD model plugin
2025-01-16 09:04:12,320 [INFO] PluginManage:359 - Loaded plugin cadmodel (category:power,tabindex:5)
2025-01-16 09:04:12,320 [INFO] PluginManage:310 - Check plugin clock
2025-01-16 09:04:12,350 [INFO] PluginManage:359 - Loaded plugin clock (category:base,tabindex:2)
2025-01-16 09:04:12,350 [INFO] PluginManage:310 - Check plugin ddr
2025-01-16 09:04:12,353 [INFO] PluginManage:359 - Loaded plugin ddr (category:tool,tabindex:6)
2025-01-16 09:04:12,353 [INFO] PluginManage:310 - Check plugin filemanager
2025-01-16 09:04:12,535 [INFO] PluginManage:359 - Loaded plugin filemanager (category:base,tabindex:10)
2025-01-16 09:04:12,536 [INFO] PluginManage:310 - Check plugin ipmanager
2025-01-16 09:04:12,543 [INFO] PluginManage:359 - Loaded plugin ipmanager (category:base,tabindex:5)
2025-01-16 09:04:12,543 [INFO] PluginManage:310 - Check plugin lpbam
2025-01-16 09:04:12,566 [INFO] PluginManage:359 - Loaded plugin lpbam (category:base,tabindex:0)
2025-01-16 09:04:12,566 [INFO] PluginManage:310 - Check plugin memorymap
2025-01-16 09:04:12,596 [INFO] PluginManage:359 - Loaded plugin memorymap (category:base,tabindex:4)
2025-01-16 09:04:12,596 [INFO] PluginManage:310 - Check plugin pinoutandconfiguration
2025-01-16 09:04:12,619 [INFO] PluginManage:359 - Loaded plugin pinoutandconfiguration (category:base,tabindex:1)
2025-01-16 09:04:12,619 [INFO] PluginManage:310 - Check plugin pinoutconfig
2025-01-16 09:04:12,736 [WARN] SupportedApi:132 - Cannot load RTOS API schema: s4s-elt-must-match.1: The content of 'definitions' must match (annotation?, (simpleType | complexType)?, (unique | key | keyref)*)). A problem was found starting at: attribute.
2025-01-16 09:04:12,894 [INFO] PluginManage:359 - Loaded plugin pinoutconfig (category:base,tabindex:0)
2025-01-16 09:04:12,894 [INFO] PluginManage:310 - Check plugin power
2025-01-16 09:04:12,922 [INFO] PluginManage:359 - Loaded plugin power (category:power,tabindex:4)
2025-01-16 09:04:12,922 [INFO] PluginManage:310 - Check plugin projectmanager
2025-01-16 09:04:12,938 [INFO] PluginManage:359 - Loaded plugin projectmanager (category:projectmanager,tabindex:4)
2025-01-16 09:04:12,938 [INFO] PluginManage:310 - Check plugin rif
2025-01-16 09:04:12,962 [INFO] PluginManage:359 - Loaded plugin rif (category:base,tabindex:3)
2025-01-16 09:04:12,962 [INFO] PluginManage:310 - Check plugin thirdparty
2025-01-16 09:04:13,303 [INFO] PluginManage:359 - Loaded plugin thirdparty (category:base,tabindex:-1)
2025-01-16 09:04:13,303 [INFO] PluginManage:310 - Check plugin tools
2025-01-16 09:04:13,303 [WARN] IntegrityCheckThread:84 - waiting for thirdparty lock release [integrity check]
2025-01-16 09:04:13,304 [INFO] IntegrityCheckThread:86 - entering critical section [integrity check]
2025-01-16 09:04:13,305 [INFO] ThirdPartyUpdaterWithRetryManager:70 - Updater plugin not ready yet. [1/15]
2025-01-16 09:04:13,355 [INFO] PluginManage:359 - Loaded plugin tools (category:base,tabindex:7)
2025-01-16 09:04:13,356 [INFO] PluginManage:310 - Check plugin tutovideos
2025-01-16 09:04:13,573 [INFO] PluginManage:359 - Loaded plugin tutovideos (category:base,tabindex:-1)
2025-01-16 09:04:13,573 [INFO] PluginManage:310 - Check plugin updater
2025-01-16 09:04:13,595 [INFO] PluginManage:359 - Loaded plugin updater (category:base,tabindex:12)
2025-01-16 09:04:13,596 [INFO] PluginManage:310 - Check plugin userauth
2025-01-16 09:04:13,600 [INFO] UserAuth:118 - Init User Auth plugin
2025-01-16 09:04:13,601 [INFO] PluginManage:359 - Loaded plugin userauth (category:base,tabindex:14)
2025-01-16 09:04:13,602 [INFO] PluginManage:283 - PluginManage : Loaded plugins [18]
2025-01-16 09:04:13,847 [INFO] PinOutPanel:1589 - setPackage(No Configuration,No Configuration)
2025-01-16 09:04:13,946 [INFO] CADModel:165 - CPN selected for project level
2025-01-16 09:04:13,947 [INFO] CADModel:114 - Register for checkConnection events
2025-01-16 09:04:13,986 [INFO] IPUIPlugin:80 - create IPUIPlugin
2025-01-16 09:04:13,987 [INFO] PluginManager:220 - loadIPPluginJar : add adc
2025-01-16 09:04:14,046 [INFO] IPUIPlugin:80 - create IPUIPlugin
2025-01-16 09:04:14,046 [INFO] PluginManager:220 - loadIPPluginJar : add aes
2025-01-16 09:04:14,113 [INFO] IPUIPlugin:80 - create IPUIPlugin
2025-01-16 09:04:14,114 [INFO] PluginManager:220 - loadIPPluginJar : add can
2025-01-16 09:04:14,151 [INFO] IPUIPlugin:80 - create IPUIPlugin
2025-01-16 09:04:14,151 [INFO] PluginManager:220 - loadIPPluginJar : add comp
2025-01-16 09:04:14,201 [INFO] IPUIPlugin:80 - create IPUIPlugin
2025-01-16 09:04:14,201 [INFO] PluginManager:220 - loadIPPluginJar : add cryp
2025-01-16 09:04:14,218 [INFO] IPUIPlugin:80 - create IPUIPlugin
2025-01-16 09:04:14,219 [INFO] PluginManager:220 - loadIPPluginJar : add ddr_ctrl_phy
2025-01-16 09:04:14,267 [INFO] IPUIPlugin:80 - create IPUIPlugin
2025-01-16 09:04:14,267 [INFO] PluginManager:220 - loadIPPluginJar : add dfsdm
2025-01-16 09:04:14,287 [INFO] IPUIPlugin:80 - create IPUIPlugin
2025-01-16 09:04:14,288 [INFO] PluginManager:220 - loadIPPluginJar : add dma
2025-01-16 09:04:14,362 [INFO] IPUIPlugin:80 - create IPUIPlugin
2025-01-16 09:04:14,363 [INFO] PluginManager:220 - loadIPPluginJar : add dma3
2025-01-16 09:04:14,430 [INFO] IPUIPlugin:80 - create IPUIPlugin
2025-01-16 09:04:14,430 [INFO] PluginManager:220 - loadIPPluginJar : add extmemmanager
2025-01-16 09:04:14,462 [INFO] IPUIPlugin:80 - create IPUIPlugin
2025-01-16 09:04:14,462 [INFO] PluginManager:220 - loadIPPluginJar : add fatfs
2025-01-16 09:04:14,531 [INFO] IPUIPlugin:80 - create IPUIPlugin
2025-01-16 09:04:14,531 [INFO] PluginManager:220 - loadIPPluginJar : add fmc
2025-01-16 09:04:14,553 [INFO] IPUIPlugin:80 - create IPUIPlugin
2025-01-16 09:04:14,553 [INFO] PluginManager:220 - loadIPPluginJar : add freertos
2025-01-16 09:04:14,585 [INFO] IPUIPlugin:80 - create IPUIPlugin
2025-01-16 09:04:14,585 [INFO] PluginManager:220 - loadIPPluginJar : add genericplugin
2025-01-16 09:04:14,718 [INFO] IPUIPlugin:80 - create IPUIPlugin
2025-01-16 09:04:14,718 [INFO] PluginManager:220 - loadIPPluginJar : add gfxmmu
2025-01-16 09:04:14,903 [INFO] IPUIPlugin:80 - create IPUIPlugin
2025-01-16 09:04:14,903 [INFO] PluginManager:220 - loadIPPluginJar : add gic
2025-01-16 09:04:14,922 [INFO] IPUIPlugin:80 - create IPUIPlugin
2025-01-16 09:04:14,922 [INFO] PluginManager:220 - loadIPPluginJar : add gpio
2025-01-16 09:04:15,055 [INFO] IPUIPlugin:80 - create IPUIPlugin
2025-01-16 09:04:15,055 [INFO] PluginManager:220 - loadIPPluginJar : add gtzc
2025-01-16 09:04:15,103 [INFO] IPUIPlugin:80 - create IPUIPlugin
2025-01-16 09:04:15,104 [INFO] PluginManager:220 - loadIPPluginJar : add hash
2025-01-16 09:04:15,179 [INFO] IPUIPlugin:80 - create IPUIPlugin
2025-01-16 09:04:15,179 [INFO] PluginManager:220 - loadIPPluginJar : add i2c
2025-01-16 09:04:15,237 [INFO] IPUIPlugin:80 - create IPUIPlugin
2025-01-16 09:04:15,237 [INFO] PluginManager:220 - loadIPPluginJar : add i2s
2025-01-16 09:04:15,295 [INFO] IPUIPlugin:80 - create IPUIPlugin
2025-01-16 09:04:15,295 [INFO] PluginManager:220 - loadIPPluginJar : add i3c
2025-01-16 09:04:15,435 [INFO] IPUIPlugin:80 - create IPUIPlugin
2025-01-16 09:04:15,435 [INFO] PluginManager:220 - loadIPPluginJar : add ipddr
2025-01-16 09:04:15,561 [INFO] IPUIPlugin:80 - create IPUIPlugin
2025-01-16 09:04:15,561 [INFO] PluginManager:220 - loadIPPluginJar : add linkedlist
2025-01-16 09:04:15,611 [INFO] IPUIPlugin:80 - create IPUIPlugin
2025-01-16 09:04:15,612 [INFO] PluginManager:220 - loadIPPluginJar : add lorawan
2025-01-16 09:04:15,664 [INFO] IPUIPlugin:80 - create IPUIPlugin
2025-01-16 09:04:15,664 [INFO] PluginManager:220 - loadIPPluginJar : add ltdc
2025-01-16 09:04:15,684 [INFO] IPUIPlugin:80 - create IPUIPlugin
2025-01-16 09:04:15,684 [INFO] PluginManager:220 - loadIPPluginJar : add mdma
2025-01-16 09:04:15,702 [INFO] IPUIPlugin:80 - create IPUIPlugin
2025-01-16 09:04:15,702 [INFO] PluginManager:220 - loadIPPluginJar : add nvic
2025-01-16 09:04:15,764 [INFO] IPUIPlugin:80 - create IPUIPlugin
2025-01-16 09:04:15,764 [INFO] PluginManager:220 - loadIPPluginJar : add opamp
2025-01-16 09:04:15,867 [INFO] IPUIPlugin:80 - create IPUIPlugin
2025-01-16 09:04:15,867 [INFO] PluginManager:220 - loadIPPluginJar : add openamp
2025-01-16 09:04:15,931 [INFO] IPUIPlugin:80 - create IPUIPlugin
2025-01-16 09:04:15,931 [INFO] PluginManager:220 - loadIPPluginJar : add pdm2pcm
2025-01-16 09:04:15,951 [INFO] IPUIPlugin:80 - create IPUIPlugin
2025-01-16 09:04:15,954 [INFO] PluginManager:220 - loadIPPluginJar : add plateformsettings
2025-01-16 09:04:15,989 [INFO] IPUIPlugin:80 - create IPUIPlugin
2025-01-16 09:04:15,989 [INFO] PluginManager:220 - loadIPPluginJar : add quadspi
2025-01-16 09:04:16,029 [INFO] IPUIPlugin:80 - create IPUIPlugin
2025-01-16 09:04:16,029 [INFO] PluginManager:220 - loadIPPluginJar : add radio
2025-01-16 09:04:16,049 [INFO] IPUIPlugin:80 - create IPUIPlugin
2025-01-16 09:04:16,049 [INFO] PluginManager:220 - loadIPPluginJar : add resmgrutility
2025-01-16 09:04:16,119 [INFO] IPUIPlugin:80 - create IPUIPlugin
2025-01-16 09:04:16,119 [INFO] PluginManager:220 - loadIPPluginJar : add sai
2025-01-16 09:04:16,174 [INFO] IPUIPlugin:80 - create IPUIPlugin
2025-01-16 09:04:16,175 [INFO] PluginManager:220 - loadIPPluginJar : add spi
2025-01-16 09:04:16,273 [INFO] IPUIPlugin:80 - create IPUIPlugin
2025-01-16 09:04:16,273 [INFO] PluginManager:220 - loadIPPluginJar : add stm32_wpan
2025-01-16 09:04:16,307 [INFO] ThirdPartyUpdaterWithRetryManager:70 - Updater plugin not ready yet. [2/15]
2025-01-16 09:04:16,310 [INFO] IPUIPlugin:80 - create IPUIPlugin
2025-01-16 09:04:16,310 [INFO] PluginManager:220 - loadIPPluginJar : add tim
2025-01-16 09:04:16,396 [INFO] IPUIPlugin:80 - create IPUIPlugin
2025-01-16 09:04:16,396 [INFO] PluginManager:220 - loadIPPluginJar : add touchsensing
2025-01-16 09:04:16,429 [INFO] IPUIPlugin:80 - create IPUIPlugin
2025-01-16 09:04:16,429 [INFO] PluginManager:220 - loadIPPluginJar : add tracer_emb
2025-01-16 09:04:16,464 [INFO] IPUIPlugin:80 - create IPUIPlugin
2025-01-16 09:04:16,464 [INFO] PluginManager:220 - loadIPPluginJar : add ts
2025-01-16 09:04:16,500 [INFO] IPUIPlugin:80 - create IPUIPlugin
2025-01-16 09:04:16,501 [INFO] PluginManager:220 - loadIPPluginJar : add tsc
2025-01-16 09:04:16,534 [INFO] IPUIPlugin:80 - create IPUIPlugin
2025-01-16 09:04:16,534 [INFO] PluginManager:220 - loadIPPluginJar : add ucpd
2025-01-16 09:04:16,602 [INFO] IPUIPlugin:80 - create IPUIPlugin
2025-01-16 09:04:16,602 [INFO] PluginManager:220 - loadIPPluginJar : add usart
2025-01-16 09:04:16,664 [INFO] IPUIPlugin:80 - create IPUIPlugin
2025-01-16 09:04:16,664 [INFO] PluginManager:220 - loadIPPluginJar : add usbx
2025-01-16 09:04:16,797 [FATAL] Updater:351 - Updater called before beeing initialized
2025-01-16 09:04:16,824 [INFO] RulesReader:64 - Compatibility file has been processed (297 Rules)
2025-01-16 09:04:16,835 [INFO] RulesReader:64 - Compatibility file has been processed (297 Rules)
2025-01-16 09:04:16,844 [INFO] CADModel:165 - CPN selected for project level
2025-01-16 09:04:16,844 [INFO] CADModel:114 - Register for checkConnection events
2025-01-16 09:04:16,845 [FATAL] Updater:351 - Updater called before beeing initialized
2025-01-16 09:04:16,845 [ERROR] CADModel:125 - Updater not yet initialized, retry later 
2025-01-16 09:04:17,006 [FATAL] Updater:351 - Updater called before beeing initialized
2025-01-16 09:04:17,009 [INFO] CADModel:165 - CPN selected for project level
2025-01-16 09:04:17,009 [INFO] CADModel:114 - Register for checkConnection events
2025-01-16 09:04:17,009 [FATAL] Updater:351 - Updater called before beeing initialized
2025-01-16 09:04:17,009 [ERROR] CADModel:125 - Updater not yet initialized, retry later 
2025-01-16 09:04:17,013 [FATAL] Updater:351 - Updater called before beeing initialized
2025-01-16 09:04:17,196 [FATAL] Updater:351 - Updater called before beeing initialized
2025-01-16 09:04:17,211 [INFO] DbMcusAds:53 - JSON generation date=Tue Dec 17 16:01:15 WET 2024 (1734451275222)
2025-01-16 09:04:17,211 [FATAL] Updater:351 - Updater called before beeing initialized
2025-01-16 09:04:17,258 [WARN] DetailPanel:346 - Failed to get advertising image, set to default
2025-01-16 09:04:17,518 [FATAL] Updater:351 - Updater called before beeing initialized
2025-01-16 09:04:17,520 [FATAL] Updater:351 - Updater called before beeing initialized
2025-01-16 09:04:17,521 [FATAL] Updater:351 - Updater called before beeing initialized
2025-01-16 09:04:17,521 [WARN] DetailPanel:346 - Failed to get advertising image, set to default
2025-01-16 09:04:17,522 [FATAL] Updater:351 - Updater called before beeing initialized
2025-01-16 09:04:17,587 [ERROR] Updater:1198 - MainUpdater not yet initialized. External WinMGr cannot be set.
2025-01-16 09:04:17,600 [INFO] Updater:1134 - Updater Version found : 6.13.0
2025-01-16 09:04:17,618 [INFO] ApplicationProperties:184 - Using Application install path: C:\ST\STM32CubeIDE_1.17.0\STM32CubeIDE\plugins\com.st.stm32cube.common.mx_6.13.0.202411220809
2025-01-16 09:04:19,220 [ERROR] LogOutputStream:75 - [STDERR_REDIRECT] Jan 16, 2025 9:04:19 AM java.util.prefs.WindowsPreferences <init>
2025-01-16 09:04:19,222 [ERROR] LogOutputStream:75 - [STDERR_REDIRECT] WARNING: Could not open/create prefs root node Software\JavaSoft\Prefs at root 0xffffffff80000002. Windows RegCreateKeyEx(...) returned error code 5.
2025-01-16 09:04:19,222 [ERROR] LogOutputStream:75 - [STDERR_REDIRECT] 
2025-01-16 09:04:19,309 [INFO] ThirdPartyUpdaterWithRetryManager:70 - Updater plugin not ready yet. [3/15]
2025-01-16 09:04:19,959 [INFO] MainUpdater:2872 - connection check result : 10
2025-01-16 09:04:19,960 [INFO] MainUpdater:289 - Updater Check For Update Now.
2025-01-16 09:04:19,960 [INFO] MicroXplorer:498 - Change Database Version : DB.6.0.130
2025-01-16 09:04:19,975 [INFO] McuFinderGlobals:63 - Set McuFinder mode to 2 (CubeIDE integrated)
2025-01-16 09:04:19,983 [INFO] UserAuth:486 - Internet connection configuration mode: 1
2025-01-16 09:04:20,015 [INFO] JxBrowserEngine:152 - Initiate JxBrowser Engine with user profile folder
2025-01-16 09:04:20,232 [INFO] CheckServerUpdateThread:120 - End of CheckServer Thread
2025-01-16 09:04:22,663 [INFO] WebApp:168 - Instantiating new browser for Auth
2025-01-16 09:04:22,746 [WARN] PackLoader:240 - Cannot read IP mode file for STMicroelectronics.FP-SNS-MOTENVWB1.1.4.0
2025-01-16 09:04:22,783 [WARN] PackLoader:240 - Cannot read IP mode file for STMicroelectronics.FP-ATR-ASTRA1.2.0.1
2025-01-16 09:04:22,831 [WARN] PackLoader:240 - Cannot read IP mode file for STMicroelectronics.X-CUBE-SMBUS.2.1.0
2025-01-16 09:04:22,856 [WARN] PackLoader:240 - Cannot read IP mode file for STMicroelectronics.X-CUBE-WB05N.1.1.0
2025-01-16 09:04:22,916 [WARN] PackLoader:240 - Cannot read IP mode file for STMicroelectronics.X-CUBE-AZRTOS-F7.1.1.0
2025-01-16 09:04:23,028 [WARN] PackLoader:240 - Cannot read IP mode file for STMicroelectronics.X-CUBE-MEMS1.11.0.0
2025-01-16 09:04:23,214 [WARN] PackLoader:240 - Cannot read IP mode file for STMicroelectronics.FP-SNS-FLIGHT1.5.0.2
2025-01-16 09:04:23,299 [WARN] PackLoader:240 - Cannot read IP mode file for Infineon.AIROC-Wi-Fi-Bluetooth-STM32.1.7.0
2025-01-16 09:04:23,321 [WARN] PackLoader:240 - Cannot read IP mode file for STMicroelectronics.X-CUBE-DISPLAY.3.0.0
2025-01-16 09:04:23,343 [WARN] PackLoader:240 - Cannot read IP mode file for STMicroelectronics.X-CUBE-BLE1.7.0.0
2025-01-16 09:04:23,384 [WARN] PackLoader:240 - Cannot read IP mode file for STMicroelectronics.X-CUBE-NFC10.1.0.0
2025-01-16 09:04:23,407 [WARN] PackLoader:240 - Cannot read IP mode file for STMicroelectronics.X-CUBE-BLEMGR.4.0.0
2025-01-16 09:04:23,428 [WARN] PackLoader:240 - Cannot read IP mode file for emotas.I-CUBE-CANOPEN.1.3.0
2025-01-16 09:04:23,449 [WARN] PackLoader:240 - Cannot read IP mode file for STMicroelectronics.X-CUBE-BLEMGR.3.1.0
2025-01-16 09:04:23,484 [WARN] PackLoader:240 - Cannot read IP mode file for STMicroelectronics.FP-SNS-SMARTAG2.1.2.0
2025-01-16 09:04:23,661 [WARN] PackLoader:240 - Cannot read IP mode file for STMicroelectronics.X-CUBE-MEMS1.11.1.0
2025-01-16 09:04:24,087 [INFO] WebApp:449 - Apply proxy settings
2025-01-16 09:04:24,088 [INFO] WebApp:534 - Chromium requires no authentication
2025-01-16 09:04:24,123 [INFO] WebApp:477 - Direct internet connection detected
2025-01-16 09:04:24,138 [INFO] LogOutputStream:77 - [STDOUT_REDIRECT] 1 : Invalid condition id : UX_CORESTACK_Condition cause : null
2025-01-16 09:04:24,139 [INFO] LogOutputStream:77 - [STDOUT_REDIRECT] 1 : Invalid condition id : UX_CORESTACK_Condition cause : null
2025-01-16 09:04:24,140 [INFO] LogOutputStream:77 - [STDOUT_REDIRECT] 1 : Invalid condition id : UX_CORESTACK_Condition cause : null
2025-01-16 09:04:24,142 [INFO] LogOutputStream:77 - [STDOUT_REDIRECT] 1 : Invalid condition id : UX_CORESTACK_Condition cause : null
2025-01-16 09:04:24,142 [INFO] LogOutputStream:77 - [STDOUT_REDIRECT] 1 : Invalid condition id : UX_CORESTACK_Condition cause : null
2025-01-16 09:04:24,154 [WARN] PackLoader:240 - Cannot read IP mode file for STMicroelectronics.X-CUBE-AZRTOS-WL.2.0.0
2025-01-16 09:04:24,173 [WARN] PackLoader:240 - Cannot read IP mode file for STMicroelectronics.FP-SNS-MOTENV1.5.0.0
2025-01-16 09:04:24,190 [WARN] PackLoader:240 - Cannot read IP mode file for wolfSSL.I-CUBE-wolfMQTT.1.19.0
2025-01-16 09:04:24,208 [WARN] PackLoader:240 - Cannot read IP mode file for WES.I-CUBE-Cesium.1.3.0
2025-01-16 09:04:24,226 [WARN] PackLoader:240 - Cannot read IP mode file for STMicroelectronics.X-CUBE-BLE2.3.3.0
2025-01-16 09:04:24,245 [WARN] PackLoader:240 - Cannot read IP mode file for STMicroelectronics.X-CUBE-NFC9.1.0.0
2025-01-16 09:04:24,275 [INFO] WebApp:880 - Register for checkConnection events
2025-01-16 09:04:24,275 [INFO] WebApp:449 - Apply proxy settings
2025-01-16 09:04:24,276 [INFO] WebApp:534 - Chromium requires no authentication
2025-01-16 09:04:24,277 [INFO] WebApp:477 - Direct internet connection detected
2025-01-16 09:04:24,283 [WARN] PackLoader:240 - Cannot read IP mode file for STMicroelectronics.X-CUBE-TCPP.4.1.0
2025-01-16 09:04:24,317 [WARN] PackLoader:240 - Cannot read IP mode file for STMicroelectronics.X-CUBE-AZRTOS-G0.1.1.0
2025-01-16 09:04:24,339 [WARN] PackLoader:240 - Cannot read IP mode file for STMicroelectronics.X-CUBE-SAFEA1.1.2.2
2025-01-16 09:04:24,357 [WARN] PackLoader:240 - Cannot read IP mode file for STMicroelectronics.X-CUBE-NFC4.3.0.0
2025-01-16 09:04:24,382 [WARN] PackLoader:240 - Cannot read IP mode file for EmbeddedOffice.I-CUBE-FS-RTOS.1.0.1
2025-01-16 09:04:24,411 [WARN] PackLoader:240 - Cannot read IP mode file for STMicroelectronics.X-CUBE-TCPP.4.2.0
2025-01-16 09:04:24,430 [WARN] PackLoader:240 - Cannot read IP mode file for RealThread.X-CUBE-RT-Thread_Nano.4.1.1
2025-01-16 09:04:24,444 [WARN] PackLoader:240 - Cannot read IP mode file for STMicroelectronics.FP-ATR-SIGFOX1.3.2.0
2025-01-16 09:04:24,458 [WARN] ConditionMgr:438 - getConditionDescription Invalid condition id : Cortex-A Device cause : null
2025-01-16 09:04:24,501 [WARN] ConditionMgr:1044 - genDependencies : Invalid condition id : Cortex-A Device cause : null
2025-01-16 09:04:24,501 [WARN] ConditionMgr:1044 - genDependencies : Invalid condition id : Cortex-A Device cause : null
2025-01-16 09:04:24,501 [WARN] ConditionMgr:1044 - genDependencies : Invalid condition id : Cortex-A Device cause : null
2025-01-16 09:04:24,520 [WARN] PackLoader:240 - Cannot read IP mode file for STMicroelectronics.X-CUBE-EEPRMA1.5.1.0
2025-01-16 09:04:24,540 [WARN] PackLoader:240 - Cannot read IP mode file for wolfSSL.I-CUBE-wolfSSL.5.7.4
2025-01-16 09:04:24,561 [WARN] PackLoader:240 - Cannot read IP mode file for ITTIA_DB.I-CUBE-ITTIADB.8.9.0
2025-01-16 09:04:24,605 [WARN] PackLoader:240 - Cannot read IP mode file for SEGGER.I-CUBE-embOS.1.3.1
2025-01-16 09:04:24,636 [INFO] WebApp:187 - Connection restablished
2025-01-16 09:04:24,804 [WARN] PackLoader:240 - Cannot read IP mode file for STMicroelectronics.X-CUBE-ALGOBUILD.1.4.0
2025-01-16 09:04:24,826 [INFO] WebApp:221 - Starting web application
2025-01-16 09:04:24,834 [INFO] WebApp:579 - Web application path used C:\ST\STM32CubeIDE_1.17.0\STM32CubeIDE\plugins\com.st.stm32cube.common.mx_6.13.0.202411220809\db\plugins\mcufinder\reactClient1\index.html
2025-01-16 09:04:24,834 [WARN] PackLoader:240 - Cannot read IP mode file for STMicroelectronics.X-CUBE-AI.9.1.0
2025-01-16 09:04:24,972 [WARN] PackLoader:240 - Cannot read IP mode file for STMicroelectronics.X-CUBE-AZRTOS-F4.1.1.0
2025-01-16 09:04:24,991 [WARN] PackLoader:240 - Cannot read IP mode file for STMicroelectronics.X-CUBE-ISPU.2.1.0
2025-01-16 09:04:25,008 [WARN] PackLoader:240 - Cannot read IP mode file for STMicroelectronics.X-CUBE-FREERTOS.1.2.0
2025-01-16 09:04:25,038 [WARN] PackLoader:240 - Cannot read IP mode file for STMicroelectronics.X-CUBE-AZRTOS-L5.2.0.0
2025-01-16 09:04:25,079 [WARN] PackLoader:240 - Cannot read IP mode file for STMicroelectronics.X-CUBE-NFC6.3.1.0
2025-01-16 09:04:25,148 [WARN] PackLoader:240 - Cannot read IP mode file for STMicroelectronics.X-CUBE-DPower.1.2.0
2025-01-16 09:04:25,169 [WARN] PackLoader:240 - Cannot read IP mode file for STMicroelectronics.X-CUBE-FREERTOS.1.3.0
2025-01-16 09:04:25,209 [WARN] PackLoader:240 - Cannot read IP mode file for STMicroelectronics.X-CUBE-NFC7.1.0.1
2025-01-16 09:04:25,252 [WARN] ConditionMgr:438 - getConditionDescription Invalid condition id : LAN8742 Phy interface Condition cause : null
2025-01-16 09:04:25,252 [WARN] PackLoader:240 - Cannot read IP mode file for STMicroelectronics.X-CUBE-AZRTOS-L4.2.0.0
2025-01-16 09:04:25,256 [WARN] ConditionMgr:1044 - genDependencies : Invalid condition id : LAN8742 Phy interface Condition cause : null
2025-01-16 09:04:25,256 [WARN] ConditionMgr:1044 - genDependencies : Invalid condition id : LAN8742 Phy interface Condition cause : null
2025-01-16 09:04:25,257 [WARN] ConditionMgr:1044 - genDependencies : Invalid condition id : LAN8742 Phy interface Condition cause : null
2025-01-16 09:04:25,295 [WARN] PackLoader:240 - Cannot read IP mode file for STMicroelectronics.X-CUBE-SFXS2LP1.4.0.0
2025-01-16 09:04:25,320 [INFO] UserAuth:486 - Internet connection configuration mode: 1
2025-01-16 09:04:25,712 [WARN] PackLoader:240 - Cannot read IP mode file for STMicroelectronics.X-CUBE-AZRTOS-H7.3.3.0
2025-01-16 09:04:25,740 [WARN] PackLoader:240 - Cannot read IP mode file for STMicroelectronics.X-CUBE-IPS.3.0.0
2025-01-16 09:04:25,771 [WARN] ConditionMgr:438 - getConditionDescription Invalid condition id : UX DEVICE CLASS RTOS Condition cause : null
2025-01-16 09:04:25,771 [WARN] ConditionMgr:438 - getConditionDescription Invalid condition id : UX DEVICE CLASS RTOS Condition cause : null
2025-01-16 09:04:25,773 [WARN] PackLoader:240 - Cannot read IP mode file for STMicroelectronics.X-CUBE-AZRTOS-WB.2.0.0
2025-01-16 09:04:25,773 [WARN] ConditionMgr:1044 - genDependencies : Invalid condition id : UX DEVICE CLASS RTOS Condition cause : null
2025-01-16 09:04:25,773 [WARN] ConditionMgr:1044 - genDependencies : Invalid condition id : UX DEVICE CLASS RTOS Condition cause : null
2025-01-16 09:04:25,773 [WARN] ConditionMgr:1044 - genDependencies : Invalid condition id : UX DEVICE CLASS RTOS Condition cause : null
2025-01-16 09:04:25,774 [WARN] ConditionMgr:1044 - genDependencies : Invalid condition id : UX DEVICE CLASS RTOS Condition cause : null
2025-01-16 09:04:25,774 [WARN] ConditionMgr:1044 - genDependencies : Invalid condition id : UX DEVICE CLASS RTOS Condition cause : null
2025-01-16 09:04:25,799 [WARN] PackLoader:240 - Cannot read IP mode file for STMicroelectronics.X-CUBE-GNSS1.7.0.0
2025-01-16 09:04:25,816 [WARN] PackLoader:240 - Cannot read IP mode file for STMicroelectronics.X-CUBE-GNSS1.7.0.1
2025-01-16 09:04:25,836 [WARN] PackLoader:240 - Cannot read IP mode file for STMicroelectronics.FP-SNS-STBOX1.2.0.0
2025-01-16 09:04:25,858 [WARN] PackLoader:240 - Cannot read IP mode file for STMicroelectronics.X-CUBE-SUBG2.5.0.0
2025-01-16 09:04:25,876 [WARN] PackLoader:240 - Cannot read IP mode file for Cesanta.I-CUBE-Mongoose.7.13.0
2025-01-16 09:04:25,901 [WARN] PackLoader:240 - Cannot read IP mode file for STMicroelectronics.X-CUBE-AZRTOS-G4.2.0.0
2025-01-16 09:04:25,922 [WARN] PackLoader:240 - Cannot read IP mode file for STMicroelectronics.X-CUBE-IPS.3.1.0
2025-01-16 09:04:25,940 [WARN] PackLoader:240 - Cannot read IP mode file for STMicroelectronics.X-CUBE-ALS.1.0.2
2025-01-16 09:04:25,965 [WARN] PackLoader:240 - Cannot read IP mode file for STMicroelectronics.X-CUBE-TOUCHGFX.4.24.2
2025-01-16 09:04:25,979 [WARN] PackLoader:240 - Cannot read IP mode file for STMicroelectronics.X-CUBE-TOUCHGFX.4.24.1
2025-01-16 09:04:25,993 [WARN] PackLoader:240 - Cannot read IP mode file for wolfSSL.I-CUBE-wolfTPM.3.4.0
2025-01-16 09:04:26,009 [WARN] PackLoader:240 - Cannot read IP mode file for portGmbH.I-Cube-SoM-uGOAL.1.1.0
2025-01-16 09:04:26,040 [WARN] PackLoader:240 - Cannot read IP mode file for STMicroelectronics.X-CUBE-AZRTOS-H7RS.1.0.0
2025-01-16 09:04:26,067 [WARN] PackLoader:240 - Cannot read IP mode file for STMicroelectronics.X-CUBE-TOF1.3.4.2
2025-01-16 09:04:26,086 [WARN] PackLoader:240 - Cannot read IP mode file for wolfSSL.I-CUBE-wolfSSH.1.4.17
2025-01-16 09:04:26,087 [INFO] ThirdParty:978 - Integrity check success = true
2025-01-16 09:04:26,087 [INFO] IntegrityCheckThread:100 - exiting critical section [integrity check]
2025-01-16 09:04:26,087 [INFO] IntegrityCheckThread:103 - End integrity checks thread
2025-01-16 09:05:04,171 [ERROR] LogOutputStream:75 - [STDERR_REDIRECT] 
2025-01-16 09:05:04,172 [ERROR] LogOutputStream:75 - [STDERR_REDIRECT] 
2025-01-16 09:50:34,316 [INFO] Activator:176 - 


2025-01-16 09:50:34,318 [INFO] Activator:177 - !SESSION log4j initialized
2025-01-16 09:50:39,480 [INFO] LogOutputStream:77 - [STDOUT_REDIRECT] 
2025-01-16 09:50:40,343 [INFO] ApplicationProperties:184 - Using Application install path: C:\ST\STM32CubeIDE_1.17.0\STM32CubeIDE\plugins\com.st.stm32cube.common.mx_6.13.0.202411220809
2025-01-16 09:50:40,359 [INFO] DbMcusXml:78 - Set database path to: C:\ST\STM32CubeIDE_1.17.0\STM32CubeIDE\plugins\com.st.stm32cube.common.mx_6.13.0.202411220809\\db\/mcu/
2025-01-16 09:50:40,360 [INFO] ApiDb:274 - Set plugin database path to: C:\ST\STM32CubeIDE_1.17.0\STM32CubeIDE\plugins\com.st.stm32cube.common.mx_6.13.0.202411220809\\db\/plugins/boardmanager/
2025-01-16 09:50:40,360 [WARN] ApiDb:259 - Overriding images path with different value:  => C:\ST\STM32CubeIDE_1.17.0\STM32CubeIDE\plugins\com.st.stm32cube.common.mx_6.13.0.202411220809\\db\/plugins/mcufinder/images/
2025-01-16 09:50:40,369 [INFO] ApiDb:250 - Set database path to: C:\Users\Admin.ONTPC12\.stmcufinder\plugins\mcufinder//mcu/
2025-01-16 09:50:40,370 [INFO] DbMcusAds:125 - Set database path to: C:\Users\Admin.ONTPC12\.stmcufinder\plugins\mcufinder//mcu/
2025-01-16 09:50:40,373 [INFO] CrossReferenceDbSqlite:203 - Set database path to: C:\Users\Admin.ONTPC12\.stmcufinder\plugins\mcufinder//mcu/cs/
2025-01-16 09:50:40,494 [INFO] RulesReader:64 - Compatibility file has been processed (297 Rules)
2025-01-16 09:50:40,576 [INFO] DbMcusXml:78 - Set database path to: C:\ST\STM32CubeIDE_1.17.0\STM32CubeIDE\plugins\com.st.stm32cube.common.mx_6.13.0.202411220809\\db\/mcu/
2025-01-16 09:50:40,576 [INFO] ApiDb:274 - Set plugin database path to: C:\ST\STM32CubeIDE_1.17.0\STM32CubeIDE\plugins\com.st.stm32cube.common.mx_6.13.0.202411220809\\db\/plugins/boardmanager/
2025-01-16 09:50:40,577 [INFO] ApiDb:261 - Set plugin images path to: C:\ST\STM32CubeIDE_1.17.0\STM32CubeIDE\plugins\com.st.stm32cube.common.mx_6.13.0.202411220809\\db\/plugins/mcufinder/images/
2025-01-16 09:50:40,577 [WARN] DbFile:41 - Overriding database path with different value: C:\Users\Admin.ONTPC12\.stmcufinder\plugins\mcufinder/ => C:\Users\Admin.ONTPC12\.stmcufinder\plugins\mcufinder
2025-01-16 09:50:40,577 [INFO] ApiDb:250 - Set database path to: C:\Users\Admin.ONTPC12\.stmcufinder\plugins\mcufinder//mcu/
2025-01-16 09:50:40,577 [WARN] DbFile:41 - Overriding database path with different value: C:\Users\Admin.ONTPC12\.stmcufinder\plugins\mcufinder/ => C:\Users\Admin.ONTPC12\.stmcufinder\plugins\mcufinder
2025-01-16 09:50:40,577 [INFO] DbMcusAds:125 - Set database path to: C:\Users\Admin.ONTPC12\.stmcufinder\plugins\mcufinder//mcu/
2025-01-16 09:50:40,577 [WARN] DbFile:41 - Overriding database path with different value: C:\Users\Admin.ONTPC12\.stmcufinder\plugins\mcufinder/ => C:\Users\Admin.ONTPC12\.stmcufinder\plugins\mcufinder
2025-01-16 09:50:40,577 [WARN] DbFile:41 - Overriding database path with different value: C:\Users\Admin.ONTPC12\.stmcufinder\plugins\mcufinder/ => C:\Users\Admin.ONTPC12\.stmcufinder\plugins\mcufinder
2025-01-16 09:50:40,577 [INFO] CrossReferenceDbSqlite:203 - Set database path to: C:\Users\Admin.ONTPC12\.stmcufinder\plugins\mcufinder//mcu/cs/
2025-01-16 09:50:40,642 [INFO] MainPanel:272 - HeapMemory: 268435456
2025-01-16 09:50:40,714 [INFO] DbMcusXml:78 - Set database path to: C:\ST\STM32CubeIDE_1.17.0\STM32CubeIDE\plugins\com.st.stm32cube.common.mx_6.13.0.202411220809\\db\/mcu/
2025-01-16 09:50:40,714 [INFO] ApiDb:274 - Set plugin database path to: C:\ST\STM32CubeIDE_1.17.0\STM32CubeIDE\plugins\com.st.stm32cube.common.mx_6.13.0.202411220809\\db\/plugins/boardmanager/
2025-01-16 09:50:40,715 [INFO] ApiDb:261 - Set plugin images path to: C:\ST\STM32CubeIDE_1.17.0\STM32CubeIDE\plugins\com.st.stm32cube.common.mx_6.13.0.202411220809\\db\/plugins/mcufinder/images/
2025-01-16 09:50:40,715 [WARN] DbFile:41 - Overriding database path with different value: C:\Users\Admin.ONTPC12\.stmcufinder\plugins\mcufinder/ => C:\Users\Admin.ONTPC12\.stmcufinder\plugins\mcufinder
2025-01-16 09:50:40,715 [INFO] ApiDb:250 - Set database path to: C:\Users\Admin.ONTPC12\.stmcufinder\plugins\mcufinder//mcu/
2025-01-16 09:50:40,715 [WARN] DbFile:41 - Overriding database path with different value: C:\Users\Admin.ONTPC12\.stmcufinder\plugins\mcufinder/ => C:\Users\Admin.ONTPC12\.stmcufinder\plugins\mcufinder
2025-01-16 09:50:40,715 [INFO] DbMcusAds:125 - Set database path to: C:\Users\Admin.ONTPC12\.stmcufinder\plugins\mcufinder//mcu/
2025-01-16 09:50:40,715 [WARN] DbFile:41 - Overriding database path with different value: C:\Users\Admin.ONTPC12\.stmcufinder\plugins\mcufinder/ => C:\Users\Admin.ONTPC12\.stmcufinder\plugins\mcufinder
2025-01-16 09:50:40,715 [WARN] DbFile:41 - Overriding database path with different value: C:\Users\Admin.ONTPC12\.stmcufinder\plugins\mcufinder/ => C:\Users\Admin.ONTPC12\.stmcufinder\plugins\mcufinder
2025-01-16 09:50:40,715 [INFO] CrossReferenceDbSqlite:203 - Set database path to: C:\Users\Admin.ONTPC12\.stmcufinder\plugins\mcufinder//mcu/cs/
2025-01-16 09:50:40,733 [INFO] ApplicationProperties:184 - Using Application install path: C:\ST\STM32CubeIDE_1.17.0\STM32CubeIDE\plugins\com.st.stm32cube.common.mx_6.13.0.202411220809
2025-01-16 09:50:40,735 [INFO] PluginManage:196 - Search for loadable plugins [exclusion list=, ]
2025-01-16 09:50:40,737 [INFO] PluginManage:310 - Check plugin analytics
2025-01-16 09:50:40,921 [INFO] AnalyticsPlugin:253 - Accepted Software Licenses: 
2025-01-16 09:50:40,922 [INFO] AnalyticsPlugin:255 - Accepted CMSIS Pack Licenses: 
2025-01-16 09:50:40,923 [INFO] AnalyticsPlugin:257 - Accepted Firmware Licenses: FW.F4.1.28.0
2025-01-16 09:50:40,927 [INFO] PluginManage:359 - Loaded plugin analytics (category:tool,tabindex:-1)
2025-01-16 09:50:40,927 [INFO] PluginManage:310 - Check plugin cadmodel
2025-01-16 09:50:40,932 [INFO] CADModel:105 - Init CAD model plugin
2025-01-16 09:50:40,932 [INFO] PluginManage:359 - Loaded plugin cadmodel (category:power,tabindex:5)
2025-01-16 09:50:40,932 [INFO] PluginManage:310 - Check plugin clock
2025-01-16 09:50:40,942 [INFO] PluginManage:359 - Loaded plugin clock (category:base,tabindex:2)
2025-01-16 09:50:40,942 [INFO] PluginManage:310 - Check plugin ddr
2025-01-16 09:50:40,945 [INFO] PluginManage:359 - Loaded plugin ddr (category:tool,tabindex:6)
2025-01-16 09:50:40,945 [INFO] PluginManage:310 - Check plugin filemanager
2025-01-16 09:50:41,078 [INFO] PluginManage:359 - Loaded plugin filemanager (category:base,tabindex:10)
2025-01-16 09:50:41,078 [INFO] PluginManage:310 - Check plugin ipmanager
2025-01-16 09:50:41,085 [INFO] PluginManage:359 - Loaded plugin ipmanager (category:base,tabindex:5)
2025-01-16 09:50:41,086 [INFO] PluginManage:310 - Check plugin lpbam
2025-01-16 09:50:41,096 [INFO] PluginManage:359 - Loaded plugin lpbam (category:base,tabindex:0)
2025-01-16 09:50:41,096 [INFO] PluginManage:310 - Check plugin memorymap
2025-01-16 09:50:41,108 [INFO] PluginManage:359 - Loaded plugin memorymap (category:base,tabindex:4)
2025-01-16 09:50:41,108 [INFO] PluginManage:310 - Check plugin pinoutandconfiguration
2025-01-16 09:50:41,117 [INFO] PluginManage:359 - Loaded plugin pinoutandconfiguration (category:base,tabindex:1)
2025-01-16 09:50:41,117 [INFO] PluginManage:310 - Check plugin pinoutconfig
2025-01-16 09:50:41,221 [WARN] SupportedApi:132 - Cannot load RTOS API schema: s4s-elt-must-match.1: The content of 'definitions' must match (annotation?, (simpleType | complexType)?, (unique | key | keyref)*)). A problem was found starting at: attribute.
2025-01-16 09:50:41,378 [INFO] PluginManage:359 - Loaded plugin pinoutconfig (category:base,tabindex:0)
2025-01-16 09:50:41,378 [INFO] PluginManage:310 - Check plugin power
2025-01-16 09:50:41,386 [INFO] PluginManage:359 - Loaded plugin power (category:power,tabindex:4)
2025-01-16 09:50:41,386 [INFO] PluginManage:310 - Check plugin projectmanager
2025-01-16 09:50:41,403 [INFO] PluginManage:359 - Loaded plugin projectmanager (category:projectmanager,tabindex:4)
2025-01-16 09:50:41,403 [INFO] PluginManage:310 - Check plugin rif
2025-01-16 09:50:41,409 [INFO] PluginManage:359 - Loaded plugin rif (category:base,tabindex:3)
2025-01-16 09:50:41,410 [INFO] PluginManage:310 - Check plugin thirdparty
2025-01-16 09:50:41,576 [INFO] PluginManage:359 - Loaded plugin thirdparty (category:base,tabindex:-1)
2025-01-16 09:50:41,576 [INFO] PluginManage:310 - Check plugin tools
2025-01-16 09:50:41,576 [WARN] IntegrityCheckThread:84 - waiting for thirdparty lock release [integrity check]
2025-01-16 09:50:41,577 [INFO] IntegrityCheckThread:86 - entering critical section [integrity check]
2025-01-16 09:50:41,577 [INFO] ThirdPartyUpdaterWithRetryManager:70 - Updater plugin not ready yet. [1/15]
2025-01-16 09:50:41,582 [INFO] PluginManage:359 - Loaded plugin tools (category:base,tabindex:7)
2025-01-16 09:50:41,582 [INFO] PluginManage:310 - Check plugin tutovideos
2025-01-16 09:50:41,766 [INFO] PluginManage:359 - Loaded plugin tutovideos (category:base,tabindex:-1)
2025-01-16 09:50:41,766 [INFO] PluginManage:310 - Check plugin updater
2025-01-16 09:50:41,788 [INFO] PluginManage:359 - Loaded plugin updater (category:base,tabindex:12)
2025-01-16 09:50:41,788 [INFO] PluginManage:310 - Check plugin userauth
2025-01-16 09:50:41,792 [INFO] UserAuth:118 - Init User Auth plugin
2025-01-16 09:50:41,793 [INFO] PluginManage:359 - Loaded plugin userauth (category:base,tabindex:14)
2025-01-16 09:50:41,794 [INFO] PluginManage:283 - PluginManage : Loaded plugins [18]
2025-01-16 09:50:41,989 [INFO] PinOutPanel:1589 - setPackage(No Configuration,No Configuration)
2025-01-16 09:50:42,074 [INFO] CADModel:165 - CPN selected for project level
2025-01-16 09:50:42,074 [INFO] CADModel:114 - Register for checkConnection events
2025-01-16 09:50:42,097 [INFO] IPUIPlugin:80 - create IPUIPlugin
2025-01-16 09:50:42,098 [INFO] PluginManager:220 - loadIPPluginJar : add adc
2025-01-16 09:50:42,102 [INFO] IPUIPlugin:80 - create IPUIPlugin
2025-01-16 09:50:42,102 [INFO] PluginManager:220 - loadIPPluginJar : add aes
2025-01-16 09:50:42,106 [INFO] IPUIPlugin:80 - create IPUIPlugin
2025-01-16 09:50:42,106 [INFO] PluginManager:220 - loadIPPluginJar : add can
2025-01-16 09:50:42,108 [INFO] IPUIPlugin:80 - create IPUIPlugin
2025-01-16 09:50:42,109 [INFO] PluginManager:220 - loadIPPluginJar : add comp
2025-01-16 09:50:42,112 [INFO] IPUIPlugin:80 - create IPUIPlugin
2025-01-16 09:50:42,112 [INFO] PluginManager:220 - loadIPPluginJar : add cryp
2025-01-16 09:50:42,116 [INFO] IPUIPlugin:80 - create IPUIPlugin
2025-01-16 09:50:42,116 [INFO] PluginManager:220 - loadIPPluginJar : add ddr_ctrl_phy
2025-01-16 09:50:42,119 [INFO] IPUIPlugin:80 - create IPUIPlugin
2025-01-16 09:50:42,119 [INFO] PluginManager:220 - loadIPPluginJar : add dfsdm
2025-01-16 09:50:42,129 [INFO] IPUIPlugin:80 - create IPUIPlugin
2025-01-16 09:50:42,129 [INFO] PluginManager:220 - loadIPPluginJar : add dma
2025-01-16 09:50:42,133 [INFO] IPUIPlugin:80 - create IPUIPlugin
2025-01-16 09:50:42,133 [INFO] PluginManager:220 - loadIPPluginJar : add dma3
2025-01-16 09:50:42,136 [INFO] IPUIPlugin:80 - create IPUIPlugin
2025-01-16 09:50:42,137 [INFO] PluginManager:220 - loadIPPluginJar : add extmemmanager
2025-01-16 09:50:42,141 [INFO] IPUIPlugin:80 - create IPUIPlugin
2025-01-16 09:50:42,141 [INFO] PluginManager:220 - loadIPPluginJar : add fatfs
2025-01-16 09:50:42,148 [INFO] IPUIPlugin:80 - create IPUIPlugin
2025-01-16 09:50:42,148 [INFO] PluginManager:220 - loadIPPluginJar : add fmc
2025-01-16 09:50:42,153 [INFO] IPUIPlugin:80 - create IPUIPlugin
2025-01-16 09:50:42,154 [INFO] PluginManager:220 - loadIPPluginJar : add freertos
2025-01-16 09:50:42,157 [INFO] IPUIPlugin:80 - create IPUIPlugin
2025-01-16 09:50:42,157 [INFO] PluginManager:220 - loadIPPluginJar : add genericplugin
2025-01-16 09:50:42,163 [INFO] IPUIPlugin:80 - create IPUIPlugin
2025-01-16 09:50:42,163 [INFO] PluginManager:220 - loadIPPluginJar : add gfxmmu
2025-01-16 09:50:42,169 [INFO] IPUIPlugin:80 - create IPUIPlugin
2025-01-16 09:50:42,171 [INFO] PluginManager:220 - loadIPPluginJar : add gic
2025-01-16 09:50:42,177 [INFO] IPUIPlugin:80 - create IPUIPlugin
2025-01-16 09:50:42,178 [INFO] PluginManager:220 - loadIPPluginJar : add gpio
2025-01-16 09:50:42,183 [INFO] IPUIPlugin:80 - create IPUIPlugin
2025-01-16 09:50:42,183 [INFO] PluginManager:220 - loadIPPluginJar : add gtzc
2025-01-16 09:50:42,186 [INFO] IPUIPlugin:80 - create IPUIPlugin
2025-01-16 09:50:42,186 [INFO] PluginManager:220 - loadIPPluginJar : add hash
2025-01-16 09:50:42,191 [INFO] IPUIPlugin:80 - create IPUIPlugin
2025-01-16 09:50:42,191 [INFO] PluginManager:220 - loadIPPluginJar : add i2c
2025-01-16 09:50:42,197 [INFO] IPUIPlugin:80 - create IPUIPlugin
2025-01-16 09:50:42,198 [INFO] PluginManager:220 - loadIPPluginJar : add i2s
2025-01-16 09:50:42,201 [INFO] IPUIPlugin:80 - create IPUIPlugin
2025-01-16 09:50:42,201 [INFO] PluginManager:220 - loadIPPluginJar : add i3c
2025-01-16 09:50:42,205 [INFO] IPUIPlugin:80 - create IPUIPlugin
2025-01-16 09:50:42,206 [INFO] PluginManager:220 - loadIPPluginJar : add ipddr
2025-01-16 09:50:42,215 [INFO] IPUIPlugin:80 - create IPUIPlugin
2025-01-16 09:50:42,215 [INFO] PluginManager:220 - loadIPPluginJar : add linkedlist
2025-01-16 09:50:42,218 [INFO] IPUIPlugin:80 - create IPUIPlugin
2025-01-16 09:50:42,218 [INFO] PluginManager:220 - loadIPPluginJar : add lorawan
2025-01-16 09:50:42,219 [INFO] IPUIPlugin:80 - create IPUIPlugin
2025-01-16 09:50:42,219 [INFO] PluginManager:220 - loadIPPluginJar : add ltdc
2025-01-16 09:50:42,224 [INFO] IPUIPlugin:80 - create IPUIPlugin
2025-01-16 09:50:42,224 [INFO] PluginManager:220 - loadIPPluginJar : add mdma
2025-01-16 09:50:42,230 [INFO] IPUIPlugin:80 - create IPUIPlugin
2025-01-16 09:50:42,230 [INFO] PluginManager:220 - loadIPPluginJar : add nvic
2025-01-16 09:50:42,235 [INFO] IPUIPlugin:80 - create IPUIPlugin
2025-01-16 09:50:42,235 [INFO] PluginManager:220 - loadIPPluginJar : add opamp
2025-01-16 09:50:42,239 [INFO] IPUIPlugin:80 - create IPUIPlugin
2025-01-16 09:50:42,239 [INFO] PluginManager:220 - loadIPPluginJar : add openamp
2025-01-16 09:50:42,244 [INFO] IPUIPlugin:80 - create IPUIPlugin
2025-01-16 09:50:42,244 [INFO] PluginManager:220 - loadIPPluginJar : add pdm2pcm
2025-01-16 09:50:42,251 [INFO] IPUIPlugin:80 - create IPUIPlugin
2025-01-16 09:50:42,253 [INFO] PluginManager:220 - loadIPPluginJar : add plateformsettings
2025-01-16 09:50:42,255 [INFO] IPUIPlugin:80 - create IPUIPlugin
2025-01-16 09:50:42,255 [INFO] PluginManager:220 - loadIPPluginJar : add quadspi
2025-01-16 09:50:42,257 [INFO] IPUIPlugin:80 - create IPUIPlugin
2025-01-16 09:50:42,258 [INFO] PluginManager:220 - loadIPPluginJar : add radio
2025-01-16 09:50:42,263 [INFO] IPUIPlugin:80 - create IPUIPlugin
2025-01-16 09:50:42,263 [INFO] PluginManager:220 - loadIPPluginJar : add resmgrutility
2025-01-16 09:50:42,266 [INFO] IPUIPlugin:80 - create IPUIPlugin
2025-01-16 09:50:42,266 [INFO] PluginManager:220 - loadIPPluginJar : add sai
2025-01-16 09:50:42,269 [INFO] IPUIPlugin:80 - create IPUIPlugin
2025-01-16 09:50:42,269 [INFO] PluginManager:220 - loadIPPluginJar : add spi
2025-01-16 09:50:42,275 [INFO] IPUIPlugin:80 - create IPUIPlugin
2025-01-16 09:50:42,276 [INFO] PluginManager:220 - loadIPPluginJar : add stm32_wpan
2025-01-16 09:50:42,278 [INFO] IPUIPlugin:80 - create IPUIPlugin
2025-01-16 09:50:42,278 [INFO] PluginManager:220 - loadIPPluginJar : add tim
2025-01-16 09:50:42,282 [INFO] IPUIPlugin:80 - create IPUIPlugin
2025-01-16 09:50:42,283 [INFO] PluginManager:220 - loadIPPluginJar : add touchsensing
2025-01-16 09:50:42,284 [INFO] IPUIPlugin:80 - create IPUIPlugin
2025-01-16 09:50:42,285 [INFO] PluginManager:220 - loadIPPluginJar : add tracer_emb
2025-01-16 09:50:42,287 [INFO] IPUIPlugin:80 - create IPUIPlugin
2025-01-16 09:50:42,287 [INFO] PluginManager:220 - loadIPPluginJar : add ts
2025-01-16 09:50:42,288 [INFO] IPUIPlugin:80 - create IPUIPlugin
2025-01-16 09:50:42,289 [INFO] PluginManager:220 - loadIPPluginJar : add tsc
2025-01-16 09:50:42,291 [INFO] IPUIPlugin:80 - create IPUIPlugin
2025-01-16 09:50:42,291 [INFO] PluginManager:220 - loadIPPluginJar : add ucpd
2025-01-16 09:50:42,295 [INFO] IPUIPlugin:80 - create IPUIPlugin
2025-01-16 09:50:42,295 [INFO] PluginManager:220 - loadIPPluginJar : add usart
2025-01-16 09:50:42,298 [INFO] IPUIPlugin:80 - create IPUIPlugin
2025-01-16 09:50:42,298 [INFO] PluginManager:220 - loadIPPluginJar : add usbx
2025-01-16 09:50:42,425 [FATAL] Updater:351 - Updater called before beeing initialized
2025-01-16 09:50:42,451 [INFO] RulesReader:64 - Compatibility file has been processed (297 Rules)
2025-01-16 09:50:42,463 [INFO] RulesReader:64 - Compatibility file has been processed (297 Rules)
2025-01-16 09:50:42,500 [INFO] CADModel:165 - CPN selected for project level
2025-01-16 09:50:42,500 [INFO] CADModel:114 - Register for checkConnection events
2025-01-16 09:50:42,500 [FATAL] Updater:351 - Updater called before beeing initialized
2025-01-16 09:50:42,500 [ERROR] CADModel:125 - Updater not yet initialized, retry later 
2025-01-16 09:50:42,609 [FATAL] Updater:351 - Updater called before beeing initialized
2025-01-16 09:50:42,612 [INFO] CADModel:165 - CPN selected for project level
2025-01-16 09:50:42,612 [INFO] CADModel:114 - Register for checkConnection events
2025-01-16 09:50:42,612 [FATAL] Updater:351 - Updater called before beeing initialized
2025-01-16 09:50:42,612 [ERROR] CADModel:125 - Updater not yet initialized, retry later 
2025-01-16 09:50:42,615 [FATAL] Updater:351 - Updater called before beeing initialized
2025-01-16 09:50:42,759 [FATAL] Updater:351 - Updater called before beeing initialized
2025-01-16 09:50:42,764 [INFO] DbMcusAds:53 - JSON generation date=Tue Dec 17 16:01:15 WET 2024 (1734451275222)
2025-01-16 09:50:42,764 [FATAL] Updater:351 - Updater called before beeing initialized
2025-01-16 09:50:42,800 [WARN] DetailPanel:346 - Failed to get advertising image, set to default
2025-01-16 09:50:43,065 [FATAL] Updater:351 - Updater called before beeing initialized
2025-01-16 09:50:43,066 [FATAL] Updater:351 - Updater called before beeing initialized
2025-01-16 09:50:43,067 [FATAL] Updater:351 - Updater called before beeing initialized
2025-01-16 09:50:43,067 [WARN] DetailPanel:346 - Failed to get advertising image, set to default
2025-01-16 09:50:43,068 [FATAL] Updater:351 - Updater called before beeing initialized
2025-01-16 09:50:43,125 [ERROR] Updater:1198 - MainUpdater not yet initialized. External WinMGr cannot be set.
2025-01-16 09:50:43,128 [INFO] Updater:1134 - Updater Version found : 6.13.0
2025-01-16 09:50:43,148 [INFO] ApplicationProperties:184 - Using Application install path: C:\ST\STM32CubeIDE_1.17.0\STM32CubeIDE\plugins\com.st.stm32cube.common.mx_6.13.0.202411220809
2025-01-16 09:50:44,580 [INFO] ThirdPartyUpdaterWithRetryManager:70 - Updater plugin not ready yet. [2/15]
2025-01-16 09:50:44,718 [ERROR] LogOutputStream:75 - [STDERR_REDIRECT] Jan 16, 2025 9:50:44 AM java.util.prefs.WindowsPreferences <init>
2025-01-16 09:50:44,720 [ERROR] LogOutputStream:75 - [STDERR_REDIRECT] WARNING: Could not open/create prefs root node Software\JavaSoft\Prefs at root 0xffffffff80000002. Windows RegCreateKeyEx(...) returned error code 5.
2025-01-16 09:50:44,720 [ERROR] LogOutputStream:75 - [STDERR_REDIRECT] 
2025-01-16 09:50:45,036 [INFO] MainUpdater:2872 - connection check result : 10
2025-01-16 09:50:45,037 [INFO] MainUpdater:289 - Updater Check For Update Now.
2025-01-16 09:50:45,037 [INFO] MicroXplorer:498 - Change Database Version : DB.6.0.130
2025-01-16 09:50:45,048 [INFO] McuFinderGlobals:63 - Set McuFinder mode to 2 (CubeIDE integrated)
2025-01-16 09:50:45,049 [INFO] UserAuth:486 - Internet connection configuration mode: 1
2025-01-16 09:50:45,064 [INFO] JxBrowserEngine:152 - Initiate JxBrowser Engine with user profile folder
2025-01-16 09:50:45,216 [INFO] CheckServerUpdateThread:120 - End of CheckServer Thread
2025-01-16 09:50:45,587 [INFO] WebApp:168 - Instantiating new browser for Auth
2025-01-16 09:50:46,356 [INFO] WebApp:449 - Apply proxy settings
2025-01-16 09:50:46,357 [INFO] WebApp:534 - Chromium requires no authentication
2025-01-16 09:50:46,367 [INFO] WebApp:477 - Direct internet connection detected
2025-01-16 09:50:46,389 [INFO] WebApp:880 - Register for checkConnection events
2025-01-16 09:50:46,389 [INFO] WebApp:449 - Apply proxy settings
2025-01-16 09:50:46,389 [INFO] WebApp:534 - Chromium requires no authentication
2025-01-16 09:50:46,390 [INFO] WebApp:477 - Direct internet connection detected
2025-01-16 09:50:46,561 [INFO] WebApp:221 - Starting web application
2025-01-16 09:50:46,562 [INFO] WebApp:579 - Web application path used C:\ST\STM32CubeIDE_1.17.0\STM32CubeIDE\plugins\com.st.stm32cube.common.mx_6.13.0.202411220809\db\plugins\mcufinder\reactClient1\index.html
2025-01-16 09:50:46,657 [INFO] UserAuth:486 - Internet connection configuration mode: 1
2025-01-16 09:50:46,784 [INFO] WebApp:187 - Connection restablished
2025-01-16 09:50:47,756 [WARN] PackLoader:240 - Cannot read IP mode file for STMicroelectronics.FP-SNS-MOTENVWB1.1.4.0
2025-01-16 09:50:47,767 [WARN] PackLoader:240 - Cannot read IP mode file for STMicroelectronics.FP-ATR-ASTRA1.2.0.1
2025-01-16 09:50:47,775 [WARN] PackLoader:240 - Cannot read IP mode file for STMicroelectronics.X-CUBE-SMBUS.2.1.0
2025-01-16 09:50:47,784 [WARN] PackLoader:240 - Cannot read IP mode file for STMicroelectronics.X-CUBE-WB05N.1.1.0
2025-01-16 09:50:47,815 [WARN] PackLoader:240 - Cannot read IP mode file for STMicroelectronics.X-CUBE-AZRTOS-F7.1.1.0
2025-01-16 09:50:47,871 [WARN] PackLoader:240 - Cannot read IP mode file for STMicroelectronics.X-CUBE-MEMS1.11.0.0
2025-01-16 09:50:48,266 [WARN] PackLoader:240 - Cannot read IP mode file for STMicroelectronics.FP-SNS-FLIGHT1.5.0.2
2025-01-16 09:50:48,286 [WARN] PackLoader:240 - Cannot read IP mode file for Infineon.AIROC-Wi-Fi-Bluetooth-STM32.1.7.0
2025-01-16 09:50:48,297 [WARN] PackLoader:240 - Cannot read IP mode file for STMicroelectronics.X-CUBE-DISPLAY.3.0.0
2025-01-16 09:50:48,304 [WARN] PackLoader:240 - Cannot read IP mode file for STMicroelectronics.X-CUBE-BLE1.7.0.0
2025-01-16 09:50:48,309 [WARN] PackLoader:240 - Cannot read IP mode file for STMicroelectronics.X-CUBE-NFC10.1.0.0
2025-01-16 09:50:48,322 [WARN] PackLoader:240 - Cannot read IP mode file for STMicroelectronics.X-CUBE-BLEMGR.4.0.0
2025-01-16 09:50:48,332 [WARN] PackLoader:240 - Cannot read IP mode file for emotas.I-CUBE-CANOPEN.1.3.0
2025-01-16 09:50:48,350 [WARN] PackLoader:240 - Cannot read IP mode file for STMicroelectronics.X-CUBE-BLEMGR.3.1.0
2025-01-16 09:50:48,356 [WARN] PackLoader:240 - Cannot read IP mode file for STMicroelectronics.FP-SNS-SMARTAG2.1.2.0
2025-01-16 09:50:48,466 [WARN] PackLoader:240 - Cannot read IP mode file for STMicroelectronics.X-CUBE-MEMS1.11.1.0
2025-01-16 09:50:48,586 [INFO] LogOutputStream:77 - [STDOUT_REDIRECT] 1 : Invalid condition id : UX_CORESTACK_Condition cause : null
2025-01-16 09:50:48,586 [INFO] LogOutputStream:77 - [STDOUT_REDIRECT] 1 : Invalid condition id : UX_CORESTACK_Condition cause : null
2025-01-16 09:50:48,587 [INFO] LogOutputStream:77 - [STDOUT_REDIRECT] 1 : Invalid condition id : UX_CORESTACK_Condition cause : null
2025-01-16 09:50:48,589 [INFO] LogOutputStream:77 - [STDOUT_REDIRECT] 1 : Invalid condition id : UX_CORESTACK_Condition cause : null
2025-01-16 09:50:48,590 [INFO] LogOutputStream:77 - [STDOUT_REDIRECT] 1 : Invalid condition id : UX_CORESTACK_Condition cause : null
2025-01-16 09:50:48,592 [WARN] PackLoader:240 - Cannot read IP mode file for STMicroelectronics.X-CUBE-AZRTOS-WL.2.0.0
2025-01-16 09:50:48,598 [WARN] PackLoader:240 - Cannot read IP mode file for STMicroelectronics.FP-SNS-MOTENV1.5.0.0
2025-01-16 09:50:48,602 [WARN] PackLoader:240 - Cannot read IP mode file for wolfSSL.I-CUBE-wolfMQTT.1.19.0
2025-01-16 09:50:48,607 [WARN] PackLoader:240 - Cannot read IP mode file for WES.I-CUBE-Cesium.1.3.0
2025-01-16 09:50:48,613 [WARN] PackLoader:240 - Cannot read IP mode file for STMicroelectronics.X-CUBE-BLE2.3.3.0
2025-01-16 09:50:48,618 [WARN] PackLoader:240 - Cannot read IP mode file for STMicroelectronics.X-CUBE-NFC9.1.0.0
2025-01-16 09:50:48,623 [WARN] PackLoader:240 - Cannot read IP mode file for STMicroelectronics.X-CUBE-TCPP.4.1.0
2025-01-16 09:50:48,637 [WARN] PackLoader:240 - Cannot read IP mode file for STMicroelectronics.X-CUBE-AZRTOS-G0.1.1.0
2025-01-16 09:50:48,650 [WARN] PackLoader:240 - Cannot read IP mode file for STMicroelectronics.X-CUBE-SAFEA1.1.2.2
2025-01-16 09:50:48,654 [WARN] PackLoader:240 - Cannot read IP mode file for STMicroelectronics.X-CUBE-NFC4.3.0.0
2025-01-16 09:50:48,664 [WARN] PackLoader:240 - Cannot read IP mode file for EmbeddedOffice.I-CUBE-FS-RTOS.1.0.1
2025-01-16 09:50:48,668 [WARN] PackLoader:240 - Cannot read IP mode file for STMicroelectronics.X-CUBE-TCPP.4.2.0
2025-01-16 09:50:48,673 [WARN] PackLoader:240 - Cannot read IP mode file for RealThread.X-CUBE-RT-Thread_Nano.4.1.1
2025-01-16 09:50:48,684 [WARN] PackLoader:240 - Cannot read IP mode file for STMicroelectronics.FP-ATR-SIGFOX1.3.2.0
2025-01-16 09:50:48,688 [WARN] ConditionMgr:438 - getConditionDescription Invalid condition id : Cortex-A Device cause : null
2025-01-16 09:50:48,726 [WARN] ConditionMgr:1044 - genDependencies : Invalid condition id : Cortex-A Device cause : null
2025-01-16 09:50:48,726 [WARN] ConditionMgr:1044 - genDependencies : Invalid condition id : Cortex-A Device cause : null
2025-01-16 09:50:48,726 [WARN] ConditionMgr:1044 - genDependencies : Invalid condition id : Cortex-A Device cause : null
2025-01-16 09:50:48,758 [WARN] PackLoader:240 - Cannot read IP mode file for STMicroelectronics.X-CUBE-EEPRMA1.5.1.0
2025-01-16 09:50:48,766 [WARN] PackLoader:240 - Cannot read IP mode file for wolfSSL.I-CUBE-wolfSSL.5.7.4
2025-01-16 09:50:48,772 [WARN] PackLoader:240 - Cannot read IP mode file for ITTIA_DB.I-CUBE-ITTIADB.8.9.0
2025-01-16 09:50:48,805 [WARN] PackLoader:240 - Cannot read IP mode file for SEGGER.I-CUBE-embOS.1.3.1
2025-01-16 09:50:48,954 [WARN] PackLoader:240 - Cannot read IP mode file for STMicroelectronics.X-CUBE-ALGOBUILD.1.4.0
2025-01-16 09:50:48,974 [WARN] PackLoader:240 - Cannot read IP mode file for STMicroelectronics.X-CUBE-AI.9.1.0
2025-01-16 09:50:48,997 [WARN] PackLoader:240 - Cannot read IP mode file for STMicroelectronics.X-CUBE-AZRTOS-F4.1.1.0
2025-01-16 09:50:49,021 [WARN] PackLoader:240 - Cannot read IP mode file for STMicroelectronics.X-CUBE-ISPU.2.1.0
2025-01-16 09:50:49,026 [WARN] PackLoader:240 - Cannot read IP mode file for STMicroelectronics.X-CUBE-FREERTOS.1.2.0
2025-01-16 09:50:49,050 [WARN] PackLoader:240 - Cannot read IP mode file for STMicroelectronics.X-CUBE-AZRTOS-L5.2.0.0
2025-01-16 09:50:49,065 [WARN] PackLoader:240 - Cannot read IP mode file for STMicroelectronics.X-CUBE-NFC6.3.1.0
2025-01-16 09:50:49,074 [WARN] PackLoader:240 - Cannot read IP mode file for STMicroelectronics.X-CUBE-DPower.1.2.0
2025-01-16 09:50:49,082 [WARN] PackLoader:240 - Cannot read IP mode file for STMicroelectronics.X-CUBE-FREERTOS.1.3.0
2025-01-16 09:50:49,089 [WARN] PackLoader:240 - Cannot read IP mode file for STMicroelectronics.X-CUBE-NFC7.1.0.1
2025-01-16 09:50:49,108 [WARN] ConditionMgr:438 - getConditionDescription Invalid condition id : LAN8742 Phy interface Condition cause : null
2025-01-16 09:50:49,109 [WARN] PackLoader:240 - Cannot read IP mode file for STMicroelectronics.X-CUBE-AZRTOS-L4.2.0.0
2025-01-16 09:50:49,109 [WARN] ConditionMgr:1044 - genDependencies : Invalid condition id : LAN8742 Phy interface Condition cause : null
2025-01-16 09:50:49,110 [WARN] ConditionMgr:1044 - genDependencies : Invalid condition id : LAN8742 Phy interface Condition cause : null
2025-01-16 09:50:49,110 [WARN] ConditionMgr:1044 - genDependencies : Invalid condition id : LAN8742 Phy interface Condition cause : null
2025-01-16 09:50:49,118 [WARN] PackLoader:240 - Cannot read IP mode file for STMicroelectronics.X-CUBE-SFXS2LP1.4.0.0
2025-01-16 09:50:49,146 [WARN] PackLoader:240 - Cannot read IP mode file for STMicroelectronics.X-CUBE-AZRTOS-H7.3.3.0
2025-01-16 09:50:49,171 [WARN] PackLoader:240 - Cannot read IP mode file for STMicroelectronics.X-CUBE-IPS.3.0.0
2025-01-16 09:50:49,201 [WARN] ConditionMgr:438 - getConditionDescription Invalid condition id : UX DEVICE CLASS RTOS Condition cause : null
2025-01-16 09:50:49,201 [WARN] ConditionMgr:438 - getConditionDescription Invalid condition id : UX DEVICE CLASS RTOS Condition cause : null
2025-01-16 09:50:49,203 [WARN] PackLoader:240 - Cannot read IP mode file for STMicroelectronics.X-CUBE-AZRTOS-WB.2.0.0
2025-01-16 09:50:49,204 [WARN] ConditionMgr:1044 - genDependencies : Invalid condition id : UX DEVICE CLASS RTOS Condition cause : null
2025-01-16 09:50:49,204 [WARN] ConditionMgr:1044 - genDependencies : Invalid condition id : UX DEVICE CLASS RTOS Condition cause : null
2025-01-16 09:50:49,204 [WARN] ConditionMgr:1044 - genDependencies : Invalid condition id : UX DEVICE CLASS RTOS Condition cause : null
2025-01-16 09:50:49,204 [WARN] ConditionMgr:1044 - genDependencies : Invalid condition id : UX DEVICE CLASS RTOS Condition cause : null
2025-01-16 09:50:49,204 [WARN] ConditionMgr:1044 - genDependencies : Invalid condition id : UX DEVICE CLASS RTOS Condition cause : null
2025-01-16 09:50:49,213 [WARN] PackLoader:240 - Cannot read IP mode file for STMicroelectronics.X-CUBE-GNSS1.7.0.0
2025-01-16 09:50:49,219 [WARN] PackLoader:240 - Cannot read IP mode file for STMicroelectronics.X-CUBE-GNSS1.7.0.1
2025-01-16 09:50:49,224 [WARN] PackLoader:240 - Cannot read IP mode file for STMicroelectronics.FP-SNS-STBOX1.2.0.0
2025-01-16 09:50:49,237 [WARN] PackLoader:240 - Cannot read IP mode file for STMicroelectronics.X-CUBE-SUBG2.5.0.0
2025-01-16 09:50:49,248 [WARN] PackLoader:240 - Cannot read IP mode file for Cesanta.I-CUBE-Mongoose.7.13.0
2025-01-16 09:50:49,258 [WARN] PackLoader:240 - Cannot read IP mode file for STMicroelectronics.X-CUBE-AZRTOS-G4.2.0.0
2025-01-16 09:50:49,269 [WARN] PackLoader:240 - Cannot read IP mode file for STMicroelectronics.X-CUBE-IPS.3.1.0
2025-01-16 09:50:49,281 [WARN] PackLoader:240 - Cannot read IP mode file for STMicroelectronics.X-CUBE-ALS.1.0.2
2025-01-16 09:50:49,288 [WARN] PackLoader:240 - Cannot read IP mode file for STMicroelectronics.X-CUBE-TOUCHGFX.4.24.2
2025-01-16 09:50:49,292 [WARN] PackLoader:240 - Cannot read IP mode file for STMicroelectronics.X-CUBE-TOUCHGFX.4.24.1
2025-01-16 09:50:49,299 [WARN] PackLoader:240 - Cannot read IP mode file for wolfSSL.I-CUBE-wolfTPM.3.4.0
2025-01-16 09:50:49,304 [WARN] PackLoader:240 - Cannot read IP mode file for portGmbH.I-Cube-SoM-uGOAL.1.1.0
2025-01-16 09:50:49,323 [WARN] PackLoader:240 - Cannot read IP mode file for STMicroelectronics.X-CUBE-AZRTOS-H7RS.1.0.0
2025-01-16 09:50:49,335 [WARN] PackLoader:240 - Cannot read IP mode file for STMicroelectronics.X-CUBE-TOF1.3.4.2
2025-01-16 09:50:49,349 [WARN] PackLoader:240 - Cannot read IP mode file for wolfSSL.I-CUBE-wolfSSH.1.4.17
2025-01-16 09:50:49,350 [INFO] ThirdParty:978 - Integrity check success = true
2025-01-16 09:50:49,350 [INFO] IntegrityCheckThread:100 - exiting critical section [integrity check]
2025-01-16 09:50:49,350 [INFO] IntegrityCheckThread:103 - End integrity checks thread
2025-01-16 10:01:53,797 [ERROR] LogOutputStream:75 - [STDERR_REDIRECT] 
2025-01-16 10:01:53,798 [ERROR] LogOutputStream:75 - [STDERR_REDIRECT] 
2025-01-16 10:02:12,110 [INFO] Activator:176 - 


2025-01-16 10:02:12,112 [INFO] Activator:177 - !SESSION log4j initialized
2025-01-16 10:02:17,107 [INFO] LogOutputStream:77 - [STDOUT_REDIRECT] 
2025-01-16 10:02:17,965 [INFO] ApplicationProperties:184 - Using Application install path: C:\ST\STM32CubeIDE_1.17.0\STM32CubeIDE\plugins\com.st.stm32cube.common.mx_6.13.0.202411220809
2025-01-16 10:02:17,981 [INFO] DbMcusXml:78 - Set database path to: C:\ST\STM32CubeIDE_1.17.0\STM32CubeIDE\plugins\com.st.stm32cube.common.mx_6.13.0.202411220809\\db\/mcu/
2025-01-16 10:02:17,982 [INFO] ApiDb:274 - Set plugin database path to: C:\ST\STM32CubeIDE_1.17.0\STM32CubeIDE\plugins\com.st.stm32cube.common.mx_6.13.0.202411220809\\db\/plugins/boardmanager/
2025-01-16 10:02:17,982 [WARN] ApiDb:259 - Overriding images path with different value:  => C:\ST\STM32CubeIDE_1.17.0\STM32CubeIDE\plugins\com.st.stm32cube.common.mx_6.13.0.202411220809\\db\/plugins/mcufinder/images/
2025-01-16 10:02:17,987 [INFO] ApiDb:250 - Set database path to: C:\Users\Admin.ONTPC12\.stmcufinder\plugins\mcufinder//mcu/
2025-01-16 10:02:17,989 [INFO] DbMcusAds:125 - Set database path to: C:\Users\Admin.ONTPC12\.stmcufinder\plugins\mcufinder//mcu/
2025-01-16 10:02:17,992 [INFO] CrossReferenceDbSqlite:203 - Set database path to: C:\Users\Admin.ONTPC12\.stmcufinder\plugins\mcufinder//mcu/cs/
2025-01-16 10:02:18,117 [INFO] RulesReader:64 - Compatibility file has been processed (297 Rules)
2025-01-16 10:02:18,208 [INFO] DbMcusXml:78 - Set database path to: C:\ST\STM32CubeIDE_1.17.0\STM32CubeIDE\plugins\com.st.stm32cube.common.mx_6.13.0.202411220809\\db\/mcu/
2025-01-16 10:02:18,208 [INFO] ApiDb:274 - Set plugin database path to: C:\ST\STM32CubeIDE_1.17.0\STM32CubeIDE\plugins\com.st.stm32cube.common.mx_6.13.0.202411220809\\db\/plugins/boardmanager/
2025-01-16 10:02:18,208 [INFO] ApiDb:261 - Set plugin images path to: C:\ST\STM32CubeIDE_1.17.0\STM32CubeIDE\plugins\com.st.stm32cube.common.mx_6.13.0.202411220809\\db\/plugins/mcufinder/images/
2025-01-16 10:02:18,209 [WARN] DbFile:41 - Overriding database path with different value: C:\Users\Admin.ONTPC12\.stmcufinder\plugins\mcufinder/ => C:\Users\Admin.ONTPC12\.stmcufinder\plugins\mcufinder
2025-01-16 10:02:18,210 [INFO] ApiDb:250 - Set database path to: C:\Users\Admin.ONTPC12\.stmcufinder\plugins\mcufinder//mcu/
2025-01-16 10:02:18,210 [WARN] DbFile:41 - Overriding database path with different value: C:\Users\Admin.ONTPC12\.stmcufinder\plugins\mcufinder/ => C:\Users\Admin.ONTPC12\.stmcufinder\plugins\mcufinder
2025-01-16 10:02:18,210 [INFO] DbMcusAds:125 - Set database path to: C:\Users\Admin.ONTPC12\.stmcufinder\plugins\mcufinder//mcu/
2025-01-16 10:02:18,210 [WARN] DbFile:41 - Overriding database path with different value: C:\Users\Admin.ONTPC12\.stmcufinder\plugins\mcufinder/ => C:\Users\Admin.ONTPC12\.stmcufinder\plugins\mcufinder
2025-01-16 10:02:18,210 [WARN] DbFile:41 - Overriding database path with different value: C:\Users\Admin.ONTPC12\.stmcufinder\plugins\mcufinder/ => C:\Users\Admin.ONTPC12\.stmcufinder\plugins\mcufinder
2025-01-16 10:02:18,210 [INFO] CrossReferenceDbSqlite:203 - Set database path to: C:\Users\Admin.ONTPC12\.stmcufinder\plugins\mcufinder//mcu/cs/
2025-01-16 10:02:18,297 [INFO] MainPanel:272 - HeapMemory: 268435456
2025-01-16 10:02:18,389 [INFO] DbMcusXml:78 - Set database path to: C:\ST\STM32CubeIDE_1.17.0\STM32CubeIDE\plugins\com.st.stm32cube.common.mx_6.13.0.202411220809\\db\/mcu/
2025-01-16 10:02:18,389 [INFO] ApiDb:274 - Set plugin database path to: C:\ST\STM32CubeIDE_1.17.0\STM32CubeIDE\plugins\com.st.stm32cube.common.mx_6.13.0.202411220809\\db\/plugins/boardmanager/
2025-01-16 10:02:18,389 [INFO] ApiDb:261 - Set plugin images path to: C:\ST\STM32CubeIDE_1.17.0\STM32CubeIDE\plugins\com.st.stm32cube.common.mx_6.13.0.202411220809\\db\/plugins/mcufinder/images/
2025-01-16 10:02:18,390 [WARN] DbFile:41 - Overriding database path with different value: C:\Users\Admin.ONTPC12\.stmcufinder\plugins\mcufinder/ => C:\Users\Admin.ONTPC12\.stmcufinder\plugins\mcufinder
2025-01-16 10:02:18,390 [INFO] ApiDb:250 - Set database path to: C:\Users\Admin.ONTPC12\.stmcufinder\plugins\mcufinder//mcu/
2025-01-16 10:02:18,390 [WARN] DbFile:41 - Overriding database path with different value: C:\Users\Admin.ONTPC12\.stmcufinder\plugins\mcufinder/ => C:\Users\Admin.ONTPC12\.stmcufinder\plugins\mcufinder
2025-01-16 10:02:18,390 [INFO] DbMcusAds:125 - Set database path to: C:\Users\Admin.ONTPC12\.stmcufinder\plugins\mcufinder//mcu/
2025-01-16 10:02:18,390 [WARN] DbFile:41 - Overriding database path with different value: C:\Users\Admin.ONTPC12\.stmcufinder\plugins\mcufinder/ => C:\Users\Admin.ONTPC12\.stmcufinder\plugins\mcufinder
2025-01-16 10:02:18,390 [WARN] DbFile:41 - Overriding database path with different value: C:\Users\Admin.ONTPC12\.stmcufinder\plugins\mcufinder/ => C:\Users\Admin.ONTPC12\.stmcufinder\plugins\mcufinder
2025-01-16 10:02:18,390 [INFO] CrossReferenceDbSqlite:203 - Set database path to: C:\Users\Admin.ONTPC12\.stmcufinder\plugins\mcufinder//mcu/cs/
2025-01-16 10:02:18,408 [INFO] ApplicationProperties:184 - Using Application install path: C:\ST\STM32CubeIDE_1.17.0\STM32CubeIDE\plugins\com.st.stm32cube.common.mx_6.13.0.202411220809
2025-01-16 10:02:18,409 [INFO] PluginManage:196 - Search for loadable plugins [exclusion list=, ]
2025-01-16 10:02:18,411 [INFO] PluginManage:310 - Check plugin analytics
2025-01-16 10:02:18,578 [INFO] AnalyticsPlugin:253 - Accepted Software Licenses: 
2025-01-16 10:02:18,579 [INFO] AnalyticsPlugin:255 - Accepted CMSIS Pack Licenses: 
2025-01-16 10:02:18,579 [INFO] AnalyticsPlugin:257 - Accepted Firmware Licenses: FW.F4.1.28.0
2025-01-16 10:02:18,583 [INFO] PluginManage:359 - Loaded plugin analytics (category:tool,tabindex:-1)
2025-01-16 10:02:18,583 [INFO] PluginManage:310 - Check plugin cadmodel
2025-01-16 10:02:18,587 [INFO] CADModel:105 - Init CAD model plugin
2025-01-16 10:02:18,587 [INFO] PluginManage:359 - Loaded plugin cadmodel (category:power,tabindex:5)
2025-01-16 10:02:18,587 [INFO] PluginManage:310 - Check plugin clock
2025-01-16 10:02:18,596 [INFO] PluginManage:359 - Loaded plugin clock (category:base,tabindex:2)
2025-01-16 10:02:18,596 [INFO] PluginManage:310 - Check plugin ddr
2025-01-16 10:02:18,598 [INFO] PluginManage:359 - Loaded plugin ddr (category:tool,tabindex:6)
2025-01-16 10:02:18,598 [INFO] PluginManage:310 - Check plugin filemanager
2025-01-16 10:02:18,727 [INFO] PluginManage:359 - Loaded plugin filemanager (category:base,tabindex:10)
2025-01-16 10:02:18,727 [INFO] PluginManage:310 - Check plugin ipmanager
2025-01-16 10:02:18,735 [INFO] PluginManage:359 - Loaded plugin ipmanager (category:base,tabindex:5)
2025-01-16 10:02:18,735 [INFO] PluginManage:310 - Check plugin lpbam
2025-01-16 10:02:18,744 [INFO] PluginManage:359 - Loaded plugin lpbam (category:base,tabindex:0)
2025-01-16 10:02:18,744 [INFO] PluginManage:310 - Check plugin memorymap
2025-01-16 10:02:18,756 [INFO] PluginManage:359 - Loaded plugin memorymap (category:base,tabindex:4)
2025-01-16 10:02:18,756 [INFO] PluginManage:310 - Check plugin pinoutandconfiguration
2025-01-16 10:02:18,764 [INFO] PluginManage:359 - Loaded plugin pinoutandconfiguration (category:base,tabindex:1)
2025-01-16 10:02:18,765 [INFO] PluginManage:310 - Check plugin pinoutconfig
2025-01-16 10:02:18,858 [WARN] SupportedApi:132 - Cannot load RTOS API schema: s4s-elt-must-match.1: The content of 'definitions' must match (annotation?, (simpleType | complexType)?, (unique | key | keyref)*)). A problem was found starting at: attribute.
2025-01-16 10:02:19,028 [INFO] PluginManage:359 - Loaded plugin pinoutconfig (category:base,tabindex:0)
2025-01-16 10:02:19,029 [INFO] PluginManage:310 - Check plugin power
2025-01-16 10:02:19,037 [INFO] PluginManage:359 - Loaded plugin power (category:power,tabindex:4)
2025-01-16 10:02:19,037 [INFO] PluginManage:310 - Check plugin projectmanager
2025-01-16 10:02:19,053 [INFO] PluginManage:359 - Loaded plugin projectmanager (category:projectmanager,tabindex:4)
2025-01-16 10:02:19,054 [INFO] PluginManage:310 - Check plugin rif
2025-01-16 10:02:19,060 [INFO] PluginManage:359 - Loaded plugin rif (category:base,tabindex:3)
2025-01-16 10:02:19,060 [INFO] PluginManage:310 - Check plugin thirdparty
2025-01-16 10:02:19,174 [INFO] PluginManage:359 - Loaded plugin thirdparty (category:base,tabindex:-1)
2025-01-16 10:02:19,175 [INFO] PluginManage:310 - Check plugin tools
2025-01-16 10:02:19,178 [INFO] PluginManage:359 - Loaded plugin tools (category:base,tabindex:7)
2025-01-16 10:02:19,178 [INFO] PluginManage:310 - Check plugin tutovideos
2025-01-16 10:02:19,174 [WARN] IntegrityCheckThread:84 - waiting for thirdparty lock release [integrity check]
2025-01-16 10:02:19,179 [INFO] IntegrityCheckThread:86 - entering critical section [integrity check]
2025-01-16 10:02:19,180 [INFO] ThirdPartyUpdaterWithRetryManager:70 - Updater plugin not ready yet. [1/15]
2025-01-16 10:02:19,318 [INFO] PluginManage:359 - Loaded plugin tutovideos (category:base,tabindex:-1)
2025-01-16 10:02:19,318 [INFO] PluginManage:310 - Check plugin updater
2025-01-16 10:02:19,337 [INFO] PluginManage:359 - Loaded plugin updater (category:base,tabindex:12)
2025-01-16 10:02:19,337 [INFO] PluginManage:310 - Check plugin userauth
2025-01-16 10:02:19,341 [INFO] UserAuth:118 - Init User Auth plugin
2025-01-16 10:02:19,342 [INFO] PluginManage:359 - Loaded plugin userauth (category:base,tabindex:14)
2025-01-16 10:02:19,342 [INFO] PluginManage:283 - PluginManage : Loaded plugins [18]
2025-01-16 10:02:19,553 [INFO] PinOutPanel:1589 - setPackage(No Configuration,No Configuration)
2025-01-16 10:02:19,630 [INFO] CADModel:165 - CPN selected for project level
2025-01-16 10:02:19,630 [INFO] CADModel:114 - Register for checkConnection events
2025-01-16 10:02:19,643 [INFO] IPUIPlugin:80 - create IPUIPlugin
2025-01-16 10:02:19,643 [INFO] PluginManager:220 - loadIPPluginJar : add adc
2025-01-16 10:02:19,645 [INFO] IPUIPlugin:80 - create IPUIPlugin
2025-01-16 10:02:19,645 [INFO] PluginManager:220 - loadIPPluginJar : add aes
2025-01-16 10:02:19,647 [INFO] IPUIPlugin:80 - create IPUIPlugin
2025-01-16 10:02:19,648 [INFO] PluginManager:220 - loadIPPluginJar : add can
2025-01-16 10:02:19,649 [INFO] IPUIPlugin:80 - create IPUIPlugin
2025-01-16 10:02:19,649 [INFO] PluginManager:220 - loadIPPluginJar : add comp
2025-01-16 10:02:19,651 [INFO] IPUIPlugin:80 - create IPUIPlugin
2025-01-16 10:02:19,651 [INFO] PluginManager:220 - loadIPPluginJar : add cryp
2025-01-16 10:02:19,653 [INFO] IPUIPlugin:80 - create IPUIPlugin
2025-01-16 10:02:19,653 [INFO] PluginManager:220 - loadIPPluginJar : add ddr_ctrl_phy
2025-01-16 10:02:19,654 [INFO] IPUIPlugin:80 - create IPUIPlugin
2025-01-16 10:02:19,654 [INFO] PluginManager:220 - loadIPPluginJar : add dfsdm
2025-01-16 10:02:19,658 [INFO] IPUIPlugin:80 - create IPUIPlugin
2025-01-16 10:02:19,659 [INFO] PluginManager:220 - loadIPPluginJar : add dma
2025-01-16 10:02:19,661 [INFO] IPUIPlugin:80 - create IPUIPlugin
2025-01-16 10:02:19,661 [INFO] PluginManager:220 - loadIPPluginJar : add dma3
2025-01-16 10:02:19,663 [INFO] IPUIPlugin:80 - create IPUIPlugin
2025-01-16 10:02:19,663 [INFO] PluginManager:220 - loadIPPluginJar : add extmemmanager
2025-01-16 10:02:19,664 [INFO] IPUIPlugin:80 - create IPUIPlugin
2025-01-16 10:02:19,664 [INFO] PluginManager:220 - loadIPPluginJar : add fatfs
2025-01-16 10:02:19,668 [INFO] IPUIPlugin:80 - create IPUIPlugin
2025-01-16 10:02:19,668 [INFO] PluginManager:220 - loadIPPluginJar : add fmc
2025-01-16 10:02:19,673 [INFO] IPUIPlugin:80 - create IPUIPlugin
2025-01-16 10:02:19,673 [INFO] PluginManager:220 - loadIPPluginJar : add freertos
2025-01-16 10:02:19,675 [INFO] IPUIPlugin:80 - create IPUIPlugin
2025-01-16 10:02:19,675 [INFO] PluginManager:220 - loadIPPluginJar : add genericplugin
2025-01-16 10:02:19,676 [INFO] IPUIPlugin:80 - create IPUIPlugin
2025-01-16 10:02:19,677 [INFO] PluginManager:220 - loadIPPluginJar : add gfxmmu
2025-01-16 10:02:19,681 [INFO] IPUIPlugin:80 - create IPUIPlugin
2025-01-16 10:02:19,681 [INFO] PluginManager:220 - loadIPPluginJar : add gic
2025-01-16 10:02:19,684 [INFO] IPUIPlugin:80 - create IPUIPlugin
2025-01-16 10:02:19,685 [INFO] PluginManager:220 - loadIPPluginJar : add gpio
2025-01-16 10:02:19,687 [INFO] IPUIPlugin:80 - create IPUIPlugin
2025-01-16 10:02:19,687 [INFO] PluginManager:220 - loadIPPluginJar : add gtzc
2025-01-16 10:02:19,689 [INFO] IPUIPlugin:80 - create IPUIPlugin
2025-01-16 10:02:19,689 [INFO] PluginManager:220 - loadIPPluginJar : add hash
2025-01-16 10:02:19,691 [INFO] IPUIPlugin:80 - create IPUIPlugin
2025-01-16 10:02:19,692 [INFO] PluginManager:220 - loadIPPluginJar : add i2c
2025-01-16 10:02:19,694 [INFO] IPUIPlugin:80 - create IPUIPlugin
2025-01-16 10:02:19,694 [INFO] PluginManager:220 - loadIPPluginJar : add i2s
2025-01-16 10:02:19,696 [INFO] IPUIPlugin:80 - create IPUIPlugin
2025-01-16 10:02:19,696 [INFO] PluginManager:220 - loadIPPluginJar : add i3c
2025-01-16 10:02:19,699 [INFO] IPUIPlugin:80 - create IPUIPlugin
2025-01-16 10:02:19,699 [INFO] PluginManager:220 - loadIPPluginJar : add ipddr
2025-01-16 10:02:19,704 [INFO] IPUIPlugin:80 - create IPUIPlugin
2025-01-16 10:02:19,704 [INFO] PluginManager:220 - loadIPPluginJar : add linkedlist
2025-01-16 10:02:19,706 [INFO] IPUIPlugin:80 - create IPUIPlugin
2025-01-16 10:02:19,706 [INFO] PluginManager:220 - loadIPPluginJar : add lorawan
2025-01-16 10:02:19,707 [INFO] IPUIPlugin:80 - create IPUIPlugin
2025-01-16 10:02:19,707 [INFO] PluginManager:220 - loadIPPluginJar : add ltdc
2025-01-16 10:02:19,712 [INFO] IPUIPlugin:80 - create IPUIPlugin
2025-01-16 10:02:19,712 [INFO] PluginManager:220 - loadIPPluginJar : add mdma
2025-01-16 10:02:19,715 [INFO] IPUIPlugin:80 - create IPUIPlugin
2025-01-16 10:02:19,715 [INFO] PluginManager:220 - loadIPPluginJar : add nvic
2025-01-16 10:02:19,717 [INFO] IPUIPlugin:80 - create IPUIPlugin
2025-01-16 10:02:19,717 [INFO] PluginManager:220 - loadIPPluginJar : add opamp
2025-01-16 10:02:19,720 [INFO] IPUIPlugin:80 - create IPUIPlugin
2025-01-16 10:02:19,720 [INFO] PluginManager:220 - loadIPPluginJar : add openamp
2025-01-16 10:02:19,723 [INFO] IPUIPlugin:80 - create IPUIPlugin
2025-01-16 10:02:19,723 [INFO] PluginManager:220 - loadIPPluginJar : add pdm2pcm
2025-01-16 10:02:19,728 [INFO] IPUIPlugin:80 - create IPUIPlugin
2025-01-16 10:02:19,731 [INFO] PluginManager:220 - loadIPPluginJar : add plateformsettings
2025-01-16 10:02:19,732 [INFO] IPUIPlugin:80 - create IPUIPlugin
2025-01-16 10:02:19,732 [INFO] PluginManager:220 - loadIPPluginJar : add quadspi
2025-01-16 10:02:19,734 [INFO] IPUIPlugin:80 - create IPUIPlugin
2025-01-16 10:02:19,735 [INFO] PluginManager:220 - loadIPPluginJar : add radio
2025-01-16 10:02:19,739 [INFO] IPUIPlugin:80 - create IPUIPlugin
2025-01-16 10:02:19,739 [INFO] PluginManager:220 - loadIPPluginJar : add resmgrutility
2025-01-16 10:02:19,742 [INFO] IPUIPlugin:80 - create IPUIPlugin
2025-01-16 10:02:19,742 [INFO] PluginManager:220 - loadIPPluginJar : add sai
2025-01-16 10:02:19,744 [INFO] IPUIPlugin:80 - create IPUIPlugin
2025-01-16 10:02:19,745 [INFO] PluginManager:220 - loadIPPluginJar : add spi
2025-01-16 10:02:19,750 [INFO] IPUIPlugin:80 - create IPUIPlugin
2025-01-16 10:02:19,750 [INFO] PluginManager:220 - loadIPPluginJar : add stm32_wpan
2025-01-16 10:02:19,752 [INFO] IPUIPlugin:80 - create IPUIPlugin
2025-01-16 10:02:19,752 [INFO] PluginManager:220 - loadIPPluginJar : add tim
2025-01-16 10:02:19,755 [INFO] IPUIPlugin:80 - create IPUIPlugin
2025-01-16 10:02:19,755 [INFO] PluginManager:220 - loadIPPluginJar : add touchsensing
2025-01-16 10:02:19,757 [INFO] IPUIPlugin:80 - create IPUIPlugin
2025-01-16 10:02:19,757 [INFO] PluginManager:220 - loadIPPluginJar : add tracer_emb
2025-01-16 10:02:19,759 [INFO] IPUIPlugin:80 - create IPUIPlugin
2025-01-16 10:02:19,759 [INFO] PluginManager:220 - loadIPPluginJar : add ts
2025-01-16 10:02:19,761 [INFO] IPUIPlugin:80 - create IPUIPlugin
2025-01-16 10:02:19,761 [INFO] PluginManager:220 - loadIPPluginJar : add tsc
2025-01-16 10:02:19,763 [INFO] IPUIPlugin:80 - create IPUIPlugin
2025-01-16 10:02:19,763 [INFO] PluginManager:220 - loadIPPluginJar : add ucpd
2025-01-16 10:02:19,766 [INFO] IPUIPlugin:80 - create IPUIPlugin
2025-01-16 10:02:19,766 [INFO] PluginManager:220 - loadIPPluginJar : add usart
2025-01-16 10:02:19,769 [INFO] IPUIPlugin:80 - create IPUIPlugin
2025-01-16 10:02:19,769 [INFO] PluginManager:220 - loadIPPluginJar : add usbx
2025-01-16 10:02:19,898 [FATAL] Updater:351 - Updater called before beeing initialized
2025-01-16 10:02:19,922 [INFO] RulesReader:64 - Compatibility file has been processed (297 Rules)
2025-01-16 10:02:19,932 [INFO] RulesReader:64 - Compatibility file has been processed (297 Rules)
2025-01-16 10:02:19,938 [INFO] CADModel:165 - CPN selected for project level
2025-01-16 10:02:19,939 [INFO] CADModel:114 - Register for checkConnection events
2025-01-16 10:02:19,939 [FATAL] Updater:351 - Updater called before beeing initialized
2025-01-16 10:02:19,939 [ERROR] CADModel:125 - Updater not yet initialized, retry later 
2025-01-16 10:02:20,072 [FATAL] Updater:351 - Updater called before beeing initialized
2025-01-16 10:02:20,073 [INFO] CADModel:165 - CPN selected for project level
2025-01-16 10:02:20,074 [INFO] CADModel:114 - Register for checkConnection events
2025-01-16 10:02:20,074 [FATAL] Updater:351 - Updater called before beeing initialized
2025-01-16 10:02:20,074 [ERROR] CADModel:125 - Updater not yet initialized, retry later 
2025-01-16 10:02:20,078 [FATAL] Updater:351 - Updater called before beeing initialized
2025-01-16 10:02:20,175 [FATAL] Updater:351 - Updater called before beeing initialized
2025-01-16 10:02:20,179 [INFO] DbMcusAds:53 - JSON generation date=Tue Dec 17 16:01:15 WET 2024 (1734451275222)
2025-01-16 10:02:20,179 [FATAL] Updater:351 - Updater called before beeing initialized
2025-01-16 10:02:20,211 [WARN] DetailPanel:346 - Failed to get advertising image, set to default
2025-01-16 10:02:20,460 [FATAL] Updater:351 - Updater called before beeing initialized
2025-01-16 10:02:20,461 [FATAL] Updater:351 - Updater called before beeing initialized
2025-01-16 10:02:20,462 [FATAL] Updater:351 - Updater called before beeing initialized
2025-01-16 10:02:20,462 [WARN] DetailPanel:346 - Failed to get advertising image, set to default
2025-01-16 10:02:20,463 [FATAL] Updater:351 - Updater called before beeing initialized
2025-01-16 10:02:20,506 [ERROR] Updater:1198 - MainUpdater not yet initialized. External WinMGr cannot be set.
2025-01-16 10:02:20,508 [INFO] Updater:1134 - Updater Version found : 6.13.0
2025-01-16 10:02:20,524 [INFO] ApplicationProperties:184 - Using Application install path: C:\ST\STM32CubeIDE_1.17.0\STM32CubeIDE\plugins\com.st.stm32cube.common.mx_6.13.0.202411220809
2025-01-16 10:02:22,093 [ERROR] LogOutputStream:75 - [STDERR_REDIRECT] Jan 16, 2025 10:02:22 AM java.util.prefs.WindowsPreferences <init>
2025-01-16 10:02:22,094 [ERROR] LogOutputStream:75 - [STDERR_REDIRECT] WARNING: Could not open/create prefs root node Software\JavaSoft\Prefs at root 0xffffffff80000002. Windows RegCreateKeyEx(...) returned error code 5.
2025-01-16 10:02:22,094 [ERROR] LogOutputStream:75 - [STDERR_REDIRECT] 
2025-01-16 10:02:22,183 [INFO] ThirdPartyUpdaterWithRetryManager:70 - Updater plugin not ready yet. [2/15]
2025-01-16 10:02:22,332 [INFO] MainUpdater:2872 - connection check result : 10
2025-01-16 10:02:22,333 [INFO] MainUpdater:289 - Updater Check For Update Now.
2025-01-16 10:02:22,333 [INFO] MicroXplorer:498 - Change Database Version : DB.6.0.130
2025-01-16 10:02:22,339 [INFO] McuFinderGlobals:63 - Set McuFinder mode to 2 (CubeIDE integrated)
2025-01-16 10:02:22,339 [INFO] UserAuth:486 - Internet connection configuration mode: 1
2025-01-16 10:02:22,355 [INFO] JxBrowserEngine:152 - Initiate JxBrowser Engine with user profile folder
2025-01-16 10:02:22,516 [INFO] CheckServerUpdateThread:120 - End of CheckServer Thread
2025-01-16 10:02:22,894 [INFO] WebApp:168 - Instantiating new browser for Auth
2025-01-16 10:02:23,532 [INFO] WebApp:449 - Apply proxy settings
2025-01-16 10:02:23,532 [INFO] WebApp:534 - Chromium requires no authentication
2025-01-16 10:02:23,539 [INFO] WebApp:477 - Direct internet connection detected
2025-01-16 10:02:23,560 [INFO] WebApp:880 - Register for checkConnection events
2025-01-16 10:02:23,560 [INFO] WebApp:449 - Apply proxy settings
2025-01-16 10:02:23,560 [INFO] WebApp:534 - Chromium requires no authentication
2025-01-16 10:02:23,560 [INFO] WebApp:477 - Direct internet connection detected
2025-01-16 10:02:23,719 [INFO] WebApp:221 - Starting web application
2025-01-16 10:02:23,719 [INFO] WebApp:579 - Web application path used C:\ST\STM32CubeIDE_1.17.0\STM32CubeIDE\plugins\com.st.stm32cube.common.mx_6.13.0.202411220809\db\plugins\mcufinder\reactClient1\index.html
2025-01-16 10:02:23,809 [INFO] UserAuth:486 - Internet connection configuration mode: 1
2025-01-16 10:02:23,963 [INFO] WebApp:187 - Connection restablished
2025-01-16 10:02:25,348 [WARN] PackLoader:240 - Cannot read IP mode file for STMicroelectronics.FP-SNS-MOTENVWB1.1.4.0
2025-01-16 10:02:25,356 [WARN] PackLoader:240 - Cannot read IP mode file for STMicroelectronics.FP-ATR-ASTRA1.2.0.1
2025-01-16 10:02:25,370 [WARN] PackLoader:240 - Cannot read IP mode file for STMicroelectronics.X-CUBE-SMBUS.2.1.0
2025-01-16 10:02:25,381 [WARN] PackLoader:240 - Cannot read IP mode file for STMicroelectronics.X-CUBE-WB05N.1.1.0
2025-01-16 10:02:25,409 [WARN] PackLoader:240 - Cannot read IP mode file for STMicroelectronics.X-CUBE-AZRTOS-F7.1.1.0
2025-01-16 10:02:25,458 [WARN] PackLoader:240 - Cannot read IP mode file for STMicroelectronics.X-CUBE-MEMS1.11.0.0
2025-01-16 10:02:25,619 [WARN] PackLoader:240 - Cannot read IP mode file for STMicroelectronics.FP-SNS-FLIGHT1.5.0.2
2025-01-16 10:02:25,653 [WARN] PackLoader:240 - Cannot read IP mode file for Infineon.AIROC-Wi-Fi-Bluetooth-STM32.1.7.0
2025-01-16 10:02:25,667 [WARN] PackLoader:240 - Cannot read IP mode file for STMicroelectronics.X-CUBE-DISPLAY.3.0.0
2025-01-16 10:02:25,676 [WARN] PackLoader:240 - Cannot read IP mode file for STMicroelectronics.X-CUBE-BLE1.7.0.0
2025-01-16 10:02:25,682 [WARN] PackLoader:240 - Cannot read IP mode file for STMicroelectronics.X-CUBE-NFC10.1.0.0
2025-01-16 10:02:25,691 [WARN] PackLoader:240 - Cannot read IP mode file for STMicroelectronics.X-CUBE-BLEMGR.4.0.0
2025-01-16 10:02:25,705 [WARN] PackLoader:240 - Cannot read IP mode file for emotas.I-CUBE-CANOPEN.1.3.0
2025-01-16 10:02:25,720 [WARN] PackLoader:240 - Cannot read IP mode file for STMicroelectronics.X-CUBE-BLEMGR.3.1.0
2025-01-16 10:02:25,726 [WARN] PackLoader:240 - Cannot read IP mode file for STMicroelectronics.FP-SNS-SMARTAG2.1.2.0
2025-01-16 10:02:25,896 [WARN] PackLoader:240 - Cannot read IP mode file for STMicroelectronics.X-CUBE-MEMS1.11.1.0
2025-01-16 10:02:26,016 [INFO] LogOutputStream:77 - [STDOUT_REDIRECT] 1 : Invalid condition id : UX_CORESTACK_Condition cause : null
2025-01-16 10:02:26,016 [INFO] LogOutputStream:77 - [STDOUT_REDIRECT] 1 : Invalid condition id : UX_CORESTACK_Condition cause : null
2025-01-16 10:02:26,017 [INFO] LogOutputStream:77 - [STDOUT_REDIRECT] 1 : Invalid condition id : UX_CORESTACK_Condition cause : null
2025-01-16 10:02:26,018 [INFO] LogOutputStream:77 - [STDOUT_REDIRECT] 1 : Invalid condition id : UX_CORESTACK_Condition cause : null
2025-01-16 10:02:26,020 [INFO] LogOutputStream:77 - [STDOUT_REDIRECT] 1 : Invalid condition id : UX_CORESTACK_Condition cause : null
2025-01-16 10:02:26,022 [WARN] PackLoader:240 - Cannot read IP mode file for STMicroelectronics.X-CUBE-AZRTOS-WL.2.0.0
2025-01-16 10:02:26,028 [WARN] PackLoader:240 - Cannot read IP mode file for STMicroelectronics.FP-SNS-MOTENV1.5.0.0
2025-01-16 10:02:26,033 [WARN] PackLoader:240 - Cannot read IP mode file for wolfSSL.I-CUBE-wolfMQTT.1.19.0
2025-01-16 10:02:26,040 [WARN] PackLoader:240 - Cannot read IP mode file for WES.I-CUBE-Cesium.1.3.0
2025-01-16 10:02:26,045 [WARN] PackLoader:240 - Cannot read IP mode file for STMicroelectronics.X-CUBE-BLE2.3.3.0
2025-01-16 10:02:26,052 [WARN] PackLoader:240 - Cannot read IP mode file for STMicroelectronics.X-CUBE-NFC9.1.0.0
2025-01-16 10:02:26,058 [WARN] PackLoader:240 - Cannot read IP mode file for STMicroelectronics.X-CUBE-TCPP.4.1.0
2025-01-16 10:02:26,073 [WARN] PackLoader:240 - Cannot read IP mode file for STMicroelectronics.X-CUBE-AZRTOS-G0.1.1.0
2025-01-16 10:02:26,083 [WARN] PackLoader:240 - Cannot read IP mode file for STMicroelectronics.X-CUBE-SAFEA1.1.2.2
2025-01-16 10:02:26,087 [WARN] PackLoader:240 - Cannot read IP mode file for STMicroelectronics.X-CUBE-NFC4.3.0.0
2025-01-16 10:02:26,095 [WARN] PackLoader:240 - Cannot read IP mode file for EmbeddedOffice.I-CUBE-FS-RTOS.1.0.1
2025-01-16 10:02:26,100 [WARN] PackLoader:240 - Cannot read IP mode file for STMicroelectronics.X-CUBE-TCPP.4.2.0
2025-01-16 10:02:26,105 [WARN] PackLoader:240 - Cannot read IP mode file for RealThread.X-CUBE-RT-Thread_Nano.4.1.1
2025-01-16 10:02:26,109 [WARN] PackLoader:240 - Cannot read IP mode file for STMicroelectronics.FP-ATR-SIGFOX1.3.2.0
2025-01-16 10:02:26,113 [WARN] ConditionMgr:438 - getConditionDescription Invalid condition id : Cortex-A Device cause : null
2025-01-16 10:02:26,134 [WARN] ConditionMgr:1044 - genDependencies : Invalid condition id : Cortex-A Device cause : null
2025-01-16 10:02:26,134 [WARN] ConditionMgr:1044 - genDependencies : Invalid condition id : Cortex-A Device cause : null
2025-01-16 10:02:26,135 [WARN] ConditionMgr:1044 - genDependencies : Invalid condition id : Cortex-A Device cause : null
2025-01-16 10:02:26,139 [WARN] PackLoader:240 - Cannot read IP mode file for STMicroelectronics.X-CUBE-EEPRMA1.5.1.0
2025-01-16 10:02:26,143 [WARN] PackLoader:240 - Cannot read IP mode file for wolfSSL.I-CUBE-wolfSSL.5.7.4
2025-01-16 10:02:26,148 [WARN] PackLoader:240 - Cannot read IP mode file for ITTIA_DB.I-CUBE-ITTIADB.8.9.0
2025-01-16 10:02:26,169 [WARN] PackLoader:240 - Cannot read IP mode file for SEGGER.I-CUBE-embOS.1.3.1
2025-01-16 10:02:26,198 [WARN] PackLoader:240 - Cannot read IP mode file for STMicroelectronics.X-CUBE-ALGOBUILD.1.4.0
2025-01-16 10:02:26,203 [WARN] PackLoader:240 - Cannot read IP mode file for STMicroelectronics.X-CUBE-AI.9.1.0
2025-01-16 10:02:26,223 [WARN] PackLoader:240 - Cannot read IP mode file for STMicroelectronics.X-CUBE-AZRTOS-F4.1.1.0
2025-01-16 10:02:26,229 [WARN] PackLoader:240 - Cannot read IP mode file for STMicroelectronics.X-CUBE-ISPU.2.1.0
2025-01-16 10:02:26,233 [WARN] PackLoader:240 - Cannot read IP mode file for STMicroelectronics.X-CUBE-FREERTOS.1.2.0
2025-01-16 10:02:26,245 [WARN] PackLoader:240 - Cannot read IP mode file for STMicroelectronics.X-CUBE-AZRTOS-L5.2.0.0
2025-01-16 10:02:26,253 [WARN] PackLoader:240 - Cannot read IP mode file for STMicroelectronics.X-CUBE-NFC6.3.1.0
2025-01-16 10:02:26,259 [WARN] PackLoader:240 - Cannot read IP mode file for STMicroelectronics.X-CUBE-DPower.1.2.0
2025-01-16 10:02:26,263 [WARN] PackLoader:240 - Cannot read IP mode file for STMicroelectronics.X-CUBE-FREERTOS.1.3.0
2025-01-16 10:02:26,267 [WARN] PackLoader:240 - Cannot read IP mode file for STMicroelectronics.X-CUBE-NFC7.1.0.1
2025-01-16 10:02:26,282 [WARN] ConditionMgr:438 - getConditionDescription Invalid condition id : LAN8742 Phy interface Condition cause : null
2025-01-16 10:02:26,282 [WARN] PackLoader:240 - Cannot read IP mode file for STMicroelectronics.X-CUBE-AZRTOS-L4.2.0.0
2025-01-16 10:02:26,283 [WARN] ConditionMgr:1044 - genDependencies : Invalid condition id : LAN8742 Phy interface Condition cause : null
2025-01-16 10:02:26,283 [WARN] ConditionMgr:1044 - genDependencies : Invalid condition id : LAN8742 Phy interface Condition cause : null
2025-01-16 10:02:26,284 [WARN] ConditionMgr:1044 - genDependencies : Invalid condition id : LAN8742 Phy interface Condition cause : null
2025-01-16 10:02:26,290 [WARN] PackLoader:240 - Cannot read IP mode file for STMicroelectronics.X-CUBE-SFXS2LP1.4.0.0
2025-01-16 10:02:26,308 [WARN] PackLoader:240 - Cannot read IP mode file for STMicroelectronics.X-CUBE-AZRTOS-H7.3.3.0
2025-01-16 10:02:26,319 [WARN] PackLoader:240 - Cannot read IP mode file for STMicroelectronics.X-CUBE-IPS.3.0.0
2025-01-16 10:02:26,331 [WARN] ConditionMgr:438 - getConditionDescription Invalid condition id : UX DEVICE CLASS RTOS Condition cause : null
2025-01-16 10:02:26,332 [WARN] ConditionMgr:438 - getConditionDescription Invalid condition id : UX DEVICE CLASS RTOS Condition cause : null
2025-01-16 10:02:26,333 [WARN] PackLoader:240 - Cannot read IP mode file for STMicroelectronics.X-CUBE-AZRTOS-WB.2.0.0
2025-01-16 10:02:26,334 [WARN] ConditionMgr:1044 - genDependencies : Invalid condition id : UX DEVICE CLASS RTOS Condition cause : null
2025-01-16 10:02:26,334 [WARN] ConditionMgr:1044 - genDependencies : Invalid condition id : UX DEVICE CLASS RTOS Condition cause : null
2025-01-16 10:02:26,335 [WARN] ConditionMgr:1044 - genDependencies : Invalid condition id : UX DEVICE CLASS RTOS Condition cause : null
2025-01-16 10:02:26,335 [WARN] ConditionMgr:1044 - genDependencies : Invalid condition id : UX DEVICE CLASS RTOS Condition cause : null
2025-01-16 10:02:26,335 [WARN] ConditionMgr:1044 - genDependencies : Invalid condition id : UX DEVICE CLASS RTOS Condition cause : null
2025-01-16 10:02:26,340 [WARN] PackLoader:240 - Cannot read IP mode file for STMicroelectronics.X-CUBE-GNSS1.7.0.0
2025-01-16 10:02:26,343 [WARN] PackLoader:240 - Cannot read IP mode file for STMicroelectronics.X-CUBE-GNSS1.7.0.1
2025-01-16 10:02:26,350 [WARN] PackLoader:240 - Cannot read IP mode file for STMicroelectronics.FP-SNS-STBOX1.2.0.0
2025-01-16 10:02:26,359 [WARN] PackLoader:240 - Cannot read IP mode file for STMicroelectronics.X-CUBE-SUBG2.5.0.0
2025-01-16 10:02:26,366 [WARN] PackLoader:240 - Cannot read IP mode file for Cesanta.I-CUBE-Mongoose.7.13.0
2025-01-16 10:02:26,375 [WARN] PackLoader:240 - Cannot read IP mode file for STMicroelectronics.X-CUBE-AZRTOS-G4.2.0.0
2025-01-16 10:02:26,385 [WARN] PackLoader:240 - Cannot read IP mode file for STMicroelectronics.X-CUBE-IPS.3.1.0
2025-01-16 10:02:26,393 [WARN] PackLoader:240 - Cannot read IP mode file for STMicroelectronics.X-CUBE-ALS.1.0.2
2025-01-16 10:02:26,399 [WARN] PackLoader:240 - Cannot read IP mode file for STMicroelectronics.X-CUBE-TOUCHGFX.4.24.2
2025-01-16 10:02:26,402 [WARN] PackLoader:240 - Cannot read IP mode file for STMicroelectronics.X-CUBE-TOUCHGFX.4.24.1
2025-01-16 10:02:26,404 [WARN] PackLoader:240 - Cannot read IP mode file for wolfSSL.I-CUBE-wolfTPM.3.4.0
2025-01-16 10:02:26,408 [WARN] PackLoader:240 - Cannot read IP mode file for portGmbH.I-Cube-SoM-uGOAL.1.1.0
2025-01-16 10:02:26,422 [WARN] PackLoader:240 - Cannot read IP mode file for STMicroelectronics.X-CUBE-AZRTOS-H7RS.1.0.0
2025-01-16 10:02:26,432 [WARN] PackLoader:240 - Cannot read IP mode file for STMicroelectronics.X-CUBE-TOF1.3.4.2
2025-01-16 10:02:26,442 [WARN] PackLoader:240 - Cannot read IP mode file for wolfSSL.I-CUBE-wolfSSH.1.4.17
2025-01-16 10:02:26,443 [INFO] ThirdParty:978 - Integrity check success = true
2025-01-16 10:02:26,443 [INFO] IntegrityCheckThread:100 - exiting critical section [integrity check]
2025-01-16 10:02:26,443 [INFO] IntegrityCheckThread:103 - End integrity checks thread
2025-01-16 10:03:15,547 [ERROR] LogOutputStream:75 - [STDERR_REDIRECT] 
2025-01-16 10:03:15,549 [ERROR] LogOutputStream:75 - [STDERR_REDIRECT] 
