12:30:46 **** Clean-only build of configuration Debug for project Uartronica_Control_Board ****
make -j4 clean 
rm -rf ./Drivers/STM32F4xx_HAL_Driver/Src/stm32f4xx_hal.cyclo ./Drivers/STM32F4xx_HAL_Driver/Src/stm32f4xx_hal.d ./Drivers/STM32F4xx_HAL_Driver/Src/stm32f4xx_hal.o ./Drivers/STM32F4xx_HAL_Driver/Src/stm32f4xx_hal.su ./Drivers/STM32F4xx_HAL_Driver/Src/stm32f4xx_hal_cortex.cyclo ./Drivers/STM32F4xx_HAL_Driver/Src/stm32f4xx_hal_cortex.d ./Drivers/STM32F4xx_HAL_Driver/Src/stm32f4xx_hal_cortex.o ./Drivers/STM32F4xx_HAL_Driver/Src/stm32f4xx_hal_cortex.su ./Drivers/STM32F4xx_HAL_Driver/Src/stm32f4xx_hal_dma.cyclo ./Drivers/STM32F4xx_HAL_Driver/Src/stm32f4xx_hal_dma.d ./Drivers/STM32F4xx_HAL_Driver/Src/stm32f4xx_hal_dma.o ./Drivers/STM32F4xx_HAL_Driver/Src/stm32f4xx_hal_dma.su ./Drivers/STM32F4xx_HAL_Driver/Src/stm32f4xx_hal_dma_ex.cyclo ./Drivers/STM32F4xx_HAL_Driver/Src/stm32f4xx_hal_dma_ex.d ./Drivers/STM32F4xx_HAL_Driver/Src/stm32f4xx_hal_dma_ex.o ./Drivers/STM32F4xx_HAL_Driver/Src/stm32f4xx_hal_dma_ex.su ./Drivers/STM32F4xx_HAL_Driver/Src/stm32f4xx_hal_exti.cyclo ./Drivers/STM32F4xx_HAL_Driver/Src/stm32f4xx_hal_exti.d ./Drivers/STM32F4xx_HAL_Driver/Src/stm32f4xx_hal_exti.o ./Drivers/STM32F4xx_HAL_Driver/Src/stm32f4xx_hal_exti.su ./Drivers/STM32F4xx_HAL_Driver/Src/stm32f4xx_hal_flash.cyclo ./Drivers/STM32F4xx_HAL_Driver/Src/stm32f4xx_hal_flash.d ./Drivers/STM32F4xx_HAL_Driver/Src/stm32f4xx_hal_flash.o ./Drivers/STM32F4xx_HAL_Driver/Src/stm32f4xx_hal_flash.su ./Drivers/STM32F4xx_HAL_Driver/Src/stm32f4xx_hal_flash_ex.cyclo ./Drivers/STM32F4xx_HAL_Driver/Src/stm32f4xx_hal_flash_ex.d ./Drivers/STM32F4xx_HAL_Driver/Src/stm32f4xx_hal_flash_ex.o ./Drivers/STM32F4xx_HAL_Driver/Src/stm32f4xx_hal_flash_ex.su ./Drivers/STM32F4xx_HAL_Driver/Src/stm32f4xx_hal_flash_ramfunc.cyclo ./Drivers/STM32F4xx_HAL_Driver/Src/stm32f4xx_hal_flash_ramfunc.d ./Drivers/STM32F4xx_HAL_Driver/Src/stm32f4xx_hal_flash_ramfunc.o ./Drivers/STM32F4xx_HAL_Driver/Src/stm32f4xx_hal_flash_ramfunc.su ./Drivers/STM32F4xx_HAL_Driver/Src/stm32f4xx_hal_gpio.cyclo ./Drivers/STM32F4xx_HAL_Driver/Src/stm32f4xx_hal_gpio.d ./Drivers/STM32F4xx_HAL_Driver/Src/stm32f4xx_hal_gpio.o ./Drivers/STM32F4xx_HAL_Driver/Src/stm32f4xx_hal_gpio.su ./Drivers/STM32F4xx_HAL_Driver/Src/stm32f4xx_hal_pwr.cyclo ./Drivers/STM32F4xx_HAL_Driver/Src/stm32f4xx_hal_pwr.d ./Drivers/STM32F4xx_HAL_Driver/Src/stm32f4xx_hal_pwr.o ./Drivers/STM32F4xx_HAL_Driver/Src/stm32f4xx_hal_pwr.su ./Drivers/STM32F4xx_HAL_Driver/Src/stm32f4xx_hal_pwr_ex.cyclo ./Drivers/STM32F4xx_HAL_Driver/Src/stm32f4xx_hal_pwr_ex.d ./Drivers/STM32F4xx_HAL_Driver/Src/stm32f4xx_hal_pwr_ex.o ./Drivers/STM32F4xx_HAL_Driver/Src/stm32f4xx_hal_pwr_ex.su ./Drivers/STM32F4xx_HAL_Driver/Src/stm32f4xx_hal_rcc.cyclo ./Drivers/STM32F4xx_HAL_Driver/Src/stm32f4xx_hal_rcc.d ./Drivers/STM32F4xx_HAL_Driver/Src/stm32f4xx_hal_rcc.o ./Drivers/STM32F4xx_HAL_Driver/Src/stm32f4xx_hal_rcc.su ./Drivers/STM32F4xx_HAL_Driver/Src/stm32f4xx_hal_rcc_ex.cyclo ./Drivers/STM32F4xx_HAL_Driver/Src/stm32f4xx_hal_rcc_ex.d ./Drivers/STM32F4xx_HAL_Driver/Src/stm32f4xx_hal_rcc_ex.o ./Drivers/STM32F4xx_HAL_Driver/Src/stm32f4xx_hal_rcc_ex.su ./Drivers/STM32F4xx_HAL_Driver/Src/stm32f4xx_hal_uart.cyclo ./Drivers/STM32F4xx_HAL_Driver/Src/stm32f4xx_hal_uart.d ./Drivers/STM32F4xx_HAL_Driver/Src/stm32f4xx_hal_uart.o ./Drivers/STM32F4xx_HAL_Driver/Src/stm32f4xx_hal_uart.su
rm -rf ./Core/Startup/startup_stm32f446retx.d ./Core/Startup/startup_stm32f446retx.o
rm -rf ./Core/Src/main.cyclo ./Core/Src/main.d ./Core/Src/main.o ./Core/Src/main.su ./Core/Src/stm32f4xx_hal_msp.cyclo ./Core/Src/stm32f4xx_hal_msp.d ./Core/Src/stm32f4xx_hal_msp.o ./Core/Src/stm32f4xx_hal_msp.su ./Core/Src/stm32f4xx_it.cyclo ./Core/Src/stm32f4xx_it.d ./Core/Src/stm32f4xx_it.o ./Core/Src/stm32f4xx_it.su ./Core/Src/syscalls.cyclo ./Core/Src/syscalls.d ./Core/Src/syscalls.o ./Core/Src/syscalls.su ./Core/Src/sysmem.cyclo ./Core/Src/sysmem.d ./Core/Src/sysmem.o ./Core/Src/sysmem.su ./Core/Src/system_stm32f4xx.cyclo ./Core/Src/system_stm32f4xx.d ./Core/Src/system_stm32f4xx.o ./Core/Src/system_stm32f4xx.su
rm -rf Uartronica_Control_Board.elf Uartronica_Control_Board.list Uartronica_Control_Board.map default.size.stdout
 
12:30:47 **** Build of configuration Debug for project Uartronica_Control_Board ****
make -j4 all 
arm-none-eabi-gcc "../Drivers/STM32F4xx_HAL_Driver/Src/stm32f4xx_hal.c" -mcpu=cortex-m4 -std=gnu11 -g3 -DDEBUG -DUSE_HAL_DRIVER -DSTM32F446xx -c -I../Core/Inc -I../Drivers/STM32F4xx_HAL_Driver/Inc -I../Drivers/STM32F4xx_HAL_Driver/Inc/Legacy -I../Drivers/CMSIS/Device/ST/STM32F4xx/Include -I../Drivers/CMSIS/Include -O0 -ffunction-sections -fdata-sections -Wall -fstack-usage -fcyclomatic-complexity -MMD -MP -MF"Drivers/STM32F4xx_HAL_Driver/Src/stm32f4xx_hal.d" -MT"Drivers/STM32F4xx_HAL_Driver/Src/stm32f4xx_hal.o" --specs=nano.specs -mfpu=fpv4-sp-d16 -mfloat-abi=hard -mthumb -o "Drivers/STM32F4xx_HAL_Driver/Src/stm32f4xx_hal.o"
arm-none-eabi-gcc "../Drivers/STM32F4xx_HAL_Driver/Src/stm32f4xx_hal_cortex.c" -mcpu=cortex-m4 -std=gnu11 -g3 -DDEBUG -DUSE_HAL_DRIVER -DSTM32F446xx -c -I../Core/Inc -I../Drivers/STM32F4xx_HAL_Driver/Inc -I../Drivers/STM32F4xx_HAL_Driver/Inc/Legacy -I../Drivers/CMSIS/Device/ST/STM32F4xx/Include -I../Drivers/CMSIS/Include -O0 -ffunction-sections -fdata-sections -Wall -fstack-usage -fcyclomatic-complexity -MMD -MP -MF"Drivers/STM32F4xx_HAL_Driver/Src/stm32f4xx_hal_cortex.d" -MT"Drivers/STM32F4xx_HAL_Driver/Src/stm32f4xx_hal_cortex.o" --specs=nano.specs -mfpu=fpv4-sp-d16 -mfloat-abi=hard -mthumb -o "Drivers/STM32F4xx_HAL_Driver/Src/stm32f4xx_hal_cortex.o"
arm-none-eabi-gcc "../Drivers/STM32F4xx_HAL_Driver/Src/stm32f4xx_hal_dma.c" -mcpu=cortex-m4 -std=gnu11 -g3 -DDEBUG -DUSE_HAL_DRIVER -DSTM32F446xx -c -I../Core/Inc -I../Drivers/STM32F4xx_HAL_Driver/Inc -I../Drivers/STM32F4xx_HAL_Driver/Inc/Legacy -I../Drivers/CMSIS/Device/ST/STM32F4xx/Include -I../Drivers/CMSIS/Include -O0 -ffunction-sections -fdata-sections -Wall -fstack-usage -fcyclomatic-complexity -MMD -MP -MF"Drivers/STM32F4xx_HAL_Driver/Src/stm32f4xx_hal_dma.d" -MT"Drivers/STM32F4xx_HAL_Driver/Src/stm32f4xx_hal_dma.o" --specs=nano.specs -mfpu=fpv4-sp-d16 -mfloat-abi=hard -mthumb -o "Drivers/STM32F4xx_HAL_Driver/Src/stm32f4xx_hal_dma.o"
arm-none-eabi-gcc "../Drivers/STM32F4xx_HAL_Driver/Src/stm32f4xx_hal_dma_ex.c" -mcpu=cortex-m4 -std=gnu11 -g3 -DDEBUG -DUSE_HAL_DRIVER -DSTM32F446xx -c -I../Core/Inc -I../Drivers/STM32F4xx_HAL_Driver/Inc -I../Drivers/STM32F4xx_HAL_Driver/Inc/Legacy -I../Drivers/CMSIS/Device/ST/STM32F4xx/Include -I../Drivers/CMSIS/Include -O0 -ffunction-sections -fdata-sections -Wall -fstack-usage -fcyclomatic-complexity -MMD -MP -MF"Drivers/STM32F4xx_HAL_Driver/Src/stm32f4xx_hal_dma_ex.d" -MT"Drivers/STM32F4xx_HAL_Driver/Src/stm32f4xx_hal_dma_ex.o" --specs=nano.specs -mfpu=fpv4-sp-d16 -mfloat-abi=hard -mthumb -o "Drivers/STM32F4xx_HAL_Driver/Src/stm32f4xx_hal_dma_ex.o"
arm-none-eabi-gcc "../Drivers/STM32F4xx_HAL_Driver/Src/stm32f4xx_hal_exti.c" -mcpu=cortex-m4 -std=gnu11 -g3 -DDEBUG -DUSE_HAL_DRIVER -DSTM32F446xx -c -I../Core/Inc -I../Drivers/STM32F4xx_HAL_Driver/Inc -I../Drivers/STM32F4xx_HAL_Driver/Inc/Legacy -I../Drivers/CMSIS/Device/ST/STM32F4xx/Include -I../Drivers/CMSIS/Include -O0 -ffunction-sections -fdata-sections -Wall -fstack-usage -fcyclomatic-complexity -MMD -MP -MF"Drivers/STM32F4xx_HAL_Driver/Src/stm32f4xx_hal_exti.d" -MT"Drivers/STM32F4xx_HAL_Driver/Src/stm32f4xx_hal_exti.o" --specs=nano.specs -mfpu=fpv4-sp-d16 -mfloat-abi=hard -mthumb -o "Drivers/STM32F4xx_HAL_Driver/Src/stm32f4xx_hal_exti.o"
arm-none-eabi-gcc "../Drivers/STM32F4xx_HAL_Driver/Src/stm32f4xx_hal_flash.c" -mcpu=cortex-m4 -std=gnu11 -g3 -DDEBUG -DUSE_HAL_DRIVER -DSTM32F446xx -c -I../Core/Inc -I../Drivers/STM32F4xx_HAL_Driver/Inc -I../Drivers/STM32F4xx_HAL_Driver/Inc/Legacy -I../Drivers/CMSIS/Device/ST/STM32F4xx/Include -I../Drivers/CMSIS/Include -O0 -ffunction-sections -fdata-sections -Wall -fstack-usage -fcyclomatic-complexity -MMD -MP -MF"Drivers/STM32F4xx_HAL_Driver/Src/stm32f4xx_hal_flash.d" -MT"Drivers/STM32F4xx_HAL_Driver/Src/stm32f4xx_hal_flash.o" --specs=nano.specs -mfpu=fpv4-sp-d16 -mfloat-abi=hard -mthumb -o "Drivers/STM32F4xx_HAL_Driver/Src/stm32f4xx_hal_flash.o"
arm-none-eabi-gcc "../Drivers/STM32F4xx_HAL_Driver/Src/stm32f4xx_hal_flash_ex.c" -mcpu=cortex-m4 -std=gnu11 -g3 -DDEBUG -DUSE_HAL_DRIVER -DSTM32F446xx -c -I../Core/Inc -I../Drivers/STM32F4xx_HAL_Driver/Inc -I../Drivers/STM32F4xx_HAL_Driver/Inc/Legacy -I../Drivers/CMSIS/Device/ST/STM32F4xx/Include -I../Drivers/CMSIS/Include -O0 -ffunction-sections -fdata-sections -Wall -fstack-usage -fcyclomatic-complexity -MMD -MP -MF"Drivers/STM32F4xx_HAL_Driver/Src/stm32f4xx_hal_flash_ex.d" -MT"Drivers/STM32F4xx_HAL_Driver/Src/stm32f4xx_hal_flash_ex.o" --specs=nano.specs -mfpu=fpv4-sp-d16 -mfloat-abi=hard -mthumb -o "Drivers/STM32F4xx_HAL_Driver/Src/stm32f4xx_hal_flash_ex.o"
arm-none-eabi-gcc "../Drivers/STM32F4xx_HAL_Driver/Src/stm32f4xx_hal_flash_ramfunc.c" -mcpu=cortex-m4 -std=gnu11 -g3 -DDEBUG -DUSE_HAL_DRIVER -DSTM32F446xx -c -I../Core/Inc -I../Drivers/STM32F4xx_HAL_Driver/Inc -I../Drivers/STM32F4xx_HAL_Driver/Inc/Legacy -I../Drivers/CMSIS/Device/ST/STM32F4xx/Include -I../Drivers/CMSIS/Include -O0 -ffunction-sections -fdata-sections -Wall -fstack-usage -fcyclomatic-complexity -MMD -MP -MF"Drivers/STM32F4xx_HAL_Driver/Src/stm32f4xx_hal_flash_ramfunc.d" -MT"Drivers/STM32F4xx_HAL_Driver/Src/stm32f4xx_hal_flash_ramfunc.o" --specs=nano.specs -mfpu=fpv4-sp-d16 -mfloat-abi=hard -mthumb -o "Drivers/STM32F4xx_HAL_Driver/Src/stm32f4xx_hal_flash_ramfunc.o"
arm-none-eabi-gcc "../Drivers/STM32F4xx_HAL_Driver/Src/stm32f4xx_hal_gpio.c" -mcpu=cortex-m4 -std=gnu11 -g3 -DDEBUG -DUSE_HAL_DRIVER -DSTM32F446xx -c -I../Core/Inc -I../Drivers/STM32F4xx_HAL_Driver/Inc -I../Drivers/STM32F4xx_HAL_Driver/Inc/Legacy -I../Drivers/CMSIS/Device/ST/STM32F4xx/Include -I../Drivers/CMSIS/Include -O0 -ffunction-sections -fdata-sections -Wall -fstack-usage -fcyclomatic-complexity -MMD -MP -MF"Drivers/STM32F4xx_HAL_Driver/Src/stm32f4xx_hal_gpio.d" -MT"Drivers/STM32F4xx_HAL_Driver/Src/stm32f4xx_hal_gpio.o" --specs=nano.specs -mfpu=fpv4-sp-d16 -mfloat-abi=hard -mthumb -o "Drivers/STM32F4xx_HAL_Driver/Src/stm32f4xx_hal_gpio.o"
arm-none-eabi-gcc "../Drivers/STM32F4xx_HAL_Driver/Src/stm32f4xx_hal_pwr.c" -mcpu=cortex-m4 -std=gnu11 -g3 -DDEBUG -DUSE_HAL_DRIVER -DSTM32F446xx -c -I../Core/Inc -I../Drivers/STM32F4xx_HAL_Driver/Inc -I../Drivers/STM32F4xx_HAL_Driver/Inc/Legacy -I../Drivers/CMSIS/Device/ST/STM32F4xx/Include -I../Drivers/CMSIS/Include -O0 -ffunction-sections -fdata-sections -Wall -fstack-usage -fcyclomatic-complexity -MMD -MP -MF"Drivers/STM32F4xx_HAL_Driver/Src/stm32f4xx_hal_pwr.d" -MT"Drivers/STM32F4xx_HAL_Driver/Src/stm32f4xx_hal_pwr.o" --specs=nano.specs -mfpu=fpv4-sp-d16 -mfloat-abi=hard -mthumb -o "Drivers/STM32F4xx_HAL_Driver/Src/stm32f4xx_hal_pwr.o"
arm-none-eabi-gcc "../Drivers/STM32F4xx_HAL_Driver/Src/stm32f4xx_hal_pwr_ex.c" -mcpu=cortex-m4 -std=gnu11 -g3 -DDEBUG -DUSE_HAL_DRIVER -DSTM32F446xx -c -I../Core/Inc -I../Drivers/STM32F4xx_HAL_Driver/Inc -I../Drivers/STM32F4xx_HAL_Driver/Inc/Legacy -I../Drivers/CMSIS/Device/ST/STM32F4xx/Include -I../Drivers/CMSIS/Include -O0 -ffunction-sections -fdata-sections -Wall -fstack-usage -fcyclomatic-complexity -MMD -MP -MF"Drivers/STM32F4xx_HAL_Driver/Src/stm32f4xx_hal_pwr_ex.d" -MT"Drivers/STM32F4xx_HAL_Driver/Src/stm32f4xx_hal_pwr_ex.o" --specs=nano.specs -mfpu=fpv4-sp-d16 -mfloat-abi=hard -mthumb -o "Drivers/STM32F4xx_HAL_Driver/Src/stm32f4xx_hal_pwr_ex.o"
arm-none-eabi-gcc "../Drivers/STM32F4xx_HAL_Driver/Src/stm32f4xx_hal_rcc.c" -mcpu=cortex-m4 -std=gnu11 -g3 -DDEBUG -DUSE_HAL_DRIVER -DSTM32F446xx -c -I../Core/Inc -I../Drivers/STM32F4xx_HAL_Driver/Inc -I../Drivers/STM32F4xx_HAL_Driver/Inc/Legacy -I../Drivers/CMSIS/Device/ST/STM32F4xx/Include -I../Drivers/CMSIS/Include -O0 -ffunction-sections -fdata-sections -Wall -fstack-usage -fcyclomatic-complexity -MMD -MP -MF"Drivers/STM32F4xx_HAL_Driver/Src/stm32f4xx_hal_rcc.d" -MT"Drivers/STM32F4xx_HAL_Driver/Src/stm32f4xx_hal_rcc.o" --specs=nano.specs -mfpu=fpv4-sp-d16 -mfloat-abi=hard -mthumb -o "Drivers/STM32F4xx_HAL_Driver/Src/stm32f4xx_hal_rcc.o"
arm-none-eabi-gcc "../Drivers/STM32F4xx_HAL_Driver/Src/stm32f4xx_hal_rcc_ex.c" -mcpu=cortex-m4 -std=gnu11 -g3 -DDEBUG -DUSE_HAL_DRIVER -DSTM32F446xx -c -I../Core/Inc -I../Drivers/STM32F4xx_HAL_Driver/Inc -I../Drivers/STM32F4xx_HAL_Driver/Inc/Legacy -I../Drivers/CMSIS/Device/ST/STM32F4xx/Include -I../Drivers/CMSIS/Include -O0 -ffunction-sections -fdata-sections -Wall -fstack-usage -fcyclomatic-complexity -MMD -MP -MF"Drivers/STM32F4xx_HAL_Driver/Src/stm32f4xx_hal_rcc_ex.d" -MT"Drivers/STM32F4xx_HAL_Driver/Src/stm32f4xx_hal_rcc_ex.o" --specs=nano.specs -mfpu=fpv4-sp-d16 -mfloat-abi=hard -mthumb -o "Drivers/STM32F4xx_HAL_Driver/Src/stm32f4xx_hal_rcc_ex.o"
arm-none-eabi-gcc "../Drivers/STM32F4xx_HAL_Driver/Src/stm32f4xx_hal_uart.c" -mcpu=cortex-m4 -std=gnu11 -g3 -DDEBUG -DUSE_HAL_DRIVER -DSTM32F446xx -c -I../Core/Inc -I../Drivers/STM32F4xx_HAL_Driver/Inc -I../Drivers/STM32F4xx_HAL_Driver/Inc/Legacy -I../Drivers/CMSIS/Device/ST/STM32F4xx/Include -I../Drivers/CMSIS/Include -O0 -ffunction-sections -fdata-sections -Wall -fstack-usage -fcyclomatic-complexity -MMD -MP -MF"Drivers/STM32F4xx_HAL_Driver/Src/stm32f4xx_hal_uart.d" -MT"Drivers/STM32F4xx_HAL_Driver/Src/stm32f4xx_hal_uart.o" --specs=nano.specs -mfpu=fpv4-sp-d16 -mfloat-abi=hard -mthumb -o "Drivers/STM32F4xx_HAL_Driver/Src/stm32f4xx_hal_uart.o"
arm-none-eabi-gcc -mcpu=cortex-m4 -g3 -DDEBUG -c -x assembler-with-cpp -MMD -MP -MF"Core/Startup/startup_stm32f446retx.d" -MT"Core/Startup/startup_stm32f446retx.o" --specs=nano.specs -mfpu=fpv4-sp-d16 -mfloat-abi=hard -mthumb -o "Core/Startup/startup_stm32f446retx.o" "../Core/Startup/startup_stm32f446retx.s"
arm-none-eabi-gcc "../Core/Src/main.c" -mcpu=cortex-m4 -std=gnu11 -g3 -DDEBUG -DUSE_HAL_DRIVER -DSTM32F446xx -c -I../Core/Inc -I../Drivers/STM32F4xx_HAL_Driver/Inc -I../Drivers/STM32F4xx_HAL_Driver/Inc/Legacy -I../Drivers/CMSIS/Device/ST/STM32F4xx/Include -I../Drivers/CMSIS/Include -O0 -ffunction-sections -fdata-sections -Wall -fstack-usage -fcyclomatic-complexity -MMD -MP -MF"Core/Src/main.d" -MT"Core/Src/main.o" --specs=nano.specs -mfpu=fpv4-sp-d16 -mfloat-abi=hard -mthumb -o "Core/Src/main.o"
arm-none-eabi-gcc "../Core/Src/stm32f4xx_hal_msp.c" -mcpu=cortex-m4 -std=gnu11 -g3 -DDEBUG -DUSE_HAL_DRIVER -DSTM32F446xx -c -I../Core/Inc -I../Drivers/STM32F4xx_HAL_Driver/Inc -I../Drivers/STM32F4xx_HAL_Driver/Inc/Legacy -I../Drivers/CMSIS/Device/ST/STM32F4xx/Include -I../Drivers/CMSIS/Include -O0 -ffunction-sections -fdata-sections -Wall -fstack-usage -fcyclomatic-complexity -MMD -MP -MF"Core/Src/stm32f4xx_hal_msp.d" -MT"Core/Src/stm32f4xx_hal_msp.o" --specs=nano.specs -mfpu=fpv4-sp-d16 -mfloat-abi=hard -mthumb -o "Core/Src/stm32f4xx_hal_msp.o"
../Core/Src/main.c: In function 'main':
../Core/Src/main.c:156:45: warning: pointer targets in passing argument 2 of 'HAL_UART_Transmit' differ in signedness [-Wpointer-sign]
  156 |                  HAL_UART_Transmit(&huart3, "response\n", 9, HAL_MAX_DELAY);
      |                                             ^~~~~~~~~~~~
      |                                             |
      |                                             char *
In file included from ../Core/Inc/stm32f4xx_hal_conf.h:411,
                 from ../Drivers/STM32F4xx_HAL_Driver/Inc/stm32f4xx_hal.h:29,
                 from ../Core/Inc/main.h:30,
                 from ../Core/Src/main.c:20:
../Drivers/STM32F4xx_HAL_Driver/Inc/stm32f4xx_hal_uart.h:745:79: note: expected 'const uint8_t *' {aka 'const unsigned char *'} but argument is of type 'char *'
  745 | HAL_StatusTypeDef HAL_UART_Transmit(UART_HandleTypeDef *huart, const uint8_t *pData, uint16_t Size, uint32_t Timeout);
      |                                                                ~~~~~~~~~~~~~~~^~~~~
arm-none-eabi-gcc "../Core/Src/stm32f4xx_it.c" -mcpu=cortex-m4 -std=gnu11 -g3 -DDEBUG -DUSE_HAL_DRIVER -DSTM32F446xx -c -I../Core/Inc -I../Drivers/STM32F4xx_HAL_Driver/Inc -I../Drivers/STM32F4xx_HAL_Driver/Inc/Legacy -I../Drivers/CMSIS/Device/ST/STM32F4xx/Include -I../Drivers/CMSIS/Include -O0 -ffunction-sections -fdata-sections -Wall -fstack-usage -fcyclomatic-complexity -MMD -MP -MF"Core/Src/stm32f4xx_it.d" -MT"Core/Src/stm32f4xx_it.o" --specs=nano.specs -mfpu=fpv4-sp-d16 -mfloat-abi=hard -mthumb -o "Core/Src/stm32f4xx_it.o"
arm-none-eabi-gcc "../Core/Src/syscalls.c" -mcpu=cortex-m4 -std=gnu11 -g3 -DDEBUG -DUSE_HAL_DRIVER -DSTM32F446xx -c -I../Core/Inc -I../Drivers/STM32F4xx_HAL_Driver/Inc -I../Drivers/STM32F4xx_HAL_Driver/Inc/Legacy -I../Drivers/CMSIS/Device/ST/STM32F4xx/Include -I../Drivers/CMSIS/Include -O0 -ffunction-sections -fdata-sections -Wall -fstack-usage -fcyclomatic-complexity -MMD -MP -MF"Core/Src/syscalls.d" -MT"Core/Src/syscalls.o" --specs=nano.specs -mfpu=fpv4-sp-d16 -mfloat-abi=hard -mthumb -o "Core/Src/syscalls.o"
arm-none-eabi-gcc "../Core/Src/sysmem.c" -mcpu=cortex-m4 -std=gnu11 -g3 -DDEBUG -DUSE_HAL_DRIVER -DSTM32F446xx -c -I../Core/Inc -I../Drivers/STM32F4xx_HAL_Driver/Inc -I../Drivers/STM32F4xx_HAL_Driver/Inc/Legacy -I../Drivers/CMSIS/Device/ST/STM32F4xx/Include -I../Drivers/CMSIS/Include -O0 -ffunction-sections -fdata-sections -Wall -fstack-usage -fcyclomatic-complexity -MMD -MP -MF"Core/Src/sysmem.d" -MT"Core/Src/sysmem.o" --specs=nano.specs -mfpu=fpv4-sp-d16 -mfloat-abi=hard -mthumb -o "Core/Src/sysmem.o"
arm-none-eabi-gcc "../Core/Src/system_stm32f4xx.c" -mcpu=cortex-m4 -std=gnu11 -g3 -DDEBUG -DUSE_HAL_DRIVER -DSTM32F446xx -c -I../Core/Inc -I../Drivers/STM32F4xx_HAL_Driver/Inc -I../Drivers/STM32F4xx_HAL_Driver/Inc/Legacy -I../Drivers/CMSIS/Device/ST/STM32F4xx/Include -I../Drivers/CMSIS/Include -O0 -ffunction-sections -fdata-sections -Wall -fstack-usage -fcyclomatic-complexity -MMD -MP -MF"Core/Src/system_stm32f4xx.d" -MT"Core/Src/system_stm32f4xx.o" --specs=nano.specs -mfpu=fpv4-sp-d16 -mfloat-abi=hard -mthumb -o "Core/Src/system_stm32f4xx.o"
arm-none-eabi-gcc -o "Uartronica_Control_Board.elf" @"objects.list"   -mcpu=cortex-m4 -T"C:\Users\Admin.ONTPC12\Desktop\UartxFirmwareRepo\UartxFirmware\Uartronica_Control_Board\STM32F446RETX_FLASH.ld" --specs=nosys.specs -Wl,-Map="Uartronica_Control_Board.map" -Wl,--gc-sections -static --specs=nano.specs -mfpu=fpv4-sp-d16 -mfloat-abi=hard -mthumb -Wl,--start-group -lc -lm -Wl,--end-group
Finished building target: Uartronica_Control_Board.elf
 
arm-none-eabi-size  Uartronica_Control_Board.elf 
arm-none-eabi-objdump -h -S Uartronica_Control_Board.elf  > "Uartronica_Control_Board.list"
   text	   data	    bss	    dec	    hex	filename
   9572	     12	   1748	  11332	   2c44	Uartronica_Control_Board.elf
Finished building: default.size.stdout
 
Finished building: Uartronica_Control_Board.list
 
12:33:23 **** Incremental Build of configuration Debug for project Uartronica_Control_Board ****
make -j4 all 
arm-none-eabi-gcc "../Core/Src/main.c" -mcpu=cortex-m4 -std=gnu11 -g3 -DDEBUG -DUSE_HAL_DRIVER -DSTM32F446xx -c -I../Core/Inc -I../Drivers/STM32F4xx_HAL_Driver/Inc -I../Drivers/STM32F4xx_HAL_Driver/Inc/Legacy -I../Drivers/CMSIS/Device/ST/STM32F4xx/Include -I../Drivers/CMSIS/Include -O0 -ffunction-sections -fdata-sections -Wall -fstack-usage -fcyclomatic-complexity -MMD -MP -MF"Core/Src/main.d" -MT"Core/Src/main.o" --specs=nano.specs -mfpu=fpv4-sp-d16 -mfloat-abi=hard -mthumb -o "Core/Src/main.o"
../Core/Src/main.c: In function 'main':
../Core/Src/main.c:157:44: warning: pointer targets in passing argument 2 of 'HAL_UART_Transmit' differ in signedness [-Wpointer-sign]
  157 |                 HAL_UART_Transmit(&huart3, "A\n", 2, HAL_MAX_DELAY);
      |                                            ^~~~~
      |                                            |
      |                                            char *
In file included from ../Core/Inc/stm32f4xx_hal_conf.h:411,
                 from ../Drivers/STM32F4xx_HAL_Driver/Inc/stm32f4xx_hal.h:29,
                 from ../Core/Inc/main.h:30,
                 from ../Core/Src/main.c:20:
../Drivers/STM32F4xx_HAL_Driver/Inc/stm32f4xx_hal_uart.h:745:79: note: expected 'const uint8_t *' {aka 'const unsigned char *'} but argument is of type 'char *'
  745 | HAL_StatusTypeDef HAL_UART_Transmit(UART_HandleTypeDef *huart, const uint8_t *pData, uint16_t Size, uint32_t Timeout);
      |                                                                ~~~~~~~~~~~~~~~^~~~~
arm-none-eabi-gcc -o "Uartronica_Control_Board.elf" @"objects.list"   -mcpu=cortex-m4 -T"C:\Users\Admin.ONTPC12\Desktop\UartxFirmwareRepo\UartxFirmware\Uartronica_Control_Board\STM32F446RETX_FLASH.ld" --specs=nosys.specs -Wl,-Map="Uartronica_Control_Board.map" -Wl,--gc-sections -static --specs=nano.specs -mfpu=fpv4-sp-d16 -mfloat-abi=hard -mthumb -Wl,--start-group -lc -lm -Wl,--end-group
Finished building target: Uartronica_Control_Board.elf
 
arm-none-eabi-size  Uartronica_Control_Board.elf 
arm-none-eabi-objdump -h -S Uartronica_Control_Board.elf  > "Uartronica_Control_Board.list"
   text	   data	    bss	    dec	    hex	filename
   9564	     12	   1748	  11324	   2c3c	Uartronica_Control_Board.elf
Finished building: default.size.stdout
 
Finished building: Uartronica_Control_Board.list
 
12:40:55 **** Incremental Build of configuration Debug for project Uartronica_Control_Board ****
make -j4 all 
arm-none-eabi-gcc "../Core/Src/main.c" -mcpu=cortex-m4 -std=gnu11 -g3 -DDEBUG -DUSE_HAL_DRIVER -DSTM32F446xx -c -I../Core/Inc -I../Drivers/STM32F4xx_HAL_Driver/Inc -I../Drivers/STM32F4xx_HAL_Driver/Inc/Legacy -I../Drivers/CMSIS/Device/ST/STM32F4xx/Include -I../Drivers/CMSIS/Include -O0 -ffunction-sections -fdata-sections -Wall -fstack-usage -fcyclomatic-complexity -MMD -MP -MF"Core/Src/main.d" -MT"Core/Src/main.o" --specs=nano.specs -mfpu=fpv4-sp-d16 -mfloat-abi=hard -mthumb -o "Core/Src/main.o"
../Core/Src/main.c: In function 'main':
../Core/Src/main.c:156:34: error: 'message' undeclared (first use in this function)
  156 |                         snprintf(message, sizeof(message), "Connection OK: PC0 is HIGH (PC8), PC1 is LOW (PC9)\n");
      |                                  ^~~~~~~
../Core/Src/main.c:156:34: note: each undeclared identifier is reported only once for each function it appears in
make: *** [Core/Src/subdir.mk:34: Core/Src/main.o] Error 1
"make -j4 all" terminated with exit code 2. Build might be incomplete.
12:41:13 **** Incremental Build of configuration Debug for project Uartronica_Control_Board ****
make -j4 all 
arm-none-eabi-gcc "../Core/Src/main.c" -mcpu=cortex-m4 -std=gnu11 -g3 -DDEBUG -DUSE_HAL_DRIVER -DSTM32F446xx -c -I../Core/Inc -I../Drivers/STM32F4xx_HAL_Driver/Inc -I../Drivers/STM32F4xx_HAL_Driver/Inc/Legacy -I../Drivers/CMSIS/Device/ST/STM32F4xx/Include -I../Drivers/CMSIS/Include -O0 -ffunction-sections -fdata-sections -Wall -fstack-usage -fcyclomatic-complexity -MMD -MP -MF"Core/Src/main.d" -MT"Core/Src/main.o" --specs=nano.specs -mfpu=fpv4-sp-d16 -mfloat-abi=hard -mthumb -o "Core/Src/main.o"
arm-none-eabi-gcc -o "Uartronica_Control_Board.elf" @"objects.list"   -mcpu=cortex-m4 -T"C:\Users\Admin.ONTPC12\Desktop\UartxFirmwareRepo\UartxFirmware\Uartronica_Control_Board\STM32F446RETX_FLASH.ld" --specs=nosys.specs -Wl,-Map="Uartronica_Control_Board.map" -Wl,--gc-sections -static --specs=nano.specs -mfpu=fpv4-sp-d16 -mfloat-abi=hard -mthumb -Wl,--start-group -lc -lm -Wl,--end-group
Finished building target: Uartronica_Control_Board.elf
 
arm-none-eabi-size  Uartronica_Control_Board.elf 
arm-none-eabi-objdump -h -S Uartronica_Control_Board.elf  > "Uartronica_Control_Board.list"
   text	   data	    bss	    dec	    hex	filename
  12292	     92	   2076	  14460	   387c	Uartronica_Control_Board.elf
Finished building: default.size.stdout
 
Finished building: Uartronica_Control_Board.list
 
12:44:49 **** Incremental Build of configuration Debug for project Uartronica_Control_Board ****
make -j4 all 
arm-none-eabi-gcc "../Core/Src/main.c" -mcpu=cortex-m4 -std=gnu11 -g3 -DDEBUG -DUSE_HAL_DRIVER -DSTM32F446xx -c -I../Core/Inc -I../Drivers/STM32F4xx_HAL_Driver/Inc -I../Drivers/STM32F4xx_HAL_Driver/Inc/Legacy -I../Drivers/CMSIS/Device/ST/STM32F4xx/Include -I../Drivers/CMSIS/Include -O0 -ffunction-sections -fdata-sections -Wall -fstack-usage -fcyclomatic-complexity -MMD -MP -MF"Core/Src/main.d" -MT"Core/Src/main.o" --specs=nano.specs -mfpu=fpv4-sp-d16 -mfloat-abi=hard -mthumb -o "Core/Src/main.o"
arm-none-eabi-gcc -o "Uartronica_Control_Board.elf" @"objects.list"   -mcpu=cortex-m4 -T"C:\Users\Admin.ONTPC12\Desktop\UartxFirmwareRepo\UartxFirmware\Uartronica_Control_Board\STM32F446RETX_FLASH.ld" --specs=nosys.specs -Wl,-Map="Uartronica_Control_Board.map" -Wl,--gc-sections -static --specs=nano.specs -mfpu=fpv4-sp-d16 -mfloat-abi=hard -mthumb -Wl,--start-group -lc -lm -Wl,--end-group
Finished building target: Uartronica_Control_Board.elf
 
arm-none-eabi-size  Uartronica_Control_Board.elf 
arm-none-eabi-objdump -h -S Uartronica_Control_Board.elf  > "Uartronica_Control_Board.list"
   text	   data	    bss	    dec	    hex	filename
  12492	     92	   2076	  14660	   3944	Uartronica_Control_Board.elf
Finished building: default.size.stdout
 
Finished building: Uartronica_Control_Board.list
 
12:46:48 **** Incremental Build of configuration Debug for project Uartronica_Control_Board ****
make -j4 all 
arm-none-eabi-size  Uartronica_Control_Board.elf 
   text	   data	    bss	    dec	    hex	filename
  12492	     92	   2076	  14660	   3944	Uartronica_Control_Board.elf
Finished building: default.size.stdout
 
12:53:56 **** Incremental Build of configuration Debug for project Uartronica_Control_Board ****
make -j4 all 
arm-none-eabi-gcc "../Core/Src/main.c" -mcpu=cortex-m4 -std=gnu11 -g3 -DDEBUG -DUSE_HAL_DRIVER -DSTM32F446xx -c -I../Core/Inc -I../Drivers/STM32F4xx_HAL_Driver/Inc -I../Drivers/STM32F4xx_HAL_Driver/Inc/Legacy -I../Drivers/CMSIS/Device/ST/STM32F4xx/Include -I../Drivers/CMSIS/Include -O0 -ffunction-sections -fdata-sections -Wall -fstack-usage -fcyclomatic-complexity -MMD -MP -MF"Core/Src/main.d" -MT"Core/Src/main.o" --specs=nano.specs -mfpu=fpv4-sp-d16 -mfloat-abi=hard -mthumb -o "Core/Src/main.o"
arm-none-eabi-gcc -o "Uartronica_Control_Board.elf" @"objects.list"   -mcpu=cortex-m4 -T"C:\Users\Admin.ONTPC12\Desktop\UartxFirmwareRepo\UartxFirmware\Uartronica_Control_Board\STM32F446RETX_FLASH.ld" --specs=nosys.specs -Wl,-Map="Uartronica_Control_Board.map" -Wl,--gc-sections -static --specs=nano.specs -mfpu=fpv4-sp-d16 -mfloat-abi=hard -mthumb -Wl,--start-group -lc -lm -Wl,--end-group
Finished building target: Uartronica_Control_Board.elf
 
arm-none-eabi-size  Uartronica_Control_Board.elf 
arm-none-eabi-objdump -h -S Uartronica_Control_Board.elf  > "Uartronica_Control_Board.list"
   text	   data	    bss	    dec	    hex	filename
  12500	     92	   2076	  14668	   394c	Uartronica_Control_Board.elf
Finished building: default.size.stdout
 
Finished building: Uartronica_Control_Board.list
 
13:56:50 **** Incremental Build of configuration Debug for project Uartronica_Control_Board ****
make -j4 all 
arm-none-eabi-gcc "../Core/Src/main.c" -mcpu=cortex-m4 -std=gnu11 -g3 -DDEBUG -DUSE_HAL_DRIVER -DSTM32F446xx -c -I../Core/Inc -I../Drivers/STM32F4xx_HAL_Driver/Inc -I../Drivers/STM32F4xx_HAL_Driver/Inc/Legacy -I../Drivers/CMSIS/Device/ST/STM32F4xx/Include -I../Drivers/CMSIS/Include -O0 -ffunction-sections -fdata-sections -Wall -fstack-usage -fcyclomatic-complexity -MMD -MP -MF"Core/Src/main.d" -MT"Core/Src/main.o" --specs=nano.specs -mfpu=fpv4-sp-d16 -mfloat-abi=hard -mthumb -o "Core/Src/main.o"
arm-none-eabi-gcc -o "Uartronica_Control_Board.elf" @"objects.list"   -mcpu=cortex-m4 -T"C:\Users\Admin.ONTPC12\Desktop\UartxFirmwareRepo\UartxFirmware\Uartronica_Control_Board\STM32F446RETX_FLASH.ld" --specs=nosys.specs -Wl,-Map="Uartronica_Control_Board.map" -Wl,--gc-sections -static --specs=nano.specs -mfpu=fpv4-sp-d16 -mfloat-abi=hard -mthumb -Wl,--start-group -lc -lm -Wl,--end-group
Finished building target: Uartronica_Control_Board.elf
 
arm-none-eabi-size  Uartronica_Control_Board.elf 
arm-none-eabi-objdump -h -S Uartronica_Control_Board.elf  > "Uartronica_Control_Board.list"
   text	   data	    bss	    dec	    hex	filename
  12500	     92	   2076	  14668	   394c	Uartronica_Control_Board.elf
Finished building: default.size.stdout
 
Finished building: Uartronica_Control_Board.list
 
13:57:18 **** Incremental Build of configuration Debug for project Uartronica_Control_Board ****
make -j4 all 
arm-none-eabi-gcc "../Core/Src/main.c" -mcpu=cortex-m4 -std=gnu11 -g3 -DDEBUG -DUSE_HAL_DRIVER -DSTM32F446xx -c -I../Core/Inc -I../Drivers/STM32F4xx_HAL_Driver/Inc -I../Drivers/STM32F4xx_HAL_Driver/Inc/Legacy -I../Drivers/CMSIS/Device/ST/STM32F4xx/Include -I../Drivers/CMSIS/Include -O0 -ffunction-sections -fdata-sections -Wall -fstack-usage -fcyclomatic-complexity -MMD -MP -MF"Core/Src/main.d" -MT"Core/Src/main.o" --specs=nano.specs -mfpu=fpv4-sp-d16 -mfloat-abi=hard -mthumb -o "Core/Src/main.o"
arm-none-eabi-gcc -o "Uartronica_Control_Board.elf" @"objects.list"   -mcpu=cortex-m4 -T"C:\Users\Admin.ONTPC12\Desktop\UartxFirmwareRepo\UartxFirmware\Uartronica_Control_Board\STM32F446RETX_FLASH.ld" --specs=nosys.specs -Wl,-Map="Uartronica_Control_Board.map" -Wl,--gc-sections -static --specs=nano.specs -mfpu=fpv4-sp-d16 -mfloat-abi=hard -mthumb -Wl,--start-group -lc -lm -Wl,--end-group
Finished building target: Uartronica_Control_Board.elf
 
arm-none-eabi-size  Uartronica_Control_Board.elf 
arm-none-eabi-objdump -h -S Uartronica_Control_Board.elf  > "Uartronica_Control_Board.list"
   text	   data	    bss	    dec	    hex	filename
  12512	     92	   2076	  14680	   3958	Uartronica_Control_Board.elf
Finished building: default.size.stdout
 
Finished building: Uartronica_Control_Board.list
 
13:58:04 **** Incremental Build of configuration Debug for project Uartronica_Control_Board ****
make -j4 all 
arm-none-eabi-gcc "../Core/Src/main.c" -mcpu=cortex-m4 -std=gnu11 -g3 -DDEBUG -DUSE_HAL_DRIVER -DSTM32F446xx -c -I../Core/Inc -I../Drivers/STM32F4xx_HAL_Driver/Inc -I../Drivers/STM32F4xx_HAL_Driver/Inc/Legacy -I../Drivers/CMSIS/Device/ST/STM32F4xx/Include -I../Drivers/CMSIS/Include -O0 -ffunction-sections -fdata-sections -Wall -fstack-usage -fcyclomatic-complexity -MMD -MP -MF"Core/Src/main.d" -MT"Core/Src/main.o" --specs=nano.specs -mfpu=fpv4-sp-d16 -mfloat-abi=hard -mthumb -o "Core/Src/main.o"
arm-none-eabi-gcc -o "Uartronica_Control_Board.elf" @"objects.list"   -mcpu=cortex-m4 -T"C:\Users\Admin.ONTPC12\Desktop\UartxFirmwareRepo\UartxFirmware\Uartronica_Control_Board\STM32F446RETX_FLASH.ld" --specs=nosys.specs -Wl,-Map="Uartronica_Control_Board.map" -Wl,--gc-sections -static --specs=nano.specs -mfpu=fpv4-sp-d16 -mfloat-abi=hard -mthumb -Wl,--start-group -lc -lm -Wl,--end-group
Finished building target: Uartronica_Control_Board.elf
 
arm-none-eabi-size  Uartronica_Control_Board.elf 
arm-none-eabi-objdump -h -S Uartronica_Control_Board.elf  > "Uartronica_Control_Board.list"
   text	   data	    bss	    dec	    hex	filename
  12568	     92	   2076	  14736	   3990	Uartronica_Control_Board.elf
Finished building: default.size.stdout
 
Finished building: Uartronica_Control_Board.list
 
14:00:52 **** Incremental Build of configuration Debug for project Uartronica_Control_Board ****
make -j4 all 
arm-none-eabi-gcc "../Core/Src/main.c" -mcpu=cortex-m4 -std=gnu11 -g3 -DDEBUG -DUSE_HAL_DRIVER -DSTM32F446xx -c -I../Core/Inc -I../Drivers/STM32F4xx_HAL_Driver/Inc -I../Drivers/STM32F4xx_HAL_Driver/Inc/Legacy -I../Drivers/CMSIS/Device/ST/STM32F4xx/Include -I../Drivers/CMSIS/Include -O0 -ffunction-sections -fdata-sections -Wall -fstack-usage -fcyclomatic-complexity -MMD -MP -MF"Core/Src/main.d" -MT"Core/Src/main.o" --specs=nano.specs -mfpu=fpv4-sp-d16 -mfloat-abi=hard -mthumb -o "Core/Src/main.o"
arm-none-eabi-gcc -o "Uartronica_Control_Board.elf" @"objects.list"   -mcpu=cortex-m4 -T"C:\Users\Admin.ONTPC12\Desktop\UartxFirmwareRepo\UartxFirmware\Uartronica_Control_Board\STM32F446RETX_FLASH.ld" --specs=nosys.specs -Wl,-Map="Uartronica_Control_Board.map" -Wl,--gc-sections -static --specs=nano.specs -mfpu=fpv4-sp-d16 -mfloat-abi=hard -mthumb -Wl,--start-group -lc -lm -Wl,--end-group
Finished building target: Uartronica_Control_Board.elf
 
arm-none-eabi-size  Uartronica_Control_Board.elf 
arm-none-eabi-objdump -h -S Uartronica_Control_Board.elf  > "Uartronica_Control_Board.list"
   text	   data	    bss	    dec	    hex	filename
  12520	     92	   2076	  14688	   3960	Uartronica_Control_Board.elf
Finished building: default.size.stdout
 
Finished building: Uartronica_Control_Board.list
 
14:02:49 **** Incremental Build of configuration Debug for project Uartronica_Control_Board ****
make -j4 all 
arm-none-eabi-gcc "../Core/Src/main.c" -mcpu=cortex-m4 -std=gnu11 -g3 -DDEBUG -DUSE_HAL_DRIVER -DSTM32F446xx -c -I../Core/Inc -I../Drivers/STM32F4xx_HAL_Driver/Inc -I../Drivers/STM32F4xx_HAL_Driver/Inc/Legacy -I../Drivers/CMSIS/Device/ST/STM32F4xx/Include -I../Drivers/CMSIS/Include -O0 -ffunction-sections -fdata-sections -Wall -fstack-usage -fcyclomatic-complexity -MMD -MP -MF"Core/Src/main.d" -MT"Core/Src/main.o" --specs=nano.specs -mfpu=fpv4-sp-d16 -mfloat-abi=hard -mthumb -o "Core/Src/main.o"
arm-none-eabi-gcc -o "Uartronica_Control_Board.elf" @"objects.list"   -mcpu=cortex-m4 -T"C:\Users\Admin.ONTPC12\Desktop\UartxFirmwareRepo\UartxFirmware\Uartronica_Control_Board\STM32F446RETX_FLASH.ld" --specs=nosys.specs -Wl,-Map="Uartronica_Control_Board.map" -Wl,--gc-sections -static --specs=nano.specs -mfpu=fpv4-sp-d16 -mfloat-abi=hard -mthumb -Wl,--start-group -lc -lm -Wl,--end-group
Finished building target: Uartronica_Control_Board.elf
 
arm-none-eabi-size  Uartronica_Control_Board.elf 
arm-none-eabi-objdump -h -S Uartronica_Control_Board.elf  > "Uartronica_Control_Board.list"
   text	   data	    bss	    dec	    hex	filename
  12520	     92	   2076	  14688	   3960	Uartronica_Control_Board.elf
Finished building: default.size.stdout
 
Finished building: Uartronica_Control_Board.list
 
14:06:28 **** Incremental Build of configuration Debug for project Uartronica_Control_Board ****
make -j4 all 
arm-none-eabi-gcc "../Core/Src/main.c" -mcpu=cortex-m4 -std=gnu11 -g3 -DDEBUG -DUSE_HAL_DRIVER -DSTM32F446xx -c -I../Core/Inc -I../Drivers/STM32F4xx_HAL_Driver/Inc -I../Drivers/STM32F4xx_HAL_Driver/Inc/Legacy -I../Drivers/CMSIS/Device/ST/STM32F4xx/Include -I../Drivers/CMSIS/Include -O0 -ffunction-sections -fdata-sections -Wall -fstack-usage -fcyclomatic-complexity -MMD -MP -MF"Core/Src/main.d" -MT"Core/Src/main.o" --specs=nano.specs -mfpu=fpv4-sp-d16 -mfloat-abi=hard -mthumb -o "Core/Src/main.o"
arm-none-eabi-gcc -o "Uartronica_Control_Board.elf" @"objects.list"   -mcpu=cortex-m4 -T"C:\Users\Admin.ONTPC12\Desktop\UartxFirmwareRepo\UartxFirmware\Uartronica_Control_Board\STM32F446RETX_FLASH.ld" --specs=nosys.specs -Wl,-Map="Uartronica_Control_Board.map" -Wl,--gc-sections -static --specs=nano.specs -mfpu=fpv4-sp-d16 -mfloat-abi=hard -mthumb -Wl,--start-group -lc -lm -Wl,--end-group
Finished building target: Uartronica_Control_Board.elf
 
arm-none-eabi-size  Uartronica_Control_Board.elf 
arm-none-eabi-objdump -h -S Uartronica_Control_Board.elf  > "Uartronica_Control_Board.list"
   text	   data	    bss	    dec	    hex	filename
  12520	     92	   2076	  14688	   3960	Uartronica_Control_Board.elf
Finished building: default.size.stdout
 
Finished building: Uartronica_Control_Board.list
 
14:08:08 **** Incremental Build of configuration Debug for project Uartronica_Control_Board ****
make -j4 all 
arm-none-eabi-gcc "../Core/Src/main.c" -mcpu=cortex-m4 -std=gnu11 -g3 -DDEBUG -DUSE_HAL_DRIVER -DSTM32F446xx -c -I../Core/Inc -I../Drivers/STM32F4xx_HAL_Driver/Inc -I../Drivers/STM32F4xx_HAL_Driver/Inc/Legacy -I../Drivers/CMSIS/Device/ST/STM32F4xx/Include -I../Drivers/CMSIS/Include -O0 -ffunction-sections -fdata-sections -Wall -fstack-usage -fcyclomatic-complexity -MMD -MP -MF"Core/Src/main.d" -MT"Core/Src/main.o" --specs=nano.specs -mfpu=fpv4-sp-d16 -mfloat-abi=hard -mthumb -o "Core/Src/main.o"
arm-none-eabi-gcc -o "Uartronica_Control_Board.elf" @"objects.list"   -mcpu=cortex-m4 -T"C:\Users\Admin.ONTPC12\Desktop\UartxFirmwareRepo\UartxFirmware\Uartronica_Control_Board\STM32F446RETX_FLASH.ld" --specs=nosys.specs -Wl,-Map="Uartronica_Control_Board.map" -Wl,--gc-sections -static --specs=nano.specs -mfpu=fpv4-sp-d16 -mfloat-abi=hard -mthumb -Wl,--start-group -lc -lm -Wl,--end-group
Finished building target: Uartronica_Control_Board.elf
 
arm-none-eabi-size  Uartronica_Control_Board.elf 
arm-none-eabi-objdump -h -S Uartronica_Control_Board.elf  > "Uartronica_Control_Board.list"
   text	   data	    bss	    dec	    hex	filename
  12520	     92	   2076	  14688	   3960	Uartronica_Control_Board.elf
Finished building: default.size.stdout
 
Finished building: Uartronica_Control_Board.list
 
14:10:17 **** Incremental Build of configuration Debug for project Uartronica_Control_Board ****
make -j4 all 
arm-none-eabi-gcc "../Core/Src/main.c" -mcpu=cortex-m4 -std=gnu11 -g3 -DDEBUG -DUSE_HAL_DRIVER -DSTM32F446xx -c -I../Core/Inc -I../Drivers/STM32F4xx_HAL_Driver/Inc -I../Drivers/STM32F4xx_HAL_Driver/Inc/Legacy -I../Drivers/CMSIS/Device/ST/STM32F4xx/Include -I../Drivers/CMSIS/Include -O0 -ffunction-sections -fdata-sections -Wall -fstack-usage -fcyclomatic-complexity -MMD -MP -MF"Core/Src/main.d" -MT"Core/Src/main.o" --specs=nano.specs -mfpu=fpv4-sp-d16 -mfloat-abi=hard -mthumb -o "Core/Src/main.o"
../Core/Src/main.c:203:1: error: expected identifier or '(' before '}' token
  203 | }
      | ^
make: *** [Core/Src/subdir.mk:34: Core/Src/main.o] Error 1
"make -j4 all" terminated with exit code 2. Build might be incomplete.
14:10:31 **** Incremental Build of configuration Debug for project Uartronica_Control_Board ****
make -j4 all 
arm-none-eabi-gcc "../Core/Src/main.c" -mcpu=cortex-m4 -std=gnu11 -g3 -DDEBUG -DUSE_HAL_DRIVER -DSTM32F446xx -c -I../Core/Inc -I../Drivers/STM32F4xx_HAL_Driver/Inc -I../Drivers/STM32F4xx_HAL_Driver/Inc/Legacy -I../Drivers/CMSIS/Device/ST/STM32F4xx/Include -I../Drivers/CMSIS/Include -O0 -ffunction-sections -fdata-sections -Wall -fstack-usage -fcyclomatic-complexity -MMD -MP -MF"Core/Src/main.d" -MT"Core/Src/main.o" --specs=nano.specs -mfpu=fpv4-sp-d16 -mfloat-abi=hard -mthumb -o "Core/Src/main.o"
arm-none-eabi-gcc -o "Uartronica_Control_Board.elf" @"objects.list"   -mcpu=cortex-m4 -T"C:\Users\Admin.ONTPC12\Desktop\UartxFirmwareRepo\UartxFirmware\Uartronica_Control_Board\STM32F446RETX_FLASH.ld" --specs=nosys.specs -Wl,-Map="Uartronica_Control_Board.map" -Wl,--gc-sections -static --specs=nano.specs -mfpu=fpv4-sp-d16 -mfloat-abi=hard -mthumb -Wl,--start-group -lc -lm -Wl,--end-group
Finished building target: Uartronica_Control_Board.elf
 
arm-none-eabi-size  Uartronica_Control_Board.elf 
arm-none-eabi-objdump -h -S Uartronica_Control_Board.elf  > "Uartronica_Control_Board.list"
   text	   data	    bss	    dec	    hex	filename
  12196	     92	   2076	  14364	   381c	Uartronica_Control_Board.elf
Finished building: default.size.stdout
 
Finished building: Uartronica_Control_Board.list
 
14:12:17 **** Incremental Build of configuration Debug for project Uartronica_Control_Board ****
make -j4 all 
arm-none-eabi-gcc "../Core/Src/main.c" -mcpu=cortex-m4 -std=gnu11 -g3 -DDEBUG -DUSE_HAL_DRIVER -DSTM32F446xx -c -I../Core/Inc -I../Drivers/STM32F4xx_HAL_Driver/Inc -I../Drivers/STM32F4xx_HAL_Driver/Inc/Legacy -I../Drivers/CMSIS/Device/ST/STM32F4xx/Include -I../Drivers/CMSIS/Include -O0 -ffunction-sections -fdata-sections -Wall -fstack-usage -fcyclomatic-complexity -MMD -MP -MF"Core/Src/main.d" -MT"Core/Src/main.o" --specs=nano.specs -mfpu=fpv4-sp-d16 -mfloat-abi=hard -mthumb -o "Core/Src/main.o"
../Core/Src/main.c: In function 'main':
../Core/Src/main.c:158:39: error: 'buffer' undeclared (first use in this function); did you mean 'rxBuffer'?
  158 |         if (HAL_UART_Receive(&huart3, buffer, sizeof(buffer), HAL_MAX_DELAY) == HAL_OK)
      |                                       ^~~~~~
      |                                       rxBuffer
../Core/Src/main.c:158:39: note: each undeclared identifier is reported only once for each function it appears in
make: *** [Core/Src/subdir.mk:34: Core/Src/main.o] Error 1
"make -j4 all" terminated with exit code 2. Build might be incomplete.
14:12:48 **** Incremental Build of configuration Debug for project Uartronica_Control_Board ****
make -j4 all 
arm-none-eabi-gcc "../Core/Src/main.c" -mcpu=cortex-m4 -std=gnu11 -g3 -DDEBUG -DUSE_HAL_DRIVER -DSTM32F446xx -c -I../Core/Inc -I../Drivers/STM32F4xx_HAL_Driver/Inc -I../Drivers/STM32F4xx_HAL_Driver/Inc/Legacy -I../Drivers/CMSIS/Device/ST/STM32F4xx/Include -I../Drivers/CMSIS/Include -O0 -ffunction-sections -fdata-sections -Wall -fstack-usage -fcyclomatic-complexity -MMD -MP -MF"Core/Src/main.d" -MT"Core/Src/main.o" --specs=nano.specs -mfpu=fpv4-sp-d16 -mfloat-abi=hard -mthumb -o "Core/Src/main.o"
../Core/Src/main.c: In function 'main':
../Core/Src/main.c:158:56: error: 'buffer' undeclared (first use in this function); did you mean 'rxBuffer'?
  158 |         if (HAL_UART_Receive(&huart3, rxBuffer, sizeof(buffer), HAL_MAX_DELAY) == HAL_OK)
      |                                                        ^~~~~~
      |                                                        rxBuffer
../Core/Src/main.c:158:56: note: each undeclared identifier is reported only once for each function it appears in
make: *** [Core/Src/subdir.mk:34: Core/Src/main.o] Error 1
"make -j4 all" terminated with exit code 2. Build might be incomplete.
14:12:59 **** Incremental Build of configuration Debug for project Uartronica_Control_Board ****
make -j4 all 
arm-none-eabi-gcc "../Core/Src/main.c" -mcpu=cortex-m4 -std=gnu11 -g3 -DDEBUG -DUSE_HAL_DRIVER -DSTM32F446xx -c -I../Core/Inc -I../Drivers/STM32F4xx_HAL_Driver/Inc -I../Drivers/STM32F4xx_HAL_Driver/Inc/Legacy -I../Drivers/CMSIS/Device/ST/STM32F4xx/Include -I../Drivers/CMSIS/Include -O0 -ffunction-sections -fdata-sections -Wall -fstack-usage -fcyclomatic-complexity -MMD -MP -MF"Core/Src/main.d" -MT"Core/Src/main.o" --specs=nano.specs -mfpu=fpv4-sp-d16 -mfloat-abi=hard -mthumb -o "Core/Src/main.o"
arm-none-eabi-gcc -o "Uartronica_Control_Board.elf" @"objects.list"   -mcpu=cortex-m4 -T"C:\Users\Admin.ONTPC12\Desktop\UartxFirmwareRepo\UartxFirmware\Uartronica_Control_Board\STM32F446RETX_FLASH.ld" --specs=nosys.specs -Wl,-Map="Uartronica_Control_Board.map" -Wl,--gc-sections -static --specs=nano.specs -mfpu=fpv4-sp-d16 -mfloat-abi=hard -mthumb -Wl,--start-group -lc -lm -Wl,--end-group
Finished building target: Uartronica_Control_Board.elf
 
arm-none-eabi-size  Uartronica_Control_Board.elf 
arm-none-eabi-objdump -h -S Uartronica_Control_Board.elf  > "Uartronica_Control_Board.list"
   text	   data	    bss	    dec	    hex	filename
  12516	     92	   2076	  14684	   395c	Uartronica_Control_Board.elf
Finished building: default.size.stdout
 
Finished building: Uartronica_Control_Board.list
 
14:16:37 **** Incremental Build of configuration Debug for project Uartronica_Control_Board ****
make -j4 all 
arm-none-eabi-gcc "../Core/Src/main.c" -mcpu=cortex-m4 -std=gnu11 -g3 -DDEBUG -DUSE_HAL_DRIVER -DSTM32F446xx -c -I../Core/Inc -I../Drivers/STM32F4xx_HAL_Driver/Inc -I../Drivers/STM32F4xx_HAL_Driver/Inc/Legacy -I../Drivers/CMSIS/Device/ST/STM32F4xx/Include -I../Drivers/CMSIS/Include -O0 -ffunction-sections -fdata-sections -Wall -fstack-usage -fcyclomatic-complexity -MMD -MP -MF"Core/Src/main.d" -MT"Core/Src/main.o" --specs=nano.specs -mfpu=fpv4-sp-d16 -mfloat-abi=hard -mthumb -o "Core/Src/main.o"
arm-none-eabi-gcc -o "Uartronica_Control_Board.elf" @"objects.list"   -mcpu=cortex-m4 -T"C:\Users\Admin.ONTPC12\Desktop\UartxFirmwareRepo\UartxFirmware\Uartronica_Control_Board\STM32F446RETX_FLASH.ld" --specs=nosys.specs -Wl,-Map="Uartronica_Control_Board.map" -Wl,--gc-sections -static --specs=nano.specs -mfpu=fpv4-sp-d16 -mfloat-abi=hard -mthumb -Wl,--start-group -lc -lm -Wl,--end-group
Finished building target: Uartronica_Control_Board.elf
 
arm-none-eabi-size  Uartronica_Control_Board.elf 
arm-none-eabi-objdump -h -S Uartronica_Control_Board.elf  > "Uartronica_Control_Board.list"
   text	   data	    bss	    dec	    hex	filename
  13084	     92	   2076	  15252	   3b94	Uartronica_Control_Board.elf
Finished building: default.size.stdout
 
Finished building: Uartronica_Control_Board.list
 
14:24:02 **** Incremental Build of configuration Debug for project Uartronica_Control_Board ****
make -j4 all 
arm-none-eabi-gcc "../Core/Src/main.c" -mcpu=cortex-m4 -std=gnu11 -g3 -DDEBUG -DUSE_HAL_DRIVER -DSTM32F446xx -c -I../Core/Inc -I../Drivers/STM32F4xx_HAL_Driver/Inc -I../Drivers/STM32F4xx_HAL_Driver/Inc/Legacy -I../Drivers/CMSIS/Device/ST/STM32F4xx/Include -I../Drivers/CMSIS/Include -O0 -ffunction-sections -fdata-sections -Wall -fstack-usage -fcyclomatic-complexity -MMD -MP -MF"Core/Src/main.d" -MT"Core/Src/main.o" --specs=nano.specs -mfpu=fpv4-sp-d16 -mfloat-abi=hard -mthumb -o "Core/Src/main.o"
arm-none-eabi-gcc -o "Uartronica_Control_Board.elf" @"objects.list"   -mcpu=cortex-m4 -T"C:\Users\Admin.ONTPC12\Desktop\UartxFirmwareRepo\UartxFirmware\Uartronica_Control_Board\STM32F446RETX_FLASH.ld" --specs=nosys.specs -Wl,-Map="Uartronica_Control_Board.map" -Wl,--gc-sections -static --specs=nano.specs -mfpu=fpv4-sp-d16 -mfloat-abi=hard -mthumb -Wl,--start-group -lc -lm -Wl,--end-group
Finished building target: Uartronica_Control_Board.elf
 
arm-none-eabi-size  Uartronica_Control_Board.elf 
arm-none-eabi-objdump -h -S Uartronica_Control_Board.elf  > "Uartronica_Control_Board.list"
   text	   data	    bss	    dec	    hex	filename
  12512	     92	   2076	  14680	   3958	Uartronica_Control_Board.elf
Finished building: default.size.stdout
 
Finished building: Uartronica_Control_Board.list
 
14:27:56 **** Incremental Build of configuration Debug for project Uartronica_Control_Board ****
make -j4 all 
arm-none-eabi-gcc "../Core/Src/main.c" -mcpu=cortex-m4 -std=gnu11 -g3 -DDEBUG -DUSE_HAL_DRIVER -DSTM32F446xx -c -I../Core/Inc -I../Drivers/STM32F4xx_HAL_Driver/Inc -I../Drivers/STM32F4xx_HAL_Driver/Inc/Legacy -I../Drivers/CMSIS/Device/ST/STM32F4xx/Include -I../Drivers/CMSIS/Include -O0 -ffunction-sections -fdata-sections -Wall -fstack-usage -fcyclomatic-complexity -MMD -MP -MF"Core/Src/main.d" -MT"Core/Src/main.o" --specs=nano.specs -mfpu=fpv4-sp-d16 -mfloat-abi=hard -mthumb -o "Core/Src/main.o"
arm-none-eabi-gcc -o "Uartronica_Control_Board.elf" @"objects.list"   -mcpu=cortex-m4 -T"C:\Users\Admin.ONTPC12\Desktop\UartxFirmwareRepo\UartxFirmware\Uartronica_Control_Board\STM32F446RETX_FLASH.ld" --specs=nosys.specs -Wl,-Map="Uartronica_Control_Board.map" -Wl,--gc-sections -static --specs=nano.specs -mfpu=fpv4-sp-d16 -mfloat-abi=hard -mthumb -Wl,--start-group -lc -lm -Wl,--end-group
Finished building target: Uartronica_Control_Board.elf
 
arm-none-eabi-size  Uartronica_Control_Board.elf 
arm-none-eabi-objdump -h -S Uartronica_Control_Board.elf  > "Uartronica_Control_Board.list"
   text	   data	    bss	    dec	    hex	filename
  12512	     92	   2076	  14680	   3958	Uartronica_Control_Board.elf
Finished building: default.size.stdout
 
Finished building: Uartronica_Control_Board.list
 
14:29:42 **** Incremental Build of configuration Debug for project Uartronica_Control_Board ****
make -j4 all 
arm-none-eabi-gcc "../Core/Src/main.c" -mcpu=cortex-m4 -std=gnu11 -g3 -DDEBUG -DUSE_HAL_DRIVER -DSTM32F446xx -c -I../Core/Inc -I../Drivers/STM32F4xx_HAL_Driver/Inc -I../Drivers/STM32F4xx_HAL_Driver/Inc/Legacy -I../Drivers/CMSIS/Device/ST/STM32F4xx/Include -I../Drivers/CMSIS/Include -O0 -ffunction-sections -fdata-sections -Wall -fstack-usage -fcyclomatic-complexity -MMD -MP -MF"Core/Src/main.d" -MT"Core/Src/main.o" --specs=nano.specs -mfpu=fpv4-sp-d16 -mfloat-abi=hard -mthumb -o "Core/Src/main.o"
arm-none-eabi-gcc -o "Uartronica_Control_Board.elf" @"objects.list"   -mcpu=cortex-m4 -T"C:\Users\Admin.ONTPC12\Desktop\UartxFirmwareRepo\UartxFirmware\Uartronica_Control_Board\STM32F446RETX_FLASH.ld" --specs=nosys.specs -Wl,-Map="Uartronica_Control_Board.map" -Wl,--gc-sections -static --specs=nano.specs -mfpu=fpv4-sp-d16 -mfloat-abi=hard -mthumb -Wl,--start-group -lc -lm -Wl,--end-group
Finished building target: Uartronica_Control_Board.elf
 
arm-none-eabi-size  Uartronica_Control_Board.elf 
arm-none-eabi-objdump -h -S Uartronica_Control_Board.elf  > "Uartronica_Control_Board.list"
   text	   data	    bss	    dec	    hex	filename
  12532	     92	   2076	  14700	   396c	Uartronica_Control_Board.elf
Finished building: default.size.stdout
 
Finished building: Uartronica_Control_Board.list
 
14:33:06 **** Incremental Build of configuration Debug for project Uartronica_Control_Board ****
make -j4 all 
arm-none-eabi-gcc "../Core/Src/main.c" -mcpu=cortex-m4 -std=gnu11 -g3 -DDEBUG -DUSE_HAL_DRIVER -DSTM32F446xx -c -I../Core/Inc -I../Drivers/STM32F4xx_HAL_Driver/Inc -I../Drivers/STM32F4xx_HAL_Driver/Inc/Legacy -I../Drivers/CMSIS/Device/ST/STM32F4xx/Include -I../Drivers/CMSIS/Include -O0 -ffunction-sections -fdata-sections -Wall -fstack-usage -fcyclomatic-complexity -MMD -MP -MF"Core/Src/main.d" -MT"Core/Src/main.o" --specs=nano.specs -mfpu=fpv4-sp-d16 -mfloat-abi=hard -mthumb -o "Core/Src/main.o"
arm-none-eabi-gcc -o "Uartronica_Control_Board.elf" @"objects.list"   -mcpu=cortex-m4 -T"C:\Users\Admin.ONTPC12\Desktop\UartxFirmwareRepo\UartxFirmware\Uartronica_Control_Board\STM32F446RETX_FLASH.ld" --specs=nosys.specs -Wl,-Map="Uartronica_Control_Board.map" -Wl,--gc-sections -static --specs=nano.specs -mfpu=fpv4-sp-d16 -mfloat-abi=hard -mthumb -Wl,--start-group -lc -lm -Wl,--end-group
Finished building target: Uartronica_Control_Board.elf
 
arm-none-eabi-size  Uartronica_Control_Board.elf 
arm-none-eabi-objdump -h -S Uartronica_Control_Board.elf  > "Uartronica_Control_Board.list"
   text	   data	    bss	    dec	    hex	filename
  12504	     92	   2076	  14672	   3950	Uartronica_Control_Board.elf
Finished building: default.size.stdout
 
Finished building: Uartronica_Control_Board.list
 
14:37:38 **** Incremental Build of configuration Debug for project Uartronica_Control_Board ****
make -j4 all 
arm-none-eabi-gcc "../Core/Src/main.c" -mcpu=cortex-m4 -std=gnu11 -g3 -DDEBUG -DUSE_HAL_DRIVER -DSTM32F446xx -c -I../Core/Inc -I../Drivers/STM32F4xx_HAL_Driver/Inc -I../Drivers/STM32F4xx_HAL_Driver/Inc/Legacy -I../Drivers/CMSIS/Device/ST/STM32F4xx/Include -I../Drivers/CMSIS/Include -O0 -ffunction-sections -fdata-sections -Wall -fstack-usage -fcyclomatic-complexity -MMD -MP -MF"Core/Src/main.d" -MT"Core/Src/main.o" --specs=nano.specs -mfpu=fpv4-sp-d16 -mfloat-abi=hard -mthumb -o "Core/Src/main.o"
../Core/Src/main.c: In function 'main':
../Core/Src/main.c:153:8: warning: unused variable 'message' [-Wunused-variable]
  153 |   char message[100];
      |        ^~~~~~~
arm-none-eabi-gcc -o "Uartronica_Control_Board.elf" @"objects.list"   -mcpu=cortex-m4 -T"C:\Users\Admin.ONTPC12\Desktop\UartxFirmwareRepo\UartxFirmware\Uartronica_Control_Board\STM32F446RETX_FLASH.ld" --specs=nosys.specs -Wl,-Map="Uartronica_Control_Board.map" -Wl,--gc-sections -static --specs=nano.specs -mfpu=fpv4-sp-d16 -mfloat-abi=hard -mthumb -Wl,--start-group -lc -lm -Wl,--end-group
Finished building target: Uartronica_Control_Board.elf
 
arm-none-eabi-size  Uartronica_Control_Board.elf 
arm-none-eabi-objdump -h -S Uartronica_Control_Board.elf  > "Uartronica_Control_Board.list"
   text	   data	    bss	    dec	    hex	filename
  12888	     92	   2076	  15056	   3ad0	Uartronica_Control_Board.elf
Finished building: default.size.stdout
 
Finished building: Uartronica_Control_Board.list
 
14:40:15 **** Incremental Build of configuration Debug for project Uartronica_Control_Board ****
make -j4 all 
arm-none-eabi-gcc "../Core/Src/main.c" -mcpu=cortex-m4 -std=gnu11 -g3 -DDEBUG -DUSE_HAL_DRIVER -DSTM32F446xx -c -I../Core/Inc -I../Drivers/STM32F4xx_HAL_Driver/Inc -I../Drivers/STM32F4xx_HAL_Driver/Inc/Legacy -I../Drivers/CMSIS/Device/ST/STM32F4xx/Include -I../Drivers/CMSIS/Include -O0 -ffunction-sections -fdata-sections -Wall -fstack-usage -fcyclomatic-complexity -MMD -MP -MF"Core/Src/main.d" -MT"Core/Src/main.o" --specs=nano.specs -mfpu=fpv4-sp-d16 -mfloat-abi=hard -mthumb -o "Core/Src/main.o"
../Core/Src/main.c: In function 'main':
../Core/Src/main.c:153:8: warning: unused variable 'message' [-Wunused-variable]
  153 |   char message[100];
      |        ^~~~~~~
arm-none-eabi-gcc -o "Uartronica_Control_Board.elf" @"objects.list"   -mcpu=cortex-m4 -T"C:\Users\Admin.ONTPC12\Desktop\UartxFirmwareRepo\UartxFirmware\Uartronica_Control_Board\STM32F446RETX_FLASH.ld" --specs=nosys.specs -Wl,-Map="Uartronica_Control_Board.map" -Wl,--gc-sections -static --specs=nano.specs -mfpu=fpv4-sp-d16 -mfloat-abi=hard -mthumb -Wl,--start-group -lc -lm -Wl,--end-group
Finished building target: Uartronica_Control_Board.elf
 
arm-none-eabi-size  Uartronica_Control_Board.elf 
arm-none-eabi-objdump -h -S Uartronica_Control_Board.elf  > "Uartronica_Control_Board.list"
   text	   data	    bss	    dec	    hex	filename
  12868	     92	   2076	  15036	   3abc	Uartronica_Control_Board.elf
Finished building: default.size.stdout
 
Finished building: Uartronica_Control_Board.list
 
14:44:08 **** Incremental Build of configuration Debug for project Uartronica_Control_Board ****
make -j4 all 
arm-none-eabi-gcc "../Core/Src/main.c" -mcpu=cortex-m4 -std=gnu11 -g3 -DDEBUG -DUSE_HAL_DRIVER -DSTM32F446xx -c -I../Core/Inc -I../Drivers/STM32F4xx_HAL_Driver/Inc -I../Drivers/STM32F4xx_HAL_Driver/Inc/Legacy -I../Drivers/CMSIS/Device/ST/STM32F4xx/Include -I../Drivers/CMSIS/Include -O0 -ffunction-sections -fdata-sections -Wall -fstack-usage -fcyclomatic-complexity -MMD -MP -MF"Core/Src/main.d" -MT"Core/Src/main.o" --specs=nano.specs -mfpu=fpv4-sp-d16 -mfloat-abi=hard -mthumb -o "Core/Src/main.o"
../Core/Src/main.c: In function 'main':
../Core/Src/main.c:153:8: warning: unused variable 'message' [-Wunused-variable]
  153 |   char message[100];
      |        ^~~~~~~
arm-none-eabi-gcc -o "Uartronica_Control_Board.elf" @"objects.list"   -mcpu=cortex-m4 -T"C:\Users\Admin.ONTPC12\Desktop\UartxFirmwareRepo\UartxFirmware\Uartronica_Control_Board\STM32F446RETX_FLASH.ld" --specs=nosys.specs -Wl,-Map="Uartronica_Control_Board.map" -Wl,--gc-sections -static --specs=nano.specs -mfpu=fpv4-sp-d16 -mfloat-abi=hard -mthumb -Wl,--start-group -lc -lm -Wl,--end-group
Finished building target: Uartronica_Control_Board.elf
 
arm-none-eabi-size  Uartronica_Control_Board.elf 
arm-none-eabi-objdump -h -S Uartronica_Control_Board.elf  > "Uartronica_Control_Board.list"
   text	   data	    bss	    dec	    hex	filename
  12852	     92	   2076	  15020	   3aac	Uartronica_Control_Board.elf
Finished building: default.size.stdout
 
Finished building: Uartronica_Control_Board.list
 
14:47:07 **** Incremental Build of configuration Debug for project Uartronica_Control_Board ****
make -j4 all 
arm-none-eabi-gcc "../Core/Src/main.c" -mcpu=cortex-m4 -std=gnu11 -g3 -DDEBUG -DUSE_HAL_DRIVER -DSTM32F446xx -c -I../Core/Inc -I../Drivers/STM32F4xx_HAL_Driver/Inc -I../Drivers/STM32F4xx_HAL_Driver/Inc/Legacy -I../Drivers/CMSIS/Device/ST/STM32F4xx/Include -I../Drivers/CMSIS/Include -O0 -ffunction-sections -fdata-sections -Wall -fstack-usage -fcyclomatic-complexity -MMD -MP -MF"Core/Src/main.d" -MT"Core/Src/main.o" --specs=nano.specs -mfpu=fpv4-sp-d16 -mfloat-abi=hard -mthumb -o "Core/Src/main.o"
../Core/Src/main.c: In function 'main':
../Core/Src/main.c:153:8: warning: unused variable 'message' [-Wunused-variable]
  153 |   char message[100];
      |        ^~~~~~~
arm-none-eabi-gcc -o "Uartronica_Control_Board.elf" @"objects.list"   -mcpu=cortex-m4 -T"C:\Users\Admin.ONTPC12\Desktop\UartxFirmwareRepo\UartxFirmware\Uartronica_Control_Board\STM32F446RETX_FLASH.ld" --specs=nosys.specs -Wl,-Map="Uartronica_Control_Board.map" -Wl,--gc-sections -static --specs=nano.specs -mfpu=fpv4-sp-d16 -mfloat-abi=hard -mthumb -Wl,--start-group -lc -lm -Wl,--end-group
Finished building target: Uartronica_Control_Board.elf
 
arm-none-eabi-size  Uartronica_Control_Board.elf 
arm-none-eabi-objdump -h -S Uartronica_Control_Board.elf  > "Uartronica_Control_Board.list"
   text	   data	    bss	    dec	    hex	filename
  12864	     92	   2076	  15032	   3ab8	Uartronica_Control_Board.elf
Finished building: default.size.stdout
 
Finished building: Uartronica_Control_Board.list
 
14:48:11 **** Incremental Build of configuration Debug for project Uartronica_Control_Board ****
make -j4 all 
arm-none-eabi-gcc "../Core/Src/main.c" -mcpu=cortex-m4 -std=gnu11 -g3 -DDEBUG -DUSE_HAL_DRIVER -DSTM32F446xx -c -I../Core/Inc -I../Drivers/STM32F4xx_HAL_Driver/Inc -I../Drivers/STM32F4xx_HAL_Driver/Inc/Legacy -I../Drivers/CMSIS/Device/ST/STM32F4xx/Include -I../Drivers/CMSIS/Include -O0 -ffunction-sections -fdata-sections -Wall -fstack-usage -fcyclomatic-complexity -MMD -MP -MF"Core/Src/main.d" -MT"Core/Src/main.o" --specs=nano.specs -mfpu=fpv4-sp-d16 -mfloat-abi=hard -mthumb -o "Core/Src/main.o"
../Core/Src/main.c: In function 'main':
../Core/Src/main.c:153:8: warning: unused variable 'message' [-Wunused-variable]
  153 |   char message[100];
      |        ^~~~~~~
arm-none-eabi-gcc -o "Uartronica_Control_Board.elf" @"objects.list"   -mcpu=cortex-m4 -T"C:\Users\Admin.ONTPC12\Desktop\UartxFirmwareRepo\UartxFirmware\Uartronica_Control_Board\STM32F446RETX_FLASH.ld" --specs=nosys.specs -Wl,-Map="Uartronica_Control_Board.map" -Wl,--gc-sections -static --specs=nano.specs -mfpu=fpv4-sp-d16 -mfloat-abi=hard -mthumb -Wl,--start-group -lc -lm -Wl,--end-group
Finished building target: Uartronica_Control_Board.elf
 
arm-none-eabi-size  Uartronica_Control_Board.elf 
arm-none-eabi-objdump -h -S Uartronica_Control_Board.elf  > "Uartronica_Control_Board.list"
   text	   data	    bss	    dec	    hex	filename
  12852	     92	   2076	  15020	   3aac	Uartronica_Control_Board.elf
Finished building: default.size.stdout
 
Finished building: Uartronica_Control_Board.list
 
14:49:01 **** Incremental Build of configuration Debug for project Uartronica_Control_Board ****
make -j4 all 
arm-none-eabi-gcc "../Core/Src/main.c" -mcpu=cortex-m4 -std=gnu11 -g3 -DDEBUG -DUSE_HAL_DRIVER -DSTM32F446xx -c -I../Core/Inc -I../Drivers/STM32F4xx_HAL_Driver/Inc -I../Drivers/STM32F4xx_HAL_Driver/Inc/Legacy -I../Drivers/CMSIS/Device/ST/STM32F4xx/Include -I../Drivers/CMSIS/Include -O0 -ffunction-sections -fdata-sections -Wall -fstack-usage -fcyclomatic-complexity -MMD -MP -MF"Core/Src/main.d" -MT"Core/Src/main.o" --specs=nano.specs -mfpu=fpv4-sp-d16 -mfloat-abi=hard -mthumb -o "Core/Src/main.o"
../Core/Src/main.c: In function 'main':
../Core/Src/main.c:153:8: warning: unused variable 'message' [-Wunused-variable]
  153 |   char message[100];
      |        ^~~~~~~
arm-none-eabi-gcc -o "Uartronica_Control_Board.elf" @"objects.list"   -mcpu=cortex-m4 -T"C:\Users\Admin.ONTPC12\Desktop\UartxFirmwareRepo\UartxFirmware\Uartronica_Control_Board\STM32F446RETX_FLASH.ld" --specs=nosys.specs -Wl,-Map="Uartronica_Control_Board.map" -Wl,--gc-sections -static --specs=nano.specs -mfpu=fpv4-sp-d16 -mfloat-abi=hard -mthumb -Wl,--start-group -lc -lm -Wl,--end-group
Finished building target: Uartronica_Control_Board.elf
 
arm-none-eabi-size  Uartronica_Control_Board.elf 
arm-none-eabi-objdump -h -S Uartronica_Control_Board.elf  > "Uartronica_Control_Board.list"
   text	   data	    bss	    dec	    hex	filename
  12852	     92	   2076	  15020	   3aac	Uartronica_Control_Board.elf
Finished building: default.size.stdout
 
Finished building: Uartronica_Control_Board.list
 
14:51:56 **** Incremental Build of configuration Debug for project Uartronica_Control_Board ****
make -j4 all 
arm-none-eabi-gcc "../Core/Src/main.c" -mcpu=cortex-m4 -std=gnu11 -g3 -DDEBUG -DUSE_HAL_DRIVER -DSTM32F446xx -c -I../Core/Inc -I../Drivers/STM32F4xx_HAL_Driver/Inc -I../Drivers/STM32F4xx_HAL_Driver/Inc/Legacy -I../Drivers/CMSIS/Device/ST/STM32F4xx/Include -I../Drivers/CMSIS/Include -O0 -ffunction-sections -fdata-sections -Wall -fstack-usage -fcyclomatic-complexity -MMD -MP -MF"Core/Src/main.d" -MT"Core/Src/main.o" --specs=nano.specs -mfpu=fpv4-sp-d16 -mfloat-abi=hard -mthumb -o "Core/Src/main.o"
../Core/Src/main.c: In function 'main':
../Core/Src/main.c:153:8: warning: unused variable 'message' [-Wunused-variable]
  153 |   char message[100];
      |        ^~~~~~~
arm-none-eabi-gcc -o "Uartronica_Control_Board.elf" @"objects.list"   -mcpu=cortex-m4 -T"C:\Users\Admin.ONTPC12\Desktop\UartxFirmwareRepo\UartxFirmware\Uartronica_Control_Board\STM32F446RETX_FLASH.ld" --specs=nosys.specs -Wl,-Map="Uartronica_Control_Board.map" -Wl,--gc-sections -static --specs=nano.specs -mfpu=fpv4-sp-d16 -mfloat-abi=hard -mthumb -Wl,--start-group -lc -lm -Wl,--end-group
Finished building target: Uartronica_Control_Board.elf
 
arm-none-eabi-size  Uartronica_Control_Board.elf 
arm-none-eabi-objdump -h -S Uartronica_Control_Board.elf  > "Uartronica_Control_Board.list"
   text	   data	    bss	    dec	    hex	filename
  12852	     92	   2076	  15020	   3aac	Uartronica_Control_Board.elf
Finished building: default.size.stdout
 
Finished building: Uartronica_Control_Board.list
 
14:56:26 **** Incremental Build of configuration Debug for project Uartronica_Control_Board ****
make -j4 all 
arm-none-eabi-gcc "../Core/Src/main.c" -mcpu=cortex-m4 -std=gnu11 -g3 -DDEBUG -DUSE_HAL_DRIVER -DSTM32F446xx -c -I../Core/Inc -I../Drivers/STM32F4xx_HAL_Driver/Inc -I../Drivers/STM32F4xx_HAL_Driver/Inc/Legacy -I../Drivers/CMSIS/Device/ST/STM32F4xx/Include -I../Drivers/CMSIS/Include -O0 -ffunction-sections -fdata-sections -Wall -fstack-usage -fcyclomatic-complexity -MMD -MP -MF"Core/Src/main.d" -MT"Core/Src/main.o" --specs=nano.specs -mfpu=fpv4-sp-d16 -mfloat-abi=hard -mthumb -o "Core/Src/main.o"
../Core/Src/main.c: In function 'main':
../Core/Src/main.c:153:8: warning: unused variable 'message' [-Wunused-variable]
  153 |   char message[100];
      |        ^~~~~~~
arm-none-eabi-gcc -o "Uartronica_Control_Board.elf" @"objects.list"   -mcpu=cortex-m4 -T"C:\Users\Admin.ONTPC12\Desktop\UartxFirmwareRepo\UartxFirmware\Uartronica_Control_Board\STM32F446RETX_FLASH.ld" --specs=nosys.specs -Wl,-Map="Uartronica_Control_Board.map" -Wl,--gc-sections -static --specs=nano.specs -mfpu=fpv4-sp-d16 -mfloat-abi=hard -mthumb -Wl,--start-group -lc -lm -Wl,--end-group
Finished building target: Uartronica_Control_Board.elf
 
arm-none-eabi-size  Uartronica_Control_Board.elf 
arm-none-eabi-objdump -h -S Uartronica_Control_Board.elf  > "Uartronica_Control_Board.list"
   text	   data	    bss	    dec	    hex	filename
  12852	     92	   2076	  15020	   3aac	Uartronica_Control_Board.elf
Finished building: default.size.stdout
 
Finished building: Uartronica_Control_Board.list
 
15:03:12 **** Incremental Build of configuration Debug for project Uartronica_Control_Board ****
make -j4 all 
arm-none-eabi-gcc "../Core/Src/main.c" -mcpu=cortex-m4 -std=gnu11 -g3 -DDEBUG -DUSE_HAL_DRIVER -DSTM32F446xx -c -I../Core/Inc -I../Drivers/STM32F4xx_HAL_Driver/Inc -I../Drivers/STM32F4xx_HAL_Driver/Inc/Legacy -I../Drivers/CMSIS/Device/ST/STM32F4xx/Include -I../Drivers/CMSIS/Include -O0 -ffunction-sections -fdata-sections -Wall -fstack-usage -fcyclomatic-complexity -MMD -MP -MF"Core/Src/main.d" -MT"Core/Src/main.o" --specs=nano.specs -mfpu=fpv4-sp-d16 -mfloat-abi=hard -mthumb -o "Core/Src/main.o"
../Core/Src/main.c: In function 'main':
../Core/Src/main.c:153:8: warning: unused variable 'message' [-Wunused-variable]
  153 |   char message[100];
      |        ^~~~~~~
arm-none-eabi-gcc -o "Uartronica_Control_Board.elf" @"objects.list"   -mcpu=cortex-m4 -T"C:\Users\Admin.ONTPC12\Desktop\UartxFirmwareRepo\UartxFirmware\Uartronica_Control_Board\STM32F446RETX_FLASH.ld" --specs=nosys.specs -Wl,-Map="Uartronica_Control_Board.map" -Wl,--gc-sections -static --specs=nano.specs -mfpu=fpv4-sp-d16 -mfloat-abi=hard -mthumb -Wl,--start-group -lc -lm -Wl,--end-group
Finished building target: Uartronica_Control_Board.elf
 
arm-none-eabi-size  Uartronica_Control_Board.elf 
arm-none-eabi-objdump -h -S Uartronica_Control_Board.elf  > "Uartronica_Control_Board.list"
   text	   data	    bss	    dec	    hex	filename
  12860	     92	   2076	  15028	   3ab4	Uartronica_Control_Board.elf
Finished building: default.size.stdout
 
Finished building: Uartronica_Control_Board.list
 
15:05:14 **** Incremental Build of configuration Debug for project Uartronica_Control_Board ****
make -j4 all 
arm-none-eabi-gcc "../Core/Src/main.c" -mcpu=cortex-m4 -std=gnu11 -g3 -DDEBUG -DUSE_HAL_DRIVER -DSTM32F446xx -c -I../Core/Inc -I../Drivers/STM32F4xx_HAL_Driver/Inc -I../Drivers/STM32F4xx_HAL_Driver/Inc/Legacy -I../Drivers/CMSIS/Device/ST/STM32F4xx/Include -I../Drivers/CMSIS/Include -O0 -ffunction-sections -fdata-sections -Wall -fstack-usage -fcyclomatic-complexity -MMD -MP -MF"Core/Src/main.d" -MT"Core/Src/main.o" --specs=nano.specs -mfpu=fpv4-sp-d16 -mfloat-abi=hard -mthumb -o "Core/Src/main.o"
../Core/Src/main.c: In function 'main':
../Core/Src/main.c:190:52: warning: pointer targets in passing argument 2 of 'HAL_UART_Transmit' differ in signedness [-Wpointer-sign]
  190 |                         HAL_UART_Transmit(&huart3, "Unknown", 7, HAL_MAX_DELAY);
      |                                                    ^~~~~~~~~
      |                                                    |
      |                                                    char *
In file included from ../Core/Inc/stm32f4xx_hal_conf.h:411,
                 from ../Drivers/STM32F4xx_HAL_Driver/Inc/stm32f4xx_hal.h:29,
                 from ../Core/Inc/main.h:30,
                 from ../Core/Src/main.c:20:
../Drivers/STM32F4xx_HAL_Driver/Inc/stm32f4xx_hal_uart.h:745:79: note: expected 'const uint8_t *' {aka 'const unsigned char *'} but argument is of type 'char *'
  745 | HAL_StatusTypeDef HAL_UART_Transmit(UART_HandleTypeDef *huart, const uint8_t *pData, uint16_t Size, uint32_t Timeout);
      |                                                                ~~~~~~~~~~~~~~~^~~~~
../Core/Src/main.c:153:8: warning: unused variable 'message' [-Wunused-variable]
  153 |   char message[100];
      |        ^~~~~~~
arm-none-eabi-gcc -o "Uartronica_Control_Board.elf" @"objects.list"   -mcpu=cortex-m4 -T"C:\Users\Admin.ONTPC12\Desktop\UartxFirmwareRepo\UartxFirmware\Uartronica_Control_Board\STM32F446RETX_FLASH.ld" --specs=nosys.specs -Wl,-Map="Uartronica_Control_Board.map" -Wl,--gc-sections -static --specs=nano.specs -mfpu=fpv4-sp-d16 -mfloat-abi=hard -mthumb -Wl,--start-group -lc -lm -Wl,--end-group
Finished building target: Uartronica_Control_Board.elf
 
arm-none-eabi-size  Uartronica_Control_Board.elf 
arm-none-eabi-objdump -h -S Uartronica_Control_Board.elf  > "Uartronica_Control_Board.list"
   text	   data	    bss	    dec	    hex	filename
  12888	     92	   2076	  15056	   3ad0	Uartronica_Control_Board.elf
Finished building: default.size.stdout
 
Finished building: Uartronica_Control_Board.list
 
15:10:30 **** Incremental Build of configuration Debug for project Uartronica_Control_Board ****
make -j4 all 
arm-none-eabi-gcc "../Core/Src/main.c" -mcpu=cortex-m4 -std=gnu11 -g3 -DDEBUG -DUSE_HAL_DRIVER -DSTM32F446xx -c -I../Core/Inc -I../Drivers/STM32F4xx_HAL_Driver/Inc -I../Drivers/STM32F4xx_HAL_Driver/Inc/Legacy -I../Drivers/CMSIS/Device/ST/STM32F4xx/Include -I../Drivers/CMSIS/Include -O0 -ffunction-sections -fdata-sections -Wall -fstack-usage -fcyclomatic-complexity -MMD -MP -MF"Core/Src/main.d" -MT"Core/Src/main.o" --specs=nano.specs -mfpu=fpv4-sp-d16 -mfloat-abi=hard -mthumb -o "Core/Src/main.o"
../Core/Src/main.c: In function 'main':
../Core/Src/main.c:190:52: warning: pointer targets in passing argument 2 of 'HAL_UART_Transmit' differ in signedness [-Wpointer-sign]
  190 |                         HAL_UART_Transmit(&huart3, "Unknown", 7, HAL_MAX_DELAY);
      |                                                    ^~~~~~~~~
      |                                                    |
      |                                                    char *
In file included from ../Core/Inc/stm32f4xx_hal_conf.h:411,
                 from ../Drivers/STM32F4xx_HAL_Driver/Inc/stm32f4xx_hal.h:29,
                 from ../Core/Inc/main.h:30,
                 from ../Core/Src/main.c:20:
../Drivers/STM32F4xx_HAL_Driver/Inc/stm32f4xx_hal_uart.h:745:79: note: expected 'const uint8_t *' {aka 'const unsigned char *'} but argument is of type 'char *'
  745 | HAL_StatusTypeDef HAL_UART_Transmit(UART_HandleTypeDef *huart, const uint8_t *pData, uint16_t Size, uint32_t Timeout);
      |                                                                ~~~~~~~~~~~~~~~^~~~~
../Core/Src/main.c:153:8: warning: unused variable 'message' [-Wunused-variable]
  153 |   char message[100];
      |        ^~~~~~~
arm-none-eabi-gcc -o "Uartronica_Control_Board.elf" @"objects.list"   -mcpu=cortex-m4 -T"C:\Users\Admin.ONTPC12\Desktop\UartxFirmwareRepo\UartxFirmware\Uartronica_Control_Board\STM32F446RETX_FLASH.ld" --specs=nosys.specs -Wl,-Map="Uartronica_Control_Board.map" -Wl,--gc-sections -static --specs=nano.specs -mfpu=fpv4-sp-d16 -mfloat-abi=hard -mthumb -Wl,--start-group -lc -lm -Wl,--end-group
Finished building target: Uartronica_Control_Board.elf
 
arm-none-eabi-size  Uartronica_Control_Board.elf 
arm-none-eabi-objdump -h -S Uartronica_Control_Board.elf  > "Uartronica_Control_Board.list"
   text	   data	    bss	    dec	    hex	filename
  12888	     92	   2076	  15056	   3ad0	Uartronica_Control_Board.elf
Finished building: default.size.stdout
 
Finished building: Uartronica_Control_Board.list
 
15:12:21 **** Incremental Build of configuration Debug for project Uartronica_Control_Board ****
make -j4 all 
arm-none-eabi-gcc "../Core/Src/main.c" -mcpu=cortex-m4 -std=gnu11 -g3 -DDEBUG -DUSE_HAL_DRIVER -DSTM32F446xx -c -I../Core/Inc -I../Drivers/STM32F4xx_HAL_Driver/Inc -I../Drivers/STM32F4xx_HAL_Driver/Inc/Legacy -I../Drivers/CMSIS/Device/ST/STM32F4xx/Include -I../Drivers/CMSIS/Include -O0 -ffunction-sections -fdata-sections -Wall -fstack-usage -fcyclomatic-complexity -MMD -MP -MF"Core/Src/main.d" -MT"Core/Src/main.o" --specs=nano.specs -mfpu=fpv4-sp-d16 -mfloat-abi=hard -mthumb -o "Core/Src/main.o"
../Core/Src/main.c: In function 'main':
../Core/Src/main.c:190:52: warning: pointer targets in passing argument 2 of 'HAL_UART_Transmit' differ in signedness [-Wpointer-sign]
  190 |                         HAL_UART_Transmit(&huart3, "Unknown\n", 8, HAL_MAX_DELAY);
      |                                                    ^~~~~~~~~~~
      |                                                    |
      |                                                    char *
In file included from ../Core/Inc/stm32f4xx_hal_conf.h:411,
                 from ../Drivers/STM32F4xx_HAL_Driver/Inc/stm32f4xx_hal.h:29,
                 from ../Core/Inc/main.h:30,
                 from ../Core/Src/main.c:20:
../Drivers/STM32F4xx_HAL_Driver/Inc/stm32f4xx_hal_uart.h:745:79: note: expected 'const uint8_t *' {aka 'const unsigned char *'} but argument is of type 'char *'
  745 | HAL_StatusTypeDef HAL_UART_Transmit(UART_HandleTypeDef *huart, const uint8_t *pData, uint16_t Size, uint32_t Timeout);
      |                                                                ~~~~~~~~~~~~~~~^~~~~
../Core/Src/main.c:153:8: warning: unused variable 'message' [-Wunused-variable]
  153 |   char message[100];
      |        ^~~~~~~
arm-none-eabi-gcc -o "Uartronica_Control_Board.elf" @"objects.list"   -mcpu=cortex-m4 -T"C:\Users\Admin.ONTPC12\Desktop\UartxFirmwareRepo\UartxFirmware\Uartronica_Control_Board\STM32F446RETX_FLASH.ld" --specs=nosys.specs -Wl,-Map="Uartronica_Control_Board.map" -Wl,--gc-sections -static --specs=nano.specs -mfpu=fpv4-sp-d16 -mfloat-abi=hard -mthumb -Wl,--start-group -lc -lm -Wl,--end-group
Finished building target: Uartronica_Control_Board.elf
 
arm-none-eabi-size  Uartronica_Control_Board.elf 
arm-none-eabi-objdump -h -S Uartronica_Control_Board.elf  > "Uartronica_Control_Board.list"
   text	   data	    bss	    dec	    hex	filename
  12892	     92	   2076	  15060	   3ad4	Uartronica_Control_Board.elf
Finished building: default.size.stdout
 
Finished building: Uartronica_Control_Board.list
 
15:17:07 **** Incremental Build of configuration Debug for project Uartronica_Control_Board ****
make -j4 all 
arm-none-eabi-gcc "../Core/Src/main.c" -mcpu=cortex-m4 -std=gnu11 -g3 -DDEBUG -DUSE_HAL_DRIVER -DSTM32F446xx -c -I../Core/Inc -I../Drivers/STM32F4xx_HAL_Driver/Inc -I../Drivers/STM32F4xx_HAL_Driver/Inc/Legacy -I../Drivers/CMSIS/Device/ST/STM32F4xx/Include -I../Drivers/CMSIS/Include -O0 -ffunction-sections -fdata-sections -Wall -fstack-usage -fcyclomatic-complexity -MMD -MP -MF"Core/Src/main.d" -MT"Core/Src/main.o" --specs=nano.specs -mfpu=fpv4-sp-d16 -mfloat-abi=hard -mthumb -o "Core/Src/main.o"
../Core/Src/main.c: In function 'main':
../Core/Src/main.c:186:60: warning: passing argument 2 of 'HAL_UART_Transmit' makes pointer from integer without a cast [-Wint-conversion]
  186 |                         HAL_UART_Transmit(&huart3, rxBuffer[0], 1, HAL_MAX_DELAY);
      |                                                    ~~~~~~~~^~~
      |                                                            |
      |                                                            uint8_t {aka unsigned char}
In file included from ../Core/Inc/stm32f4xx_hal_conf.h:411,
                 from ../Drivers/STM32F4xx_HAL_Driver/Inc/stm32f4xx_hal.h:29,
                 from ../Core/Inc/main.h:30,
                 from ../Core/Src/main.c:20:
../Drivers/STM32F4xx_HAL_Driver/Inc/stm32f4xx_hal_uart.h:745:79: note: expected 'const uint8_t *' {aka 'const unsigned char *'} but argument is of type 'uint8_t' {aka 'unsigned char'}
  745 | HAL_StatusTypeDef HAL_UART_Transmit(UART_HandleTypeDef *huart, const uint8_t *pData, uint16_t Size, uint32_t Timeout);
      |                                                                ~~~~~~~~~~~~~~~^~~~~
../Core/Src/main.c:187:60: warning: passing argument 2 of 'HAL_UART_Transmit' makes pointer from integer without a cast [-Wint-conversion]
  187 |                         HAL_UART_Transmit(&huart3, rxBuffer[0], 1, HAL_MAX_DELAY);
      |                                                    ~~~~~~~~^~~
      |                                                            |
      |                                                            uint8_t {aka unsigned char}
../Drivers/STM32F4xx_HAL_Driver/Inc/stm32f4xx_hal_uart.h:745:79: note: expected 'const uint8_t *' {aka 'const unsigned char *'} but argument is of type 'uint8_t' {aka 'unsigned char'}
  745 | HAL_StatusTypeDef HAL_UART_Transmit(UART_HandleTypeDef *huart, const uint8_t *pData, uint16_t Size, uint32_t Timeout);
      |                                                                ~~~~~~~~~~~~~~~^~~~~
../Core/Src/main.c:188:52: warning: passing argument 2 of 'HAL_UART_Transmit' makes pointer from integer without a cast [-Wint-conversion]
  188 |                         HAL_UART_Transmit(&huart3, '\n', 1, HAL_MAX_DELAY);
      |                                                    ^~~~
      |                                                    |
      |                                                    int
../Drivers/STM32F4xx_HAL_Driver/Inc/stm32f4xx_hal_uart.h:745:79: note: expected 'const uint8_t *' {aka 'const unsigned char *'} but argument is of type 'int'
  745 | HAL_StatusTypeDef HAL_UART_Transmit(UART_HandleTypeDef *huart, const uint8_t *pData, uint16_t Size, uint32_t Timeout);
      |                                                                ~~~~~~~~~~~~~~~^~~~~
../Core/Src/main.c:193:52: warning: pointer targets in passing argument 2 of 'HAL_UART_Transmit' differ in signedness [-Wpointer-sign]
  193 |                         HAL_UART_Transmit(&huart3, "Unknown\n", 8, HAL_MAX_DELAY);
      |                                                    ^~~~~~~~~~~
      |                                                    |
      |                                                    char *
../Drivers/STM32F4xx_HAL_Driver/Inc/stm32f4xx_hal_uart.h:745:79: note: expected 'const uint8_t *' {aka 'const unsigned char *'} but argument is of type 'char *'
  745 | HAL_StatusTypeDef HAL_UART_Transmit(UART_HandleTypeDef *huart, const uint8_t *pData, uint16_t Size, uint32_t Timeout);
      |                                                                ~~~~~~~~~~~~~~~^~~~~
../Core/Src/main.c:153:8: warning: unused variable 'message' [-Wunused-variable]
  153 |   char message[100];
      |        ^~~~~~~
arm-none-eabi-gcc -o "Uartronica_Control_Board.elf" @"objects.list"   -mcpu=cortex-m4 -T"C:\Users\Admin.ONTPC12\Desktop\UartxFirmwareRepo\UartxFirmware\Uartronica_Control_Board\STM32F446RETX_FLASH.ld" --specs=nosys.specs -Wl,-Map="Uartronica_Control_Board.map" -Wl,--gc-sections -static --specs=nano.specs -mfpu=fpv4-sp-d16 -mfloat-abi=hard -mthumb -Wl,--start-group -lc -lm -Wl,--end-group
Finished building target: Uartronica_Control_Board.elf
 
arm-none-eabi-size  Uartronica_Control_Board.elf 
arm-none-eabi-objdump -h -S Uartronica_Control_Board.elf  > "Uartronica_Control_Board.list"
   text	   data	    bss	    dec	    hex	filename
  12756	     92	   2076	  14924	   3a4c	Uartronica_Control_Board.elf
Finished building: default.size.stdout
 
Finished building: Uartronica_Control_Board.list
 
15:17:24 **** Incremental Build of configuration Debug for project Uartronica_Control_Board ****
make -j4 all 
arm-none-eabi-gcc "../Core/Src/main.c" -mcpu=cortex-m4 -std=gnu11 -g3 -DDEBUG -DUSE_HAL_DRIVER -DSTM32F446xx -c -I../Core/Inc -I../Drivers/STM32F4xx_HAL_Driver/Inc -I../Drivers/STM32F4xx_HAL_Driver/Inc/Legacy -I../Drivers/CMSIS/Device/ST/STM32F4xx/Include -I../Drivers/CMSIS/Include -O0 -ffunction-sections -fdata-sections -Wall -fstack-usage -fcyclomatic-complexity -MMD -MP -MF"Core/Src/main.d" -MT"Core/Src/main.o" --specs=nano.specs -mfpu=fpv4-sp-d16 -mfloat-abi=hard -mthumb -o "Core/Src/main.o"
../Core/Src/main.c: In function 'main':
../Core/Src/main.c:186:60: warning: passing argument 2 of 'HAL_UART_Transmit' makes pointer from integer without a cast [-Wint-conversion]
  186 |                         HAL_UART_Transmit(&huart3, rxBuffer[0], 1, HAL_MAX_DELAY);
      |                                                    ~~~~~~~~^~~
      |                                                            |
      |                                                            uint8_t {aka unsigned char}
In file included from ../Core/Inc/stm32f4xx_hal_conf.h:411,
                 from ../Drivers/STM32F4xx_HAL_Driver/Inc/stm32f4xx_hal.h:29,
                 from ../Core/Inc/main.h:30,
                 from ../Core/Src/main.c:20:
../Drivers/STM32F4xx_HAL_Driver/Inc/stm32f4xx_hal_uart.h:745:79: note: expected 'const uint8_t *' {aka 'const unsigned char *'} but argument is of type 'uint8_t' {aka 'unsigned char'}
  745 | HAL_StatusTypeDef HAL_UART_Transmit(UART_HandleTypeDef *huart, const uint8_t *pData, uint16_t Size, uint32_t Timeout);
      |                                                                ~~~~~~~~~~~~~~~^~~~~
../Core/Src/main.c:187:60: warning: passing argument 2 of 'HAL_UART_Transmit' makes pointer from integer without a cast [-Wint-conversion]
  187 |                         HAL_UART_Transmit(&huart3, rxBuffer[1], 1, HAL_MAX_DELAY);
      |                                                    ~~~~~~~~^~~
      |                                                            |
      |                                                            uint8_t {aka unsigned char}
../Drivers/STM32F4xx_HAL_Driver/Inc/stm32f4xx_hal_uart.h:745:79: note: expected 'const uint8_t *' {aka 'const unsigned char *'} but argument is of type 'uint8_t' {aka 'unsigned char'}
  745 | HAL_StatusTypeDef HAL_UART_Transmit(UART_HandleTypeDef *huart, const uint8_t *pData, uint16_t Size, uint32_t Timeout);
      |                                                                ~~~~~~~~~~~~~~~^~~~~
[...]
      |                   ^~~~~~~~~~~~~~~~~
../Core/Src/main.c:427:25: error: too few arguments to function 'HAL_UART_Transmit'
  427 |                         HAL_UART_Transmit(huart, (uint8_t *)"Out: 10 -> 2");
      |                         ^~~~~~~~~~~~~~~~~
../Drivers/STM32F4xx_HAL_Driver/Inc/stm32f4xx_hal_uart.h:745:19: note: declared here
  745 | HAL_StatusTypeDef HAL_UART_Transmit(UART_HandleTypeDef *huart, const uint8_t *pData, uint16_t Size, uint32_t Timeout);
      |                   ^~~~~~~~~~~~~~~~~
../Core/Src/main.c:431:25: error: too few arguments to function 'HAL_UART_Transmit'
  431 |                         HAL_UART_Transmit(huart, (uint8_t *)"Out: 01 -> 1");
      |                         ^~~~~~~~~~~~~~~~~
../Drivers/STM32F4xx_HAL_Driver/Inc/stm32f4xx_hal_uart.h:745:19: note: declared here
  745 | HAL_StatusTypeDef HAL_UART_Transmit(UART_HandleTypeDef *huart, const uint8_t *pData, uint16_t Size, uint32_t Timeout);
      |                   ^~~~~~~~~~~~~~~~~
../Core/Src/main.c:433:25: error: too few arguments to function 'HAL_UART_Transmit'
  433 |                         HAL_UART_Transmit(huart, (uint8_t *)"Out: 00 -> 0");
      |                         ^~~~~~~~~~~~~~~~~
../Drivers/STM32F4xx_HAL_Driver/Inc/stm32f4xx_hal_uart.h:745:19: note: declared here
  745 | HAL_StatusTypeDef HAL_UART_Transmit(UART_HandleTypeDef *huart, const uint8_t *pData, uint16_t Size, uint32_t Timeout);
      |                   ^~~~~~~~~~~~~~~~~
make: *** [Core/Src/subdir.mk:34: Core/Src/main.o] Error 1
"make -j4 all" terminated with exit code 2. Build might be incomplete.
15:19:42 **** Incremental Build of configuration Debug for project Uatronica_Control_Board_DynamicUsage ****
make -j4 all 
arm-none-eabi-gcc "../Core/Src/main.c" -mcpu=cortex-m4 -std=gnu11 -g3 -DDEBUG -DUSE_HAL_DRIVER -DSTM32F446xx -c -I../Core/Inc -I../Drivers/STM32F4xx_HAL_Driver/Inc -I../Drivers/STM32F4xx_HAL_Driver/Inc/Legacy -I../Drivers/CMSIS/Device/ST/STM32F4xx/Include -I../Drivers/CMSIS/Include -O0 -ffunction-sections -fdata-sections -Wall -fstack-usage -fcyclomatic-complexity -MMD -MP -MF"Core/Src/main.d" -MT"Core/Src/main.o" --specs=nano.specs -mfpu=fpv4-sp-d16 -mfloat-abi=hard -mthumb -o "Core/Src/main.o"
arm-none-eabi-gcc -o "Uatronica_Control_Board_DynamicUsage.elf" @"objects.list"   -mcpu=cortex-m4 -T"C:\Users\Admin.ONTPC12\Desktop\UartxFirmwareRepo\UartxFirmware\Uatronica_Control_Board_DynamicUsage\STM32F446RETX_FLASH.ld" --specs=nosys.specs -Wl,-Map="Uatronica_Control_Board_DynamicUsage.map" -Wl,--gc-sections -static --specs=nano.specs -mfpu=fpv4-sp-d16 -mfloat-abi=hard -mthumb -Wl,--start-group -lc -lm -Wl,--end-group
Finished building target: Uatronica_Control_Board_DynamicUsage.elf
 
arm-none-eabi-size  Uatronica_Control_Board_DynamicUsage.elf 
arm-none-eabi-objdump -h -S Uatronica_Control_Board_DynamicUsage.elf  > "Uatronica_Control_Board_DynamicUsage.list"
   text	   data	    bss	    dec	    hex	filename
  21596	    104	   2696	  24396	   5f4c	Uatronica_Control_Board_DynamicUsage.elf
Finished building: default.size.stdout
 
Finished building: Uatronica_Control_Board_DynamicUsage.list
 
15:22:42 **** Incremental Build of configuration Debug for project Uatronica_Control_Board_DynamicUsage ****
make -j4 all 
arm-none-eabi-gcc "../Core/Src/main.c" -mcpu=cortex-m4 -std=gnu11 -g3 -DDEBUG -DUSE_HAL_DRIVER -DSTM32F446xx -c -I../Core/Inc -I../Drivers/STM32F4xx_HAL_Driver/Inc -I../Drivers/STM32F4xx_HAL_Driver/Inc/Legacy -I../Drivers/CMSIS/Device/ST/STM32F4xx/Include -I../Drivers/CMSIS/Include -O0 -ffunction-sections -fdata-sections -Wall -fstack-usage -fcyclomatic-complexity -MMD -MP -MF"Core/Src/main.d" -MT"Core/Src/main.o" --specs=nano.specs -mfpu=fpv4-sp-d16 -mfloat-abi=hard -mthumb -o "Core/Src/main.o"
arm-none-eabi-gcc -o "Uatronica_Control_Board_DynamicUsage.elf" @"objects.list"   -mcpu=cortex-m4 -T"C:\Users\Admin.ONTPC12\Desktop\UartxFirmwareRepo\UartxFirmware\Uatronica_Control_Board_DynamicUsage\STM32F446RETX_FLASH.ld" --specs=nosys.specs -Wl,-Map="Uatronica_Control_Board_DynamicUsage.map" -Wl,--gc-sections -static --specs=nano.specs -mfpu=fpv4-sp-d16 -mfloat-abi=hard -mthumb -Wl,--start-group -lc -lm -Wl,--end-group
Finished building target: Uatronica_Control_Board_DynamicUsage.elf
 
arm-none-eabi-size  Uatronica_Control_Board_DynamicUsage.elf 
arm-none-eabi-objdump -h -S Uatronica_Control_Board_DynamicUsage.elf  > "Uatronica_Control_Board_DynamicUsage.list"
   text	   data	    bss	    dec	    hex	filename
  21620	    104	   2696	  24420	   5f64	Uatronica_Control_Board_DynamicUsage.elf
Finished building: default.size.stdout
 
Finished building: Uatronica_Control_Board_DynamicUsage.list
 
15:25:32 **** Incremental Build of configuration Debug for project Uatronica_Control_Board_DynamicUsage ****
make -j4 all 
arm-none-eabi-gcc "../Core/Src/main.c" -mcpu=cortex-m4 -std=gnu11 -g3 -DDEBUG -DUSE_HAL_DRIVER -DSTM32F446xx -c -I../Core/Inc -I../Drivers/STM32F4xx_HAL_Driver/Inc -I../Drivers/STM32F4xx_HAL_Driver/Inc/Legacy -I../Drivers/CMSIS/Device/ST/STM32F4xx/Include -I../Drivers/CMSIS/Include -O0 -ffunction-sections -fdata-sections -Wall -fstack-usage -fcyclomatic-complexity -MMD -MP -MF"Core/Src/main.d" -MT"Core/Src/main.o" --specs=nano.specs -mfpu=fpv4-sp-d16 -mfloat-abi=hard -mthumb -o "Core/Src/main.o"
../Core/Src/main.c: In function 'process_command':
../Core/Src/main.c:548:17: error: too few arguments to function 'HAL_UART_Transmit'
  548 |                 HAL_UART_Transmit(huart, (uint8_t *)"Input only 2 Pins!");
      |                 ^~~~~~~~~~~~~~~~~
In file included from ../Core/Inc/stm32f4xx_hal_conf.h:411,
                 from ../Drivers/STM32F4xx_HAL_Driver/Inc/stm32f4xx_hal.h:29,
                 from ../Core/Inc/main.h:30,
                 from ../Core/Src/main.c:20:
../Drivers/STM32F4xx_HAL_Driver/Inc/stm32f4xx_hal_uart.h:745:19: note: declared here
  745 | HAL_StatusTypeDef HAL_UART_Transmit(UART_HandleTypeDef *huart, const uint8_t *pData, uint16_t Size, uint32_t Timeout);
      |                   ^~~~~~~~~~~~~~~~~
make: *** [Core/Src/subdir.mk:34: Core/Src/main.o] Error 1
"make -j4 all" terminated with exit code 2. Build might be incomplete.
15:25:53 **** Incremental Build of configuration Debug for project Uatronica_Control_Board_DynamicUsage ****
make -j4 all 
arm-none-eabi-gcc "../Core/Src/main.c" -mcpu=cortex-m4 -std=gnu11 -g3 -DDEBUG -DUSE_HAL_DRIVER -DSTM32F446xx -c -I../Core/Inc -I../Drivers/STM32F4xx_HAL_Driver/Inc -I../Drivers/STM32F4xx_HAL_Driver/Inc/Legacy -I../Drivers/CMSIS/Device/ST/STM32F4xx/Include -I../Drivers/CMSIS/Include -O0 -ffunction-sections -fdata-sections -Wall -fstack-usage -fcyclomatic-complexity -MMD -MP -MF"Core/Src/main.d" -MT"Core/Src/main.o" --specs=nano.specs -mfpu=fpv4-sp-d16 -mfloat-abi=hard -mthumb -o "Core/Src/main.o"
arm-none-eabi-gcc -o "Uatronica_Control_Board_DynamicUsage.elf" @"objects.list"   -mcpu=cortex-m4 -T"C:\Users\Admin.ONTPC12\Desktop\UartxFirmwareRepo\UartxFirmware\Uatronica_Control_Board_DynamicUsage\STM32F446RETX_FLASH.ld" --specs=nosys.specs -Wl,-Map="Uatronica_Control_Board_DynamicUsage.map" -Wl,--gc-sections -static --specs=nano.specs -mfpu=fpv4-sp-d16 -mfloat-abi=hard -mthumb -Wl,--start-group -lc -lm -Wl,--end-group
Finished building target: Uatronica_Control_Board_DynamicUsage.elf
 
arm-none-eabi-size  Uatronica_Control_Board_DynamicUsage.elf 
arm-none-eabi-objdump -h -S Uatronica_Control_Board_DynamicUsage.elf  > "Uatronica_Control_Board_DynamicUsage.list"
   text	   data	    bss	    dec	    hex	filename
  21656	    104	   2696	  24456	   5f88	Uatronica_Control_Board_DynamicUsage.elf
Finished building: default.size.stdout
 
Finished building: Uatronica_Control_Board_DynamicUsage.list
 
17:17:23 **** Incremental Build of configuration Debug for project Uatronica_Control_Board_DynamicUsage ****
make -j4 all 
arm-none-eabi-gcc "../Core/Src/main.c" -mcpu=cortex-m4 -std=gnu11 -g3 -DDEBUG -DUSE_HAL_DRIVER -DSTM32F446xx -c -I../Core/Inc -I../Drivers/STM32F4xx_HAL_Driver/Inc -I../Drivers/STM32F4xx_HAL_Driver/Inc/Legacy -I../Drivers/CMSIS/Device/ST/STM32F4xx/Include -I../Drivers/CMSIS/Include -O0 -ffunction-sections -fdata-sections -Wall -fstack-usage -fcyclomatic-complexity -MMD -MP -MF"Core/Src/main.d" -MT"Core/Src/main.o" --specs=nano.specs -mfpu=fpv4-sp-d16 -mfloat-abi=hard -mthumb -o "Core/Src/main.o"
../Core/Src/main.c:887:1: warning: "/*" within comment [-Wcomment]
  887 | /**
      |  
../Core/Src/main.c:897:3: warning: "/*" within comment [-Wcomment]
  897 |   /* USER CODE BEGIN 6 */
      |    
../Core/Src/main.c:902:8: warning: "/*" within comment [-Wcomment]
  902 | #endif /* USE_FULL_ASSERT */
      |         
../Core/Src/main.c:903:2: error: expected identifier or '(' before '/' token
  903 | */
      |  ^
make: *** [Core/Src/subdir.mk:34: Core/Src/main.o] Error 1
"make -j4 all" terminated with exit code 2. Build might be incomplete.
17:17:30 **** Incremental Build of configuration Debug for project Uatronica_Control_Board_DynamicUsage ****
make -j4 all 
arm-none-eabi-gcc "../Core/Src/main.c" -mcpu=cortex-m4 -std=gnu11 -g3 -DDEBUG -DUSE_HAL_DRIVER -DSTM32F446xx -c -I../Core/Inc -I../Drivers/STM32F4xx_HAL_Driver/Inc -I../Drivers/STM32F4xx_HAL_Driver/Inc/Legacy -I../Drivers/CMSIS/Device/ST/STM32F4xx/Include -I../Drivers/CMSIS/Include -O0 -ffunction-sections -fdata-sections -Wall -fstack-usage -fcyclomatic-complexity -MMD -MP -MF"Core/Src/main.d" -MT"Core/Src/main.o" --specs=nano.specs -mfpu=fpv4-sp-d16 -mfloat-abi=hard -mthumb -o "Core/Src/main.o"
../Core/Src/main.c:887:1: warning: "/*" within comment [-Wcomment]
  887 | /**
      |  
../Core/Src/main.c:897:3: warning: "/*" within comment [-Wcomment]
  897 |   /* USER CODE BEGIN 6 */
      |    
../Core/Src/main.c:902:8: warning: "/*" within comment [-Wcomment]
  902 | #endif /* USE_FULL_ASSERT */
      |         
arm-none-eabi-gcc -o "Uatronica_Control_Board_DynamicUsage.elf" @"objects.list"   -mcpu=cortex-m4 -T"C:\Users\Admin.ONTPC12\Desktop\UartxFirmwareRepo\UartxFirmware\Uatronica_Control_Board_DynamicUsage\STM32F446RETX_FLASH.ld" --specs=nosys.specs -Wl,-Map="Uatronica_Control_Board_DynamicUsage.map" -Wl,--gc-sections -static --specs=nano.specs -mfpu=fpv4-sp-d16 -mfloat-abi=hard -mthumb -Wl,--start-group -lc -lm -Wl,--end-group
Finished building target: Uatronica_Control_Board_DynamicUsage.elf
 
arm-none-eabi-size  Uatronica_Control_Board_DynamicUsage.elf 
arm-none-eabi-objdump -h -S Uatronica_Control_Board_DynamicUsage.elf  > "Uatronica_Control_Board_DynamicUsage.list"
   text	   data	    bss	    dec	    hex	filename
  21816	    104	   2696	  24616	   6028	Uatronica_Control_Board_DynamicUsage.elf
Finished building: default.size.stdout
 
Finished building: Uatronica_Control_Board_DynamicUsage.list
 
18:09:28 **** Incremental Build of configuration Debug for project Uatronica_Control_Board_DynamicUsage ****
make -j4 all 
arm-none-eabi-gcc "../Core/Src/main.c" -mcpu=cortex-m4 -std=gnu11 -g3 -DDEBUG -DUSE_HAL_DRIVER -DSTM32F446xx -c -I../Core/Inc -I../Drivers/STM32F4xx_HAL_Driver/Inc -I../Drivers/STM32F4xx_HAL_Driver/Inc/Legacy -I../Drivers/CMSIS/Device/ST/STM32F4xx/Include -I../Drivers/CMSIS/Include -O0 -ffunction-sections -fdata-sections -Wall -fstack-usage -fcyclomatic-complexity -MMD -MP -MF"Core/Src/main.d" -MT"Core/Src/main.o" --specs=nano.specs -mfpu=fpv4-sp-d16 -mfloat-abi=hard -mthumb -o "Core/Src/main.o"
../Core/Src/main.c: In function 'configure_pins':
../Core/Src/main.c:261:18: warning: implicit declaration of function 'isdigit' [-Wimplicit-function-declaration]
  261 |             if (!isdigit(*c)) {
      |                  ^~~~~~~
../Core/Src/main.c:28:1: note: include '<ctype.h>' or provide a declaration of 'isdigit'
   27 | #include <stdbool.h>
  +++ |+#include <ctype.h>
   28 | /* USER CODE END Includes */
arm-none-eabi-gcc -o "Uatronica_Control_Board_DynamicUsage.elf" @"objects.list"   -mcpu=cortex-m4 -T"C:\Users\Admin.ONTPC12\Desktop\UartxFirmwareRepo\UartxFirmware\Uatronica_Control_Board_DynamicUsage\STM32F446RETX_FLASH.ld" --specs=nosys.specs -Wl,-Map="Uatronica_Control_Board_DynamicUsage.map" -Wl,--gc-sections -static --specs=nano.specs -mfpu=fpv4-sp-d16 -mfloat-abi=hard -mthumb -Wl,--start-group -lc -lm -Wl,--end-group
Finished building target: Uatronica_Control_Board_DynamicUsage.elf
 
arm-none-eabi-size  Uatronica_Control_Board_DynamicUsage.elf 
arm-none-eabi-objdump -h -S Uatronica_Control_Board_DynamicUsage.elf  > "Uatronica_Control_Board_DynamicUsage.list"
   text	   data	    bss	    dec	    hex	filename
  21296	    104	   2608	  24008	   5dc8	Uatronica_Control_Board_DynamicUsage.elf
Finished building: default.size.stdout
 
Finished building: Uatronica_Control_Board_DynamicUsage.list
 
18:14:40 **** Incremental Build of configuration Debug for project Uatronica_Control_Board_DynamicUsage ****
make -j4 all 
arm-none-eabi-gcc "../Core/Src/main.c" -mcpu=cortex-m4 -std=gnu11 -g3 -DDEBUG -DUSE_HAL_DRIVER -DSTM32F446xx -c -I../Core/Inc -I../Drivers/STM32F4xx_HAL_Driver/Inc -I../Drivers/STM32F4xx_HAL_Driver/Inc/Legacy -I../Drivers/CMSIS/Device/ST/STM32F4xx/Include -I../Drivers/CMSIS/Include -O0 -ffunction-sections -fdata-sections -Wall -fstack-usage -fcyclomatic-complexity -MMD -MP -MF"Core/Src/main.d" -MT"Core/Src/main.o" --specs=nano.specs -mfpu=fpv4-sp-d16 -mfloat-abi=hard -mthumb -o "Core/Src/main.o"
In file included from ../Core/Src/main.c:28:
../Core/Src/main.c: In function 'configure_pins':
../Core/Src/main.c:263:26: warning: array subscript has type 'char' [-Wchar-subscripts]
  263 |             if (!isdigit(*c)) {
      |                          ^~
arm-none-eabi-gcc -o "Uatronica_Control_Board_DynamicUsage.elf" @"objects.list"   -mcpu=cortex-m4 -T"C:\Users\Admin.ONTPC12\Desktop\UartxFirmwareRepo\UartxFirmware\Uatronica_Control_Board_DynamicUsage\STM32F446RETX_FLASH.ld" --specs=nosys.specs -Wl,-Map="Uatronica_Control_Board_DynamicUsage.map" -Wl,--gc-sections -static --specs=nano.specs -mfpu=fpv4-sp-d16 -mfloat-abi=hard -mthumb -Wl,--start-group -lc -lm -Wl,--end-group
Finished building target: Uatronica_Control_Board_DynamicUsage.elf
 
arm-none-eabi-size  Uatronica_Control_Board_DynamicUsage.elf 
arm-none-eabi-objdump -h -S Uatronica_Control_Board_DynamicUsage.elf  > "Uatronica_Control_Board_DynamicUsage.list"
   text	   data	    bss	    dec	    hex	filename
  21312	    104	   2608	  24024	   5dd8	Uatronica_Control_Board_DynamicUsage.elf
Finished building: default.size.stdout
 
Finished building: Uatronica_Control_Board_DynamicUsage.list
 
18:36:48 **** Incremental Build of configuration Debug for project Uatronica_Control_Board_DynamicUsage ****
make -j4 all 
arm-none-eabi-gcc "../Core/Src/main.c" -mcpu=cortex-m4 -std=gnu11 -g3 -DDEBUG -DUSE_HAL_DRIVER -DSTM32F446xx -c -I../Core/Inc -I../Drivers/STM32F4xx_HAL_Driver/Inc -I../Drivers/STM32F4xx_HAL_Driver/Inc/Legacy -I../Drivers/CMSIS/Device/ST/STM32F4xx/Include -I../Drivers/CMSIS/Include -O0 -ffunction-sections -fdata-sections -Wall -fstack-usage -fcyclomatic-complexity -MMD -MP -MF"Core/Src/main.d" -MT"Core/Src/main.o" --specs=nano.specs -mfpu=fpv4-sp-d16 -mfloat-abi=hard -mthumb -o "Core/Src/main.o"
../Core/Src/main.c: In function 'configure_pins':
../Core/Src/main.c:261:18: warning: implicit declaration of function 'isdigit' [-Wimplicit-function-declaration]
  261 |             if (!isdigit(*c)) {
      |                  ^~~~~~~
../Core/Src/main.c:28:1: note: include '<ctype.h>' or provide a declaration of 'isdigit'
   27 | #include <stdbool.h>
  +++ |+#include <ctype.h>
   28 | /* USER CODE END Includes */
arm-none-eabi-gcc -o "Uatronica_Control_Board_DynamicUsage.elf" @"objects.list"   -mcpu=cortex-m4 -T"C:\Users\Admin.ONTPC12\Desktop\UartxFirmwareRepo\UartxFirmware\Uatronica_Control_Board_DynamicUsage\STM32F446RETX_FLASH.ld" --specs=nosys.specs -Wl,-Map="Uatronica_Control_Board_DynamicUsage.map" -Wl,--gc-sections -static --specs=nano.specs -mfpu=fpv4-sp-d16 -mfloat-abi=hard -mthumb -Wl,--start-group -lc -lm -Wl,--end-group
Finished building target: Uatronica_Control_Board_DynamicUsage.elf
 
arm-none-eabi-size  Uatronica_Control_Board_DynamicUsage.elf 
arm-none-eabi-objdump -h -S Uatronica_Control_Board_DynamicUsage.elf  > "Uatronica_Control_Board_DynamicUsage.list"
   text	   data	    bss	    dec	    hex	filename
  21396	    104	   2608	  24108	   5e2c	Uatronica_Control_Board_DynamicUsage.elf
Finished building: default.size.stdout
 
Finished building: Uatronica_Control_Board_DynamicUsage.list
 
18:37:18 **** Incremental Build of configuration Debug for project Uatronica_Control_Board_DynamicUsage ****
make -j4 all 
arm-none-eabi-gcc "../Core/Src/main.c" -mcpu=cortex-m4 -std=gnu11 -g3 -DDEBUG -DUSE_HAL_DRIVER -DSTM32F446xx -c -I../Core/Inc -I../Drivers/STM32F4xx_HAL_Driver/Inc -I../Drivers/STM32F4xx_HAL_Driver/Inc/Legacy -I../Drivers/CMSIS/Device/ST/STM32F4xx/Include -I../Drivers/CMSIS/Include -O0 -ffunction-sections -fdata-sections -Wall -fstack-usage -fcyclomatic-complexity -MMD -MP -MF"Core/Src/main.d" -MT"Core/Src/main.o" --specs=nano.specs -mfpu=fpv4-sp-d16 -mfloat-abi=hard -mthumb -o "Core/Src/main.o"
In file included from ../Core/Src/main.c:28:
../Core/Src/main.c: In function 'configure_pins':
../Core/Src/main.c:263:26: warning: array subscript has type 'char' [-Wchar-subscripts]
  263 |             if (!isdigit(*c)) {
      |                          ^~
arm-none-eabi-gcc -o "Uatronica_Control_Board_DynamicUsage.elf" @"objects.list"   -mcpu=cortex-m4 -T"C:\Users\Admin.ONTPC12\Desktop\UartxFirmwareRepo\UartxFirmware\Uatronica_Control_Board_DynamicUsage\STM32F446RETX_FLASH.ld" --specs=nosys.specs -Wl,-Map="Uatronica_Control_Board_DynamicUsage.map" -Wl,--gc-sections -static --specs=nano.specs -mfpu=fpv4-sp-d16 -mfloat-abi=hard -mthumb -Wl,--start-group -lc -lm -Wl,--end-group
Finished building target: Uatronica_Control_Board_DynamicUsage.elf
 
arm-none-eabi-size  Uatronica_Control_Board_DynamicUsage.elf 
arm-none-eabi-objdump -h -S Uatronica_Control_Board_DynamicUsage.elf  > "Uatronica_Control_Board_DynamicUsage.list"
   text	   data	    bss	    dec	    hex	filename
  21412	    104	   2608	  24124	   5e3c	Uatronica_Control_Board_DynamicUsage.elf
Finished building: default.size.stdout
 
Finished building: Uatronica_Control_Board_DynamicUsage.list
 
18:38:02 **** Incremental Build of configuration Debug for project Uatronica_Control_Board_DynamicUsage ****
make -j4 all 
arm-none-eabi-gcc "../Core/Src/main.c" -mcpu=cortex-m4 -std=gnu11 -g3 -DDEBUG -DUSE_HAL_DRIVER -DSTM32F446xx -c -I../Core/Inc -I../Drivers/STM32F4xx_HAL_Driver/Inc -I../Drivers/STM32F4xx_HAL_Driver/Inc/Legacy -I../Drivers/CMSIS/Device/ST/STM32F4xx/Include -I../Drivers/CMSIS/Include -O0 -ffunction-sections -fdata-sections -Wall -fstack-usage -fcyclomatic-complexity -MMD -MP -MF"Core/Src/main.d" -MT"Core/Src/main.o" --specs=nano.specs -mfpu=fpv4-sp-d16 -mfloat-abi=hard -mthumb -o "Core/Src/main.o"
In file included from ../Core/Src/main.c:28:
../Core/Src/main.c: In function 'configure_pins':
../Core/Src/main.c:262:26: warning: array subscript has type 'char' [-Wchar-subscripts]
  262 |             if (!isdigit(*c)) {
      |                          ^~
arm-none-eabi-gcc -o "Uatronica_Control_Board_DynamicUsage.elf" @"objects.list"   -mcpu=cortex-m4 -T"C:\Users\Admin.ONTPC12\Desktop\UartxFirmwareRepo\UartxFirmware\Uatronica_Control_Board_DynamicUsage\STM32F446RETX_FLASH.ld" --specs=nosys.specs -Wl,-Map="Uatronica_Control_Board_DynamicUsage.map" -Wl,--gc-sections -static --specs=nano.specs -mfpu=fpv4-sp-d16 -mfloat-abi=hard -mthumb -Wl,--start-group -lc -lm -Wl,--end-group
Finished building target: Uatronica_Control_Board_DynamicUsage.elf
 
arm-none-eabi-size  Uatronica_Control_Board_DynamicUsage.elf 
arm-none-eabi-objdump -h -S Uatronica_Control_Board_DynamicUsage.elf  > "Uatronica_Control_Board_DynamicUsage.list"
   text	   data	    bss	    dec	    hex	filename
  21412	    104	   2608	  24124	   5e3c	Uatronica_Control_Board_DynamicUsage.elf
Finished building: default.size.stdout
 
Finished building: Uatronica_Control_Board_DynamicUsage.list
 
