17:17:30 **** Incremental Build of configuration Debug for project Uatronica_Control_Board_DynamicUsage ****
make -j4 all 
arm-none-eabi-gcc "../Core/Src/main.c" -mcpu=cortex-m4 -std=gnu11 -g3 -DDEBUG -DUSE_HAL_DRIVER -DSTM32F446xx -c -I../Core/Inc -I../Drivers/STM32F4xx_HAL_Driver/Inc -I../Drivers/STM32F4xx_HAL_Driver/Inc/Legacy -I../Drivers/CMSIS/Device/ST/STM32F4xx/Include -I../Drivers/CMSIS/Include -O0 -ffunction-sections -fdata-sections -Wall -fstack-usage -fcyclomatic-complexity -MMD -MP -MF"Core/Src/main.d" -MT"Core/Src/main.o" --specs=nano.specs -mfpu=fpv4-sp-d16 -mfloat-abi=hard -mthumb -o "Core/Src/main.o"
../Core/Src/main.c:887:1: warning: "/*" within comment [-Wcomment]
  887 | /**
      |  
../Core/Src/main.c:897:3: warning: "/*" within comment [-Wcomment]
  897 |   /* USER CODE BEGIN 6 */
      |    
../Core/Src/main.c:902:8: warning: "/*" within comment [-Wcomment]
  902 | #endif /* USE_FULL_ASSERT */
      |         
arm-none-eabi-gcc -o "Uatronica_Control_Board_DynamicUsage.elf" @"objects.list"   -mcpu=cortex-m4 -T"C:\Users\Admin.ONTPC12\Desktop\UartxFirmwareRepo\UartxFirmware\Uatronica_Control_Board_DynamicUsage\STM32F446RETX_FLASH.ld" --specs=nosys.specs -Wl,-Map="Uatronica_Control_Board_DynamicUsage.map" -Wl,--gc-sections -static --specs=nano.specs -mfpu=fpv4-sp-d16 -mfloat-abi=hard -mthumb -Wl,--start-group -lc -lm -Wl,--end-group
Finished building target: Uatronica_Control_Board_DynamicUsage.elf
 
arm-none-eabi-size  Uatronica_Control_Board_DynamicUsage.elf 
arm-none-eabi-objdump -h -S Uatronica_Control_Board_DynamicUsage.elf  > "Uatronica_Control_Board_DynamicUsage.list"
   text	   data	    bss	    dec	    hex	filename
  21816	    104	   2696	  24616	   6028	Uatronica_Control_Board_DynamicUsage.elf
Finished building: default.size.stdout
 
Finished building: Uatronica_Control_Board_DynamicUsage.list
 

17:17:31 Build Finished. 0 errors, 3 warnings. (took 1s.23ms)

